
> splice@0.1.0 test /Users/darhlilove/Documents/Production Apps/Others/splice
> vitest --run


[1m[46m RUN [49m[22m [36mv4.0.9 [39m[90m/Users/darhlilove/Documents/Production Apps/Others/splice[39m

 [31m❯[39m tests/body-validation.test.ts [2m([22m[2m20 tests[22m[2m | [22m[31m19 failed[39m[2m)[22m[32m 13[2mms[22m[39m
[31m       [31m×[31m should fail when required body is empty string[39m[32m 4[2mms[22m[39m
[31m       [31m×[31m should pass when optional body is empty[39m[32m 0[2mms[22m[39m
[31m       [31m×[31m should fail when JSON syntax is invalid[39m[32m 0[2mms[22m[39m
[31m       [31m×[31m should pass when JSON syntax is valid[39m[32m 1[2mms[22m[39m
[31m       [31m×[31m should fail when type does not match schema[39m[32m 0[2mms[22m[39m
[31m       [31m×[31m should pass when type matches schema[39m[32m 0[2mms[22m[39m
[31m       [31m×[31m should fail when string is too short[39m[32m 0[2mms[22m[39m
[31m       [31m×[31m should fail when string is too long[39m[32m 0[2mms[22m[39m
[31m       [31m×[31m should fail when string does not match pattern[39m[32m 0[2mms[22m[39m
[31m       [31m×[31m should fail when string not in enum[39m[32m 0[2mms[22m[39m
[31m       [31m×[31m should validate number properties in object[39m[32m 0[2mms[22m[39m
[31m       [31m×[31m should fail when required property is missing[39m[32m 0[2mms[22m[39m
[31m       [31m×[31m should validate nested properties[39m[32m 0[2mms[22m[39m
[31m       [31m×[31m should pass when all required properties are present[39m[32m 0[2mms[22m[39m
[31m       [31m×[31m should fail when array has too few items[39m[32m 0[2mms[22m[39m
[31m       [31m×[31m should fail when array has too many items[39m[32m 0[2mms[22m[39m
[31m       [31m×[31m should validate array items[39m[32m 0[2mms[22m[39m
[31m       [31m×[31m should pass when array is valid[39m[32m 0[2mms[22m[39m
[31m       [31m×[31m should validate form data object[39m[32m 3[2mms[22m[39m
       [32m✓[39m should pass when form data is valid[32m 0[2mms[22m[39m
 [31m❯[39m tests/mock-server-manager.test.ts [2m([22m[2m17 tests[22m[2m | [22m[31m8 failed[39m[2m)[22m[32m 24[2mms[22m[39m
       [32m✓[39m should detect when Prism is not installed[32m 1[2mms[22m[39m
       [32m✓[39m should provide installation instructions when not installed[32m 0[2mms[22m[39m
       [32m✓[39m should find available port in range[32m 1[2mms[22m[39m
       [32m✓[39m should skip occupied ports and find next available[32m 1[2mms[22m[39m
       [32m✓[39m should throw error when no ports available in range[32m 1[2mms[22m[39m
       [32m✓[39m should throw error after max retry attempts[32m 0[2mms[22m[39m
       [32m✓[39m should return null for non-existent server[32m 0[2mms[22m[39m
[31m       [31m×[31m should track server state during lifecycle[39m[32m 5[2mms[22m[39m
[31m       [31m×[31m should return all servers[39m[32m 1[2mms[22m[39m
[31m       [31m×[31m should spawn Prism process with correct arguments[39m[32m 0[2mms[22m[39m
[31m       [31m×[31m should return existing server if already running[39m[32m 1[2mms[22m[39m
       [32m✓[39m should throw error when Prism is not installed[32m 0[2mms[22m[39m
[31m       [31m×[31m should handle process spawn errors[39m[32m 7[2mms[22m[39m
[31m       [31m×[31m should handle Prism startup errors[39m[32m 2[2mms[22m[39m
[31m       [31m×[31m should update state to error on startup failure[39m[32m 1[2mms[22m[39m
       [32m✓[39m should throw error when stopping non-existent server[32m 0[2mms[22m[39m
[31m       [31m×[31m should stop running server[39m[32m 1[2mms[22m[39m
[90mstdout[2m | tests/quick-demo.test.tsx[2m > [22m[2mQuickDemo Component[2m > [22m[2mstarts demo when Start Demo button is clicked
[22m[39m[QuickDemo] Loaded Petstore spec

 [31m❯[39m tests/spec-selector.test.tsx [2m([22m[2m2 tests[22m[2m | [22m[31m1 failed[39m[2m)[22m[32m 134[2mms[22m[39m
     [32m✓[39m displays current spec name and version[32m 111[2mms[22m[39m
[31m     [31m×[31m displays 'No spec selected' when no current spec[39m[32m 21[2mms[22m[39m
[90mstdout[2m | tests/quick-demo.test.tsx[2m > [22m[2mQuickDemo Component[2m > [22m[2mcalls onExit when exit button is clicked
[22m[39m[QuickDemo] Loaded Petstore spec

 [32m✓[39m tests/workflow-integration.test.tsx [2m([22m[2m10 tests[22m[2m)[22m[33m 615[2mms[22m[39m
       [33m[2m✓[22m[39m persists state to sessionStorage [33m 529[2mms[22m[39m
[90mstderr[2m | tests/quick-demo.test.tsx[2m > [22m[2mQuickDemo Component[2m > [22m[2mdisplays error message when demo fails
[22m[39m[QuickDemo] Failed to load spec: Error: Network error
    at [90m/Users/darhlilove/Documents/Production Apps/Others/splice/[39mtests/quick-demo.test.tsx:140:49
    at [90mfile:///Users/darhlilove/Documents/Production%20Apps/Others/splice/[39mnode_modules/[4m.pnpm[24m/@vitest+runner@4.0.9/node_modules/[4m@vitest[24m/runner/dist/index.js:157:11
    at [90mfile:///Users/darhlilove/Documents/Production%20Apps/Others/splice/[39mnode_modules/[4m.pnpm[24m/@vitest+runner@4.0.9/node_modules/[4m@vitest[24m/runner/dist/index.js:753:26
    at [90mfile:///Users/darhlilove/Documents/Production%20Apps/Others/splice/[39mnode_modules/[4m.pnpm[24m/@vitest+runner@4.0.9/node_modules/[4m@vitest[24m/runner/dist/index.js:1636:20
    at new Promise (<anonymous>)
    at runWithTimeout [90m(file:///Users/darhlilove/Documents/Production%20Apps/Others/splice/[39mnode_modules/[4m.pnpm[24m/@vitest+runner@4.0.9/node_modules/[4m@vitest[24m/runner/dist/index.js:1602:10[90m)[39m
    at runTest [90m(file:///Users/darhlilove/Documents/Production%20Apps/Others/splice/[39mnode_modules/[4m.pnpm[24m/@vitest+runner@4.0.9/node_modules/[4m@vitest[24m/runner/dist/index.js:1309:12[90m)[39m
    at runSuite [90m(file:///Users/darhlilove/Documents/Production%20Apps/Others/splice/[39mnode_modules/[4m.pnpm[24m/@vitest+runner@4.0.9/node_modules/[4m@vitest[24m/runner/dist/index.js:1468:8[90m)[39m
    at runSuite [90m(file:///Users/darhlilove/Documents/Production%20Apps/Others/splice/[39mnode_modules/[4m.pnpm[24m/@vitest+runner@4.0.9/node_modules/[4m@vitest[24m/runner/dist/index.js:1468:8[90m)[39m
    at runFiles [90m(file:///Users/darhlilove/Documents/Production%20Apps/Others/splice/[39mnode_modules/[4m.pnpm[24m/@vitest+runner@4.0.9/node_modules/[4m@vitest[24m/runner/dist/index.js:1526:3[90m)[39m

[90mstderr[2m | tests/quick-demo.test.tsx[2m > [22m[2mQuickDemo Component[2m > [22m[2mdisplays error message when demo fails
[22m[39m[QuickDemo] Demo failed: Error: Failed to load sample specification
    at Object.action [90m(/Users/darhlilove/Documents/Production Apps/Others/splice/[39mapps/web/components/QuickDemo.tsx:86:13[90m)[39m
    at [90m/Users/darhlilove/Documents/Production Apps/Others/splice/[39mapps/web/components/QuickDemo.tsx:302:9

[90mstdout[2m | tests/quick-demo.test.tsx[2m > [22m[2mQuickDemo Component[2m > [22m[2mshows completion message when demo finishes
[22m[39m[QuickDemo] Loaded Petstore spec

 [32m✓[39m tests/request-preview.test.tsx [2m([22m[2m15 tests[22m[2m)[22m[33m 2491[2mms[22m[39m
       [33m[2m✓[22m[39m should replace path parameters in URL [33m 326[2mms[22m[39m
       [33m[2m✓[22m[39m should append query parameters to URL [33m 337[2mms[22m[39m
       [33m[2m✓[22m[39m should handle array query parameters [33m 348[2mms[22m[39m
       [33m[2m✓[22m[39m should show header count badge after debounce [33m 347[2mms[22m[39m
       [33m[2m✓[22m[39m should include authentication header in count after debounce [33m 314[2mms[22m[39m
       [33m[2m✓[22m[39m should include Content-Type header when contentType is provided after debounce [33m 322[2mms[22m[39m
       [33m[2m✓[22m[39m should update URL after debounce period [33m 318[2mms[22m[39m
[90mstderr[2m | tests/sdk-code-preview.test.tsx[2m > [22m[2mSdkCodePreview[2m > [22m[2mCopy to Clipboard[2m > [22m[2mshould handle copy errors gracefully - Requirements: 3.5
[22m[39mFailed to copy code: Error: Copy failed
    at [90m/Users/darhlilove/Documents/Production Apps/Others/splice/[39mtests/sdk-code-preview.test.tsx:189:55
    at [90mfile:///Users/darhlilove/Documents/Production%20Apps/Others/splice/[39mnode_modules/[4m.pnpm[24m/@vitest+runner@4.0.9/node_modules/[4m@vitest[24m/runner/dist/index.js:157:11
    at [90mfile:///Users/darhlilove/Documents/Production%20Apps/Others/splice/[39mnode_modules/[4m.pnpm[24m/@vitest+runner@4.0.9/node_modules/[4m@vitest[24m/runner/dist/index.js:753:26
    at [90mfile:///Users/darhlilove/Documents/Production%20Apps/Others/splice/[39mnode_modules/[4m.pnpm[24m/@vitest+runner@4.0.9/node_modules/[4m@vitest[24m/runner/dist/index.js:1636:20
    at new Promise (<anonymous>)
    at runWithTimeout [90m(file:///Users/darhlilove/Documents/Production%20Apps/Others/splice/[39mnode_modules/[4m.pnpm[24m/@vitest+runner@4.0.9/node_modules/[4m@vitest[24m/runner/dist/index.js:1602:10[90m)[39m
    at runTest [90m(file:///Users/darhlilove/Documents/Production%20Apps/Others/splice/[39mnode_modules/[4m.pnpm[24m/@vitest+runner@4.0.9/node_modules/[4m@vitest[24m/runner/dist/index.js:1309:12[90m)[39m
    at runSuite [90m(file:///Users/darhlilove/Documents/Production%20Apps/Others/splice/[39mnode_modules/[4m.pnpm[24m/@vitest+runner@4.0.9/node_modules/[4m@vitest[24m/runner/dist/index.js:1468:8[90m)[39m
    at runSuite [90m(file:///Users/darhlilove/Documents/Production%20Apps/Others/splice/[39mnode_modules/[4m.pnpm[24m/@vitest+runner@4.0.9/node_modules/[4m@vitest[24m/runner/dist/index.js:1468:8[90m)[39m
    at runSuite [90m(file:///Users/darhlilove/Documents/Production%20Apps/Others/splice/[39mnode_modules/[4m.pnpm[24m/@vitest+runner@4.0.9/node_modules/[4m@vitest[24m/runner/dist/index.js:1468:8[90m)[39m

 [32m✓[39m tests/performance-optimization.test.ts [2m([22m[2m7 tests[22m[2m)[22m[33m 439[2mms[22m[39m
       [33m[2m✓[22m[39m should debounce rapid format changes [33m 404[2mms[22m[39m
[90mstderr[2m | tests/sdk-download-section.test.tsx[2m > [22m[2mSdkDownloadSection[2m > [22m[2mDownload Button[2m > [22m[2mshould set filename to package name - Requirements: 4.2
[22m[39mDownload error: TypeError: Cannot read properties of undefined (reading 'length')
    at Function.isInclusiveAncestor [90m(file:///Users/darhlilove/Documents/Production%20Apps/Others/splice/[39mnode_modules/[4m.pnpm[24m/happy-dom@20.0.10/node_modules/[4mhappy-dom[24m/lib/nodes/node/NodeUtility.js:35:53[90m)[39m
    at HTMLBodyElement.[appendChild] [90m(file:///Users/darhlilove/Documents/Production%20Apps/Others/splice/[39mnode_modules/[4m.pnpm[24m/happy-dom@20.0.10/node_modules/[4mhappy-dom[24m/lib/nodes/node/Node.js:381:29[90m)[39m
    at HTMLBodyElement.[appendChild] [90m(file:///Users/darhlilove/Documents/Production%20Apps/Others/splice/[39mnode_modules/[4m.pnpm[24m/happy-dom@20.0.10/node_modules/[4mhappy-dom[24m/lib/nodes/element/Element.js:999:62[90m)[39m
    at HTMLBodyElement.appendChild [90m(file:///Users/darhlilove/Documents/Production%20Apps/Others/splice/[39mnode_modules/[4m.pnpm[24m/happy-dom@20.0.10/node_modules/[4mhappy-dom[24m/lib/nodes/node/Node.js:297:48[90m)[39m
    at handleDownload [90m(/Users/darhlilove/Documents/Production Apps/Others/splice/[39mapps/web/components/SdkDownloadSection.tsx:90:21[90m)[39m

[90mstderr[2m | tests/sdk-download-section.test.tsx[2m > [22m[2mSdkDownloadSection[2m > [22m[2mDownload Button[2m > [22m[2mshould handle download errors - Requirements: 4.2
[22m[39mDownload error: Error: Download failed: Not Found
    at handleDownload [90m(/Users/darhlilove/Documents/Production Apps/Others/splice/[39mapps/web/components/SdkDownloadSection.tsx:77:15[90m)[39m

 [32m✓[39m tests/sdk-download-section.test.tsx [2m([22m[2m18 tests[22m[2m)[22m[33m 519[2mms[22m[39m
DOMException [AbortError]: The operation was aborted.
    at Fetch.onAsyncTaskManagerAbort (file:///Users/darhlilove/Documents/Production%20Apps/Others/splice/node_modules/.pnpm/happy-dom@20.0.10/node_modules/happy-dom/lib/fetch/Fetch.js:546:23)
    at Object.<anonymous> (file:///Users/darhlilove/Documents/Production%20Apps/Others/splice/node_modules/.pnpm/happy-dom@20.0.10/node_modules/happy-dom/lib/fetch/Fetch.js:416:101)
    at AsyncTaskManager.abortAll (file:///Users/darhlilove/Documents/Production%20Apps/Others/splice/node_modules/.pnpm/happy-dom@20.0.10/node_modules/happy-dom/lib/async-task-manager/AsyncTaskManager.js:292:30)
    at AsyncTaskManager.abort (file:///Users/darhlilove/Documents/Production%20Apps/Others/splice/node_modules/.pnpm/happy-dom@20.0.10/node_modules/happy-dom/lib/async-task-manager/AsyncTaskManager.js:52:21)
    at DetachedBrowserFrame.abort (file:///Users/darhlilove/Documents/Production%20Apps/Others/splice/node_modules/.pnpm/happy-dom@20.0.10/node_modules/happy-dom/lib/browser/detached-browser/DetachedBrowserFrame.js:112:58)
    at DetachedWindowAPI.abort (file:///Users/darhlilove/Documents/Production%20Apps/Others/splice/node_modules/.pnpm/happy-dom@20.0.10/node_modules/happy-dom/lib/window/DetachedWindowAPI.js:51:35)
    at teardownWindow (file:///Users/darhlilove/Documents/Production%20Apps/Others/splice/node_modules/.pnpm/vitest@4.0.9_@types+debug@4.1.12_@types+node@20.19.25_@vitest+ui@4.0.9_happy-dom@20.0.1_7c72bdaaa4a9e746b667d8dd70ab3981/node_modules/vitest/dist/chunks/index.BfmpdV5p.js:331:22)
    at Object.teardown (file:///Users/darhlilove/Documents/Production%20Apps/Others/splice/node_modules/.pnpm/vitest@4.0.9_@types+debug@4.1.12_@types+node@20.19.25_@vitest+ui@4.0.9_happy-dom@20.0.1_7c72bdaaa4a9e746b667d8dd70ab3981/node_modules/vitest/dist/chunks/index.BfmpdV5p.js:392:10)
    at file:///Users/darhlilove/Documents/Production%20Apps/Others/splice/node_modules/.pnpm/vitest@4.0.9_@types+debug@4.1.12_@types+node@20.19.25_@vitest+ui@4.0.9_happy-dom@20.0.1_7c72bdaaa4a9e746b667d8dd70ab3981/node_modules/vitest/dist/chunks/base.CiIV2DDC.js:114:13
    at process.onMessage (file:///Users/darhlilove/Documents/Production%20Apps/Others/splice/node_modules/.pnpm/vitest@4.0.9_@types+debug@4.1.12_@types+node@20.19.25_@vitest+ui@4.0.9_happy-dom@20.0.1_7c72bdaaa4a9e746b667d8dd70ab3981/node_modules/vitest/dist/chunks/init.BQhNfT0h.js:264:28)
DOMException [AbortError]: The operation was aborted.
    at Fetch.onAsyncTaskManagerAbort (file:///Users/darhlilove/Documents/Production%20Apps/Others/splice/node_modules/.pnpm/happy-dom@20.0.10/node_modules/happy-dom/lib/fetch/Fetch.js:546:23)
    at Object.<anonymous> (file:///Users/darhlilove/Documents/Production%20Apps/Others/splice/node_modules/.pnpm/happy-dom@20.0.10/node_modules/happy-dom/lib/fetch/Fetch.js:416:101)
    at AsyncTaskManager.abortAll (file:///Users/darhlilove/Documents/Production%20Apps/Others/splice/node_modules/.pnpm/happy-dom@20.0.10/node_modules/happy-dom/lib/async-task-manager/AsyncTaskManager.js:292:30)
    at AsyncTaskManager.abort (file:///Users/darhlilove/Documents/Production%20Apps/Others/splice/node_modules/.pnpm/happy-dom@20.0.10/node_modules/happy-dom/lib/async-task-manager/AsyncTaskManager.js:52:21)
    at DetachedBrowserFrame.abort (file:///Users/darhlilove/Documents/Production%20Apps/Others/splice/node_modules/.pnpm/happy-dom@20.0.10/node_modules/happy-dom/lib/browser/detached-browser/DetachedBrowserFrame.js:112:58)
    at DetachedWindowAPI.abort (file:///Users/darhlilove/Documents/Production%20Apps/Others/splice/node_modules/.pnpm/happy-dom@20.0.10/node_modules/happy-dom/lib/window/DetachedWindowAPI.js:51:35)
    at teardownWindow (file:///Users/darhlilove/Documents/Production%20Apps/Others/splice/node_modules/.pnpm/vitest@4.0.9_@types+debug@4.1.12_@types+node@20.19.25_@vitest+ui@4.0.9_happy-dom@20.0.1_7c72bdaaa4a9e746b667d8dd70ab3981/node_modules/vitest/dist/chunks/index.BfmpdV5p.js:331:22)
    at Object.teardown (file:///Users/darhlilove/Documents/Production%20Apps/Others/splice/node_modules/.pnpm/vitest@4.0.9_@types+debug@4.1.12_@types+node@20.19.25_@vitest+ui@4.0.9_happy-dom@20.0.1_7c72bdaaa4a9e746b667d8dd70ab3981/node_modules/vitest/dist/chunks/index.BfmpdV5p.js:392:10)
    at file:///Users/darhlilove/Documents/Production%20Apps/Others/splice/node_modules/.pnpm/vitest@4.0.9_@types+debug@4.1.12_@types+node@20.19.25_@vitest+ui@4.0.9_happy-dom@20.0.1_7c72bdaaa4a9e746b667d8dd70ab3981/node_modules/vitest/dist/chunks/base.CiIV2DDC.js:114:13
    at process.onMessage (file:///Users/darhlilove/Documents/Production%20Apps/Others/splice/node_modules/.pnpm/vitest@4.0.9_@types+debug@4.1.12_@types+node@20.19.25_@vitest+ui@4.0.9_happy-dom@20.0.1_7c72bdaaa4a9e746b667d8dd70ab3981/node_modules/vitest/dist/chunks/init.BQhNfT0h.js:264:28)
DOMException [AbortError]: The operation was aborted.
    at Fetch.onAsyncTaskManagerAbort (file:///Users/darhlilove/Documents/Production%20Apps/Others/splice/node_modules/.pnpm/happy-dom@20.0.10/node_modules/happy-dom/lib/fetch/Fetch.js:546:23)
    at Object.<anonymous> (file:///Users/darhlilove/Documents/Production%20Apps/Others/splice/node_modules/.pnpm/happy-dom@20.0.10/node_modules/happy-dom/lib/fetch/Fetch.js:416:101)
    at AsyncTaskManager.abortAll (file:///Users/darhlilove/Documents/Production%20Apps/Others/splice/node_modules/.pnpm/happy-dom@20.0.10/node_modules/happy-dom/lib/async-task-manager/AsyncTaskManager.js:292:30)
    at AsyncTaskManager.abort (file:///Users/darhlilove/Documents/Production%20Apps/Others/splice/node_modules/.pnpm/happy-dom@20.0.10/node_modules/happy-dom/lib/async-task-manager/AsyncTaskManager.js:52:21)
    at DetachedBrowserFrame.abort (file:///Users/darhlilove/Documents/Production%20Apps/Others/splice/node_modules/.pnpm/happy-dom@20.0.10/node_modules/happy-dom/lib/browser/detached-browser/DetachedBrowserFrame.js:112:58)
    at DetachedWindowAPI.abort (file:///Users/darhlilove/Documents/Production%20Apps/Others/splice/node_modules/.pnpm/happy-dom@20.0.10/node_modules/happy-dom/lib/window/DetachedWindowAPI.js:51:35)
    at teardownWindow (file:///Users/darhlilove/Documents/Production%20Apps/Others/splice/node_modules/.pnpm/vitest@4.0.9_@types+debug@4.1.12_@types+node@20.19.25_@vitest+ui@4.0.9_happy-dom@20.0.1_7c72bdaaa4a9e746b667d8dd70ab3981/node_modules/vitest/dist/chunks/index.BfmpdV5p.js:331:22)
    at Object.teardown (file:///Users/darhlilove/Documents/Production%20Apps/Others/splice/node_modules/.pnpm/vitest@4.0.9_@types+debug@4.1.12_@types+node@20.19.25_@vitest+ui@4.0.9_happy-dom@20.0.1_7c72bdaaa4a9e746b667d8dd70ab3981/node_modules/vitest/dist/chunks/index.BfmpdV5p.js:392:10)
    at file:///Users/darhlilove/Documents/Production%20Apps/Others/splice/node_modules/.pnpm/vitest@4.0.9_@types+debug@4.1.12_@types+node@20.19.25_@vitest+ui@4.0.9_happy-dom@20.0.1_7c72bdaaa4a9e746b667d8dd70ab3981/node_modules/vitest/dist/chunks/base.CiIV2DDC.js:114:13
    at process.onMessage (file:///Users/darhlilove/Documents/Production%20Apps/Others/splice/node_modules/.pnpm/vitest@4.0.9_@types+debug@4.1.12_@types+node@20.19.25_@vitest+ui@4.0.9_happy-dom@20.0.1_7c72bdaaa4a9e746b667d8dd70ab3981/node_modules/vitest/dist/chunks/init.BQhNfT0h.js:264:28)
[90mstdout[2m | tests/quick-demo.test.tsx[2m > [22m[2mQuickDemo Component[2m > [22m[2mshows completion message when demo finishes
[22m[39m[QuickDemo] Navigated to explorer

 [32m✓[39m tests/sdk-generator-workflow-integration.test.tsx [2m([22m[2m6 tests[22m[2m)[22m[33m 1676[2mms[22m[39m
     [33m[2m✓[22m[39m should complete full workflow from form submission to download [33m 451[2mms[22m[39m
     [33m[2m✓[22m[39m should handle and recover from generation errors [33m 423[2mms[22m[39m
     [33m[2m✓[22m[39m should support multiple generation cycles [33m 559[2mms[22m[39m
DOMException [AbortError]: The operation was aborted.
    at Fetch.onAsyncTaskManagerAbort (file:///Users/darhlilove/Documents/Production%20Apps/Others/splice/node_modules/.pnpm/happy-dom@20.0.10/node_modules/happy-dom/lib/fetch/Fetch.js:546:23)
    at Object.<anonymous> (file:///Users/darhlilove/Documents/Production%20Apps/Others/splice/node_modules/.pnpm/happy-dom@20.0.10/node_modules/happy-dom/lib/fetch/Fetch.js:416:101)
    at AsyncTaskManager.abortAll (file:///Users/darhlilove/Documents/Production%20Apps/Others/splice/node_modules/.pnpm/happy-dom@20.0.10/node_modules/happy-dom/lib/async-task-manager/AsyncTaskManager.js:292:30)
    at AsyncTaskManager.abort (file:///Users/darhlilove/Documents/Production%20Apps/Others/splice/node_modules/.pnpm/happy-dom@20.0.10/node_modules/happy-dom/lib/async-task-manager/AsyncTaskManager.js:52:21)
    at DetachedBrowserFrame.abort (file:///Users/darhlilove/Documents/Production%20Apps/Others/splice/node_modules/.pnpm/happy-dom@20.0.10/node_modules/happy-dom/lib/browser/detached-browser/DetachedBrowserFrame.js:112:58)
    at DetachedWindowAPI.abort (file:///Users/darhlilove/Documents/Production%20Apps/Others/splice/node_modules/.pnpm/happy-dom@20.0.10/node_modules/happy-dom/lib/window/DetachedWindowAPI.js:51:35)
    at teardownWindow (file:///Users/darhlilove/Documents/Production%20Apps/Others/splice/node_modules/.pnpm/vitest@4.0.9_@types+debug@4.1.12_@types+node@20.19.25_@vitest+ui@4.0.9_happy-dom@20.0.1_7c72bdaaa4a9e746b667d8dd70ab3981/node_modules/vitest/dist/chunks/index.BfmpdV5p.js:331:22)
    at Object.teardown (file:///Users/darhlilove/Documents/Production%20Apps/Others/splice/node_modules/.pnpm/vitest@4.0.9_@types+debug@4.1.12_@types+node@20.19.25_@vitest+ui@4.0.9_happy-dom@20.0.1_7c72bdaaa4a9e746b667d8dd70ab3981/node_modules/vitest/dist/chunks/index.BfmpdV5p.js:392:10)
    at file:///Users/darhlilove/Documents/Production%20Apps/Others/splice/node_modules/.pnpm/vitest@4.0.9_@types+debug@4.1.12_@types+node@20.19.25_@vitest+ui@4.0.9_happy-dom@20.0.1_7c72bdaaa4a9e746b667d8dd70ab3981/node_modules/vitest/dist/chunks/base.CiIV2DDC.js:114:13
    at process.onMessage (file:///Users/darhlilove/Documents/Production%20Apps/Others/splice/node_modules/.pnpm/vitest@4.0.9_@types+debug@4.1.12_@types+node@20.19.25_@vitest+ui@4.0.9_happy-dom@20.0.1_7c72bdaaa4a9e746b667d8dd70ab3981/node_modules/vitest/dist/chunks/init.BQhNfT0h.js:264:28)
DOMException [AbortError]: The operation was aborted.
    at Fetch.onAsyncTaskManagerAbort (file:///Users/darhlilove/Documents/Production%20Apps/Others/splice/node_modules/.pnpm/happy-dom@20.0.10/node_modules/happy-dom/lib/fetch/Fetch.js:546:23)
    at Object.<anonymous> (file:///Users/darhlilove/Documents/Production%20Apps/Others/splice/node_modules/.pnpm/happy-dom@20.0.10/node_modules/happy-dom/lib/fetch/Fetch.js:416:101)
    at AsyncTaskManager.abortAll (file:///Users/darhlilove/Documents/Production%20Apps/Others/splice/node_modules/.pnpm/happy-dom@20.0.10/node_modules/happy-dom/lib/async-task-manager/AsyncTaskManager.js:292:30)
    at AsyncTaskManager.abort (file:///Users/darhlilove/Documents/Production%20Apps/Others/splice/node_modules/.pnpm/happy-dom@20.0.10/node_modules/happy-dom/lib/async-task-manager/AsyncTaskManager.js:52:21)
    at DetachedBrowserFrame.abort (file:///Users/darhlilove/Documents/Production%20Apps/Others/splice/node_modules/.pnpm/happy-dom@20.0.10/node_modules/happy-dom/lib/browser/detached-browser/DetachedBrowserFrame.js:112:58)
    at DetachedWindowAPI.abort (file:///Users/darhlilove/Documents/Production%20Apps/Others/splice/node_modules/.pnpm/happy-dom@20.0.10/node_modules/happy-dom/lib/window/DetachedWindowAPI.js:51:35)
    at teardownWindow (file:///Users/darhlilove/Documents/Production%20Apps/Others/splice/node_modules/.pnpm/vitest@4.0.9_@types+debug@4.1.12_@types+node@20.19.25_@vitest+ui@4.0.9_happy-dom@20.0.1_7c72bdaaa4a9e746b667d8dd70ab3981/node_modules/vitest/dist/chunks/index.BfmpdV5p.js:331:22)
    at Object.teardown (file:///Users/darhlilove/Documents/Production%20Apps/Others/splice/node_modules/.pnpm/vitest@4.0.9_@types+debug@4.1.12_@types+node@20.19.25_@vitest+ui@4.0.9_happy-dom@20.0.1_7c72bdaaa4a9e746b667d8dd70ab3981/node_modules/vitest/dist/chunks/index.BfmpdV5p.js:392:10)
    at file:///Users/darhlilove/Documents/Production%20Apps/Others/splice/node_modules/.pnpm/vitest@4.0.9_@types+debug@4.1.12_@types+node@20.19.25_@vitest+ui@4.0.9_happy-dom@20.0.1_7c72bdaaa4a9e746b667d8dd70ab3981/node_modules/vitest/dist/chunks/base.CiIV2DDC.js:114:13
    at process.onMessage (file:///Users/darhlilove/Documents/Production%20Apps/Others/splice/node_modules/.pnpm/vitest@4.0.9_@types+debug@4.1.12_@types+node@20.19.25_@vitest+ui@4.0.9_happy-dom@20.0.1_7c72bdaaa4a9e746b667d8dd70ab3981/node_modules/vitest/dist/chunks/init.BQhNfT0h.js:264:28)
 [32m✓[39m tests/sdk-code-preview.test.tsx [2m([22m[2m18 tests[22m[2m)[22m[33m 1767[2mms[22m[39m
       [33m[2m✓[22m[39m should reset copy button state after copying - Requirements: 3.5 [33m 1065[2mms[22m[39m
[90mstdout[2m | tests/mock-server-integration.test.ts[2m > [22m[2mMock Server Integration Tests[2m > [22m[2mFull Server Lifecycle[2m > [22m[2mshould start mock server successfully
[22m[39m[Prism petstore-lifecycle-test] Process exited with code null and signal SIGTERM after 0.01s

[90mstderr[2m | tests/mock-server-integration.test.ts[2m > [22m[2mMock Server Integration Tests[2m > [22m[2mFull Server Lifecycle[2m > [22m[2mshould start mock server successfully
[22m[39m[Prism petstore-lifecycle-test] CRASH DETECTED: {
  reason: [32m'Process terminated by signal SIGTERM'[39m,
  exitCode: [1mnull[22m,
  signal: [32m'SIGTERM'[39m,
  uptime: [32m'0.01s'[39m,
  pid: [33m8236[39m,
  timestamp: [32m'2025-11-25T23:32:12.383Z'[39m
}

[90mstdout[2m | tests/response-viewer.test.tsx[2m > [22m[2mResponseViewer[2m > [22m[2mStatus Code Display[2m > [22m[2mshould display 2xx status with success badge
[22m[39m[ResponseViewer] Response data: {
  contentType: [32m'application/json'[39m,
  bodyType: [32m'object'[39m,
  body: { message: [32m'Success'[39m },
  isJson: [33mtrue[39m
}

[90mstderr[2m | tests/response-viewer.test.tsx[2m > [22m[2mResponseViewer[2m > [22m[2mStatus Code Display[2m > [22m[2mshould display 2xx status with success badge
[22m[39mAn update to null inside a test was not wrapped in act(...).

When testing, code that causes React state updates should be wrapped into act(...):

act(() => {
  /* fire events that update state */
});
/* assert on the output */

This ensures that you're testing the behavior the user would see in the browser. Learn more at https://react.dev/link/wrap-tests-with-act

[90mstdout[2m | tests/response-viewer.test.tsx[2m > [22m[2mResponseViewer[2m > [22m[2mStatus Code Display[2m > [22m[2mshould display 4xx status with warning badge
[22m[39m[ResponseViewer] Response data: {
  contentType: [32m'application/json'[39m,
  bodyType: [32m'object'[39m,
  body: { error: [32m'Resource not found'[39m },
  isJson: [33mtrue[39m
}

[90mstderr[2m | tests/response-viewer.test.tsx[2m > [22m[2mResponseViewer[2m > [22m[2mStatus Code Display[2m > [22m[2mshould display 4xx status with warning badge
[22m[39mAn update to null inside a test was not wrapped in act(...).

When testing, code that causes React state updates should be wrapped into act(...):

act(() => {
  /* fire events that update state */
});
/* assert on the output */

This ensures that you're testing the behavior the user would see in the browser. Learn more at https://react.dev/link/wrap-tests-with-act

[90mstdout[2m | tests/response-viewer.test.tsx[2m > [22m[2mResponseViewer[2m > [22m[2mStatus Code Display[2m > [22m[2mshould display 5xx status with error badge
[22m[39m[ResponseViewer] Response data: {
  contentType: [32m'application/json'[39m,
  bodyType: [32m'object'[39m,
  body: { error: [32m'Server error'[39m },
  isJson: [33mtrue[39m
}

[90mstderr[2m | tests/response-viewer.test.tsx[2m > [22m[2mResponseViewer[2m > [22m[2mStatus Code Display[2m > [22m[2mshould display 5xx status with error badge
[22m[39mAn update to null inside a test was not wrapped in act(...).

When testing, code that causes React state updates should be wrapped into act(...):

act(() => {
  /* fire events that update state */
});
/* assert on the output */

This ensures that you're testing the behavior the user would see in the browser. Learn more at https://react.dev/link/wrap-tests-with-act

[90mstdout[2m | tests/response-viewer.test.tsx[2m > [22m[2mResponseViewer[2m > [22m[2mResponse Time Display[2m > [22m[2mshould display response time in milliseconds
[22m[39m[ResponseViewer] Response data: {
  contentType: [32m'application/json'[39m,
  bodyType: [32m'object'[39m,
  body: {},
  isJson: [33mtrue[39m
}

[90mstderr[2m | tests/response-viewer.test.tsx[2m > [22m[2mResponseViewer[2m > [22m[2mResponse Time Display[2m > [22m[2mshould display response time in milliseconds
[22m[39mAn update to null inside a test was not wrapped in act(...).

When testing, code that causes React state updates should be wrapped into act(...):

act(() => {
  /* fire events that update state */
});
/* assert on the output */

This ensures that you're testing the behavior the user would see in the browser. Learn more at https://react.dev/link/wrap-tests-with-act

[90mstdout[2m | tests/response-viewer.test.tsx[2m > [22m[2mResponseViewer[2m > [22m[2mResponse Headers[2m > [22m[2mshould display headers count badge
[22m[39m[ResponseViewer] Response data: {
  contentType: [32m'application/json'[39m,
  bodyType: [32m'object'[39m,
  body: {},
  isJson: [33mtrue[39m
}

[90mstderr[2m | tests/response-viewer.test.tsx[2m > [22m[2mResponseViewer[2m > [22m[2mResponse Headers[2m > [22m[2mshould display headers count badge
[22m[39mAn update to null inside a test was not wrapped in act(...).

When testing, code that causes React state updates should be wrapped into act(...):

act(() => {
  /* fire events that update state */
});
/* assert on the output */

This ensures that you're testing the behavior the user would see in the browser. Learn more at https://react.dev/link/wrap-tests-with-act

[90mstdout[2m | tests/response-viewer.test.tsx[2m > [22m[2mResponseViewer[2m > [22m[2mResponse Headers[2m > [22m[2mshould show no headers message when headers are empty
[22m[39m[ResponseViewer] Response data: {
  contentType: [32m'application/json'[39m,
  bodyType: [32m'object'[39m,
  body: {},
  isJson: [33mtrue[39m
}

[90mstderr[2m | tests/response-viewer.test.tsx[2m > [22m[2mResponseViewer[2m > [22m[2mResponse Headers[2m > [22m[2mshould show no headers message when headers are empty
[22m[39mAn update to null inside a test was not wrapped in act(...).

When testing, code that causes React state updates should be wrapped into act(...):

act(() => {
  /* fire events that update state */
});
/* assert on the output */

This ensures that you're testing the behavior the user would see in the browser. Learn more at https://react.dev/link/wrap-tests-with-act

[90mstdout[2m | tests/response-viewer.test.tsx[2m > [22m[2mResponseViewer[2m > [22m[2mResponse Body[2m > [22m[2mshould display JSON response body
[22m[39m[ResponseViewer] Response data: {
  contentType: [32m'application/json'[39m,
  bodyType: [32m'object'[39m,
  body: { name: [32m'John Doe'[39m, email: [32m'john@example.com'[39m },
  isJson: [33mtrue[39m
}

DOMException [NotSupportedError]: Failed to load script "https://cdn.jsdelivr.net/npm/monaco-editor@0.54.0/min/vs/loader.js". JavaScript file loading is disabled.
    at HTMLScriptElement.#loadScript (file:///Users/darhlilove/Documents/Production%20Apps/Others/splice/node_modules/.pnpm/happy-dom@20.0.10/node_modules/happy-dom/lib/nodes/html-script-element/HTMLScriptElement.js:557:31)
    at HTMLScriptElement.[connectedToDocument] (file:///Users/darhlilove/Documents/Production%20Apps/Others/splice/node_modules/.pnpm/happy-dom@20.0.10/node_modules/happy-dom/lib/nodes/html-script-element/HTMLScriptElement.js:314:33)
    at HTMLScriptElement.[connectedToNode] (file:///Users/darhlilove/Documents/Production%20Apps/Others/splice/node_modules/.pnpm/happy-dom@20.0.10/node_modules/happy-dom/lib/nodes/node/Node.js:785:53)
    at HTMLBodyElement.[appendChild] (file:///Users/darhlilove/Documents/Production%20Apps/Others/splice/node_modules/.pnpm/happy-dom@20.0.10/node_modules/happy-dom/lib/nodes/node/Node.js:404:45)
    at HTMLBodyElement.[appendChild] (file:///Users/darhlilove/Documents/Production%20Apps/Others/splice/node_modules/.pnpm/happy-dom@20.0.10/node_modules/happy-dom/lib/nodes/element/Element.js:999:62)
    at HTMLBodyElement.appendChild (file:///Users/darhlilove/Documents/Production%20Apps/Others/splice/node_modules/.pnpm/happy-dom@20.0.10/node_modules/happy-dom/lib/nodes/node/Node.js:297:48)
    at injectScripts (/Users/darhlilove/Documents/Production Apps/Others/splice/node_modules/.pnpm/@monaco-editor+loader@1.6.1/node_modules/@monaco-editor/loader/lib/cjs/loader/index.js:82:24)
    at /Users/darhlilove/Documents/Production Apps/Others/splice/node_modules/.pnpm/@monaco-editor+loader@1.6.1/node_modules/@monaco-editor/loader/lib/cjs/utils/compose.js:11:14
    at Array.reduceRight (<anonymous>)
    at /Users/darhlilove/Documents/Production Apps/Others/splice/node_modules/.pnpm/@monaco-editor+loader@1.6.1/node_modules/@monaco-editor/loader/lib/cjs/utils/compose.js:10:16
[90mstderr[2m | tests/response-viewer.test.tsx[2m > [22m[2mResponseViewer[2m > [22m[2mResponse Body[2m > [22m[2mshould display JSON response body
[22m[39mMonaco initialization: error: Event {
  NONE: [33m0[39m,
  CAPTURING_PHASE: [33m1[39m,
  AT_TARGET: [33m2[39m,
  BUBBLING_PHASE: [33m3[39m,
  [[32mSymbol(composed)[39m]: [33mfalse[39m,
  [[32mSymbol(bubbles)[39m]: [33mfalse[39m,
  [[32mSymbol(cancelable)[39m]: [33mfalse[39m,
  [[32mSymbol(defaultPrevented)[39m]: [33mfalse[39m,
  [[32mSymbol(eventPhase)[39m]: [33m0[39m,
  [[32mSymbol(timeStamp)[39m]: [33m1312.365625[39m,
  [[32mSymbol(type)[39m]: [32m'error'[39m,
  [[32mSymbol(dispatching)[39m]: [33mfalse[39m,
  [[32mSymbol(immediatePropagationStopped)[39m]: [33mfalse[39m,
  [[32mSymbol(propagationStopped)[39m]: [33mfalse[39m,
  [[32mSymbol(target)[39m]: [36m<ref *3>[39m HTMLScriptElement {
    [[32mSymbol(listeners)[39m]: { capturing: Map(0) {}, bubbling: Map(0) {} },
    [[32mSymbol(listenerOptions)[39m]: { capturing: Map(0) {}, bubbling: Map(0) {} },
    [[32mSymbol(isConnected)[39m]: [33mtrue[39m,
    [[32mSymbol(parentNode)[39m]: HTMLBodyElement {
      [[32mSymbol(listeners)[39m]: [36m[Object][39m,
      [[32mSymbol(listenerOptions)[39m]: [36m[Object][39m,
      [[32mSymbol(isConnected)[39m]: [33mtrue[39m,
      [[32mSymbol(parentNode)[39m]: [36m[HTMLHtmlElement][39m,
      [[32mSymbol(rootNode)[39m]: [36m[HTMLDocument][39m,
      [[32mSymbol(styleNode)[39m]: [1mnull[22m,
      [[32mSymbol(textAreaNode)[39m]: [1mnull[22m,
      [[32mSymbol(formNode)[39m]: [1mnull[22m,
      [[32mSymbol(selectNode)[39m]: [1mnull[22m,
      [[32mSymbol(mutationListeners)[39m]: [],
      [[32mSymbol(nodeArray)[39m]: [36m[Array][39m,
      [[32mSymbol(elementArray)[39m]: [36m[Array][39m,
      [[32mSymbol(childNodes)[39m]: [36m[NodeList][39m,
      [[32mSymbol(assignedToSlot)[39m]: [1mnull[22m,
      [[32mSymbol(cache)[39m]: [36m[Object][39m,
      [[32mSymbol(affectsCache)[39m]: [],
      [[32mSymbol(ownerDocument)[39m]: [36m[HTMLDocument][39m,
      [[32mSymbol(window)[39m]: [36m[GlobalWindow [EventTarget]][39m,
      [[32mSymbol(classList)[39m]: [1mnull[22m,
      [[32mSymbol(isValue)[39m]: [1mnull[22m,
      [[32mSymbol(nodeType)[39m]: [33m1[39m,
      [[32mSymbol(prefix)[39m]: [1mnull[22m,
      [[32mSymbol(shadowRoot)[39m]: [1mnull[22m,
      [[32mSymbol(scrollHeight)[39m]: [33m0[39m,
      [[32mSymbol(scrollWidth)[39m]: [33m0[39m,
      [[32mSymbol(scrollTop)[39m]: [33m0[39m,
      [[32mSymbol(scrollLeft)[39m]: [33m0[39m,
      [[32mSymbol(attributes)[39m]: [36m[NamedNodeMap][39m,
      [[32mSymbol(attributesProxy)[39m]: [1mnull[22m,
      [[32mSymbol(children)[39m]: [1mnull[22m,
      [[32mSymbol(computedStyle)[39m]: [1mnull[22m,
      [[32mSymbol(propertyEventListeners)[39m]: Map(0) {},
      [[32mSymbol(tagName)[39m]: [32m'BODY'[39m,
      [[32mSymbol(localName)[39m]: [32m'body'[39m,
      [[32mSymbol(namespaceURI)[39m]: [32m'http://www.w3.org/1999/xhtml'[39m,
      [[32mSymbol(accessKey)[39m]: [32m''[39m,
      [[32mSymbol(offsetHeight)[39m]: [33m0[39m,
      [[32mSymbol(offsetWidth)[39m]: [33m0[39m,
      [[32mSymbol(offsetLeft)[39m]: [33m0[39m,
      [[32mSymbol(offsetTop)[39m]: [33m0[39m,
      [[32mSymbol(clientHeight)[39m]: [33m0[39m,
      [[32mSymbol(clientWidth)[39m]: [33m0[39m,
      [[32mSymbol(clientLeft)[39m]: [33m0[39m,
      [[32mSymbol(clientTop)[39m]: [33m0[39m,
      [[32mSymbol(style)[39m]: [1mnull[22m,
      [[32mSymbol(dataset)[39m]: [1mnull[22m
    },
    [[32mSymbol(rootNode)[39m]: [36m<ref *1>[39m HTMLDocument {
      defaultView: [36m[Getter][39m,
      _reactListeningknwne5wvqqj: [33mtrue[39m,
      [[32mSymbol(listeners)[39m]: [36m[Object][39m,
      [[32mSymbol(listenerOptions)[39m]: [36m[Object][39m,
      [[32mSymbol(isConnected)[39m]: [33mtrue[39m,
      [[32mSymbol(parentNode)[39m]: [1mnull[22m,
      [[32mSymbol(rootNode)[39m]: [36m[Circular *1][39m,
      [[32mSymbol(styleNode)[39m]: [1mnull[22m,
      [[32mSymbol(textAreaNode)[39m]: [1mnull[22m,
      [[32mSymbol(formNode)[39m]: [1mnull[22m,
      [[32mSymbol(selectNode)[39m]: [1mnull[22m,
      [[32mSymbol(mutationListeners)[39m]: [],
      [[32mSymbol(nodeArray)[39m]: [36m[Array][39m,
      [[32mSymbol(elementArray)[39m]: [36m[Array][39m,
      [[32mSymbol(childNodes)[39m]: [1mnull[22m,
      [[32mSymbol(assignedToSlot)[39m]: [1mnull[22m,
      [[32mSymbol(cache)[39m]: [36m[Object][39m,
      [[32mSymbol(affectsCache)[39m]: [36m[Array][39m,
      [[32mSymbol(ownerDocument)[39m]: [1mnull[22m,
      [[32mSymbol(children)[39m]: [1mnull[22m,
      [[32mSymbol(activeElement)[39m]: [1mnull[22m,
      [[32mSymbol(nextActiveElement)[39m]: [1mnull[22m,
      [[32mSymbol(currentScript)[39m]: [1mnull[22m,
      [[32mSymbol(isFirstWrite)[39m]: [33mtrue[39m,
      [[32mSymbol(isFirstWriteAfterOpen)[39m]: [33mfalse[39m,
      [[32mSymbol(nodeType)[39m]: [33m9[39m,
      [[32mSymbol(adoptedStyleSheets)[39m]: [],
      [[32mSymbol(implementation)[39m]: DOMImplementation {},
      [[32mSymbol(readyState)[39m]: [32m'complete'[39m,
      [[32mSymbol(referrer)[39m]: [32m''[39m,
      [[32mSymbol(defaultView)[39m]: [36m[GlobalWindow [EventTarget]][39m,
      [[32mSymbol(forms)[39m]: [1mnull[22m,
      [[32mSymbol(affectsComputedStyleCache)[39m]: [],
      [[32mSymbol(elementIdMap)[39m]: Map(0) {},
      [[32mSymbol(contentType)[39m]: [32m'text/html'[39m,
      [[32mSymbol(xmlProcessingInstruction)[39m]: [1mnull[22m,
      [[32mSymbol(preloads)[39m]: Map(0) {},
      [[32mSymbol(propertyEventListeners)[39m]: Map(0) {},
      [[32mSymbol(selection)[39m]: [1mnull[22m
    },
    [[32mSymbol(styleNode)[39m]: [1mnull[22m,
    [[32mSymbol(textAreaNode)[39m]: [1mnull[22m,
    [[32mSymbol(formNode)[39m]: [1mnull[22m,
    [[32mSymbol(selectNode)[39m]: [1mnull[22m,
    [[32mSymbol(mutationListeners)[39m]: [],
    [[32mSymbol(nodeArray)[39m]: [],
    [[32mSymbol(elementArray)[39m]: [],
    [[32mSymbol(childNodes)[39m]: [1mnull[22m,
    [[32mSymbol(assignedToSlot)[39m]: [1mnull[22m,
    [[32mSymbol(cache)[39m]: {
      querySelector: Map(0) {},
      querySelectorAll: Map(0) {},
      matches: Map(0) {},
      elementsByTagName: Map(0) {},
      elementsByTagNameNS: Map(0) {},
      elementByTagName: Map(0) {},
      elementById: Map(0) {},
      computedStyle: [1mnull[22m
    },
    [[32mSymbol(affectsCache)[39m]: [],
    [[32mSymbol(ownerDocument)[39m]: [36m<ref *1>[39m HTMLDocument {
      defaultView: [36m[Getter][39m,
      _reactListeningknwne5wvqqj: [33mtrue[39m,
      [[32mSymbol(listeners)[39m]: [36m[Object][39m,
      [[32mSymbol(listenerOptions)[39m]: [36m[Object][39m,
      [[32mSymbol(isConnected)[39m]: [33mtrue[39m,
      [[32mSymbol(parentNode)[39m]: [1mnull[22m,
      [[32mSymbol(rootNode)[39m]: [36m[Circular *1][39m,
      [[32mSymbol(styleNode)[39m]: [1mnull[22m,
      [[32mSymbol(textAreaNode)[39m]: [1mnull[22m,
      [[32mSymbol(formNode)[39m]: [1mnull[22m,
      [[32mSymbol(selectNode)[39m]: [1mnull[22m,
      [[32mSymbol(mutationListeners)[39m]: [],
      [[32mSymbol(nodeArray)[39m]: [36m[Array][39m,
      [[32mSymbol(elementArray)[39m]: [36m[Array][39m,
      [[32mSymbol(childNodes)[39m]: [1mnull[22m,
      [[32mSymbol(assignedToSlot)[39m]: [1mnull[22m,
      [[32mSymbol(cache)[39m]: [36m[Object][39m,
      [[32mSymbol(affectsCache)[39m]: [36m[Array][39m,
      [[32mSymbol(ownerDocument)[39m]: [1mnull[22m,
      [[32mSymbol(children)[39m]: [1mnull[22m,
      [[32mSymbol(activeElement)[39m]: [1mnull[22m,
      [[32mSymbol(nextActiveElement)[39m]: [1mnull[22m,
      [[32mSymbol(currentScript)[39m]: [1mnull[22m,
      [[32mSymbol(isFirstWrite)[39m]: [33mtrue[39m,
      [[32mSymbol(isFirstWriteAfterOpen)[39m]: [33mfalse[39m,
      [[32mSymbol(nodeType)[39m]: [33m9[39m,
      [[32mSymbol(adoptedStyleSheets)[39m]: [],
      [[32mSymbol(implementation)[39m]: DOMImplementation {},
      [[32mSymbol(readyState)[39m]: [32m'complete'[39m,
      [[32mSymbol(referrer)[39m]: [32m''[39m,
      [[32mSymbol(defaultView)[39m]: [36m[GlobalWindow [EventTarget]][39m,
      [[32mSymbol(forms)[39m]: [1mnull[22m,
      [[32mSymbol(affectsComputedStyleCache)[39m]: [],
      [[32mSymbol(elementIdMap)[39m]: Map(0) {},
      [[32mSymbol(contentType)[39m]: [32m'text/html'[39m,
      [[32mSymbol(xmlProcessingInstruction)[39m]: [1mnull[22m,
      [[32mSymbol(preloads)[39m]: Map(0) {},
      [[32mSymbol(propertyEventListeners)[39m]: Map(0) {},
      [[32mSymbol(selection)[39m]: [1mnull[22m
    },
    [[32mSymbol(window)[39m]: [36m<ref *2>[39m GlobalWindow [EventTarget] {
      Node: [36m[Function][39m,
      Attr: [36m[class Attr extends Node][39m,
      ShadowRoot: [36m[class ShadowRoot extends DocumentFragment][39m,
      ProcessingInstruction: [36m[class ProcessingInstruction extends CharacterData][39m,
      Element: [36m[Function][39m,
      CharacterData: [36m[class CharacterData extends Node][39m,
      DocumentType: [36m[class DocumentType extends Node][39m,
      HTMLAnchorElement: [36m[class HTMLAnchorElement extends HTMLElement][39m,
      HTMLButtonElement: [36m[class HTMLButtonElement extends HTMLElement][39m,
      HTMLOptGroupElement: [36m[class HTMLOptGroupElement extends HTMLElement][39m,
      HTMLOptionElement: [36m[class HTMLOptionElement extends HTMLElement][39m,
      HTMLElement: [36m[Function][39m,
      HTMLUnknownElement: [36m[class HTMLUnknownElement extends HTMLElement][39m,
      HTMLTemplateElement: [36m[class HTMLTemplateElement extends HTMLElement][39m,
      HTMLInputElement: [36m[class HTMLInputElement extends HTMLElement][39m,
      HTMLSelectElement: [36m[class HTMLSelectElement extends HTMLElement][39m,
      HTMLTextAreaElement: [36m[class HTMLTextAreaElement extends HTMLElement][39m,
      HTMLImageElement: [36m[class HTMLImageElement extends HTMLElement][39m,
      HTMLStyleElement: [36m[class HTMLStyleElement extends HTMLElement][39m,
      HTMLLabelElement: [36m[class HTMLLabelElement extends HTMLElement][39m,
      HTMLSlotElement: [36m[class HTMLSlotElement extends HTMLElement][39m,
      HTMLMetaElement: [36m[class HTMLMetaElement extends HTMLElement][39m,
      HTMLMediaElement: [36m[class HTMLMediaElement extends HTMLElement][39m,
      HTMLAudioElement: [36m[class HTMLAudioElement extends HTMLMediaElement][39m,
      HTMLVideoElement: [36m[class HTMLVideoElement extends HTMLMediaElement][39m,
      HTMLBaseElement: [36m[class HTMLBaseElement extends HTMLElement][39m,
      HTMLDialogElement: [36m[class HTMLDialogElement extends HTMLElement][39m,
      HTMLScriptElement: [36m[class HTMLScriptElement extends HTMLElement][39m,
      HTMLLinkElement: [36m[class HTMLLinkElement extends HTMLElement][39m,
      HTMLIFrameElement: [36m[class HTMLIFrameElement extends HTMLElement][39m,
      HTMLFormElement: [36m[class HTMLFormElement extends HTMLElement][39m,
      HTMLUListElement: [36m[class HTMLUListElement extends HTMLElement][39m,
      HTMLTrackElement: [36m[class HTMLTrackElement extends HTMLElement][39m,
      HTMLTableRowElement: [36m[class HTMLTableRowElement extends HTMLElement][39m,
      HTMLTitleElement: [36m[class HTMLTitleElement extends HTMLElement][39m,
      HTMLTimeElement: [36m[class HTMLTimeElement extends HTMLElement][39m,
      HTMLTableSectionElement: [36m[class HTMLTableSectionElement extends HTMLElement][39m,
      HTMLTableCellElement: [36m[class HTMLTableCellElement extends HTMLElement][39m,
      HTMLTableElement: [36m[class HTMLTableElement extends HTMLElement][39m,
      HTMLSpanElement: [36m[class HTMLSpanElement extends HTMLElement][39m,
      HTMLSourceElement: [36m[class HTMLSourceElement extends HTMLElement][39m,
      HTMLQuoteElement: [36m[class HTMLQuoteElement extends HTMLElement][39m,
      HTMLProgressElement: [36m[class HTMLProgressElement extends HTMLElement][39m,
      HTMLPreElement: [36m[class HTMLPreElement extends HTMLElement][39m,
      HTMLPictureElement: [36m[class HTMLPictureElement extends HTMLElement][39m,
      HTMLParamElement: [36m[class HTMLParamElement extends HTMLElement][39m,
      HTMLParagraphElement: [36m[class HTMLParagraphElement extends HTMLElement][39m,
      HTMLOutputElement: [36m[class HTMLOutputElement extends HTMLElement][39m,
      HTMLOListElement: [36m[class HTMLOListElement extends HTMLElement][39m,
      HTMLObjectElement: [36m[class HTMLObjectElement extends HTMLElement][39m,
      HTMLMeterElement: [36m[class HTMLMeterElement extends HTMLElement][39m,
      HTMLMenuElement: [36m[class HTMLMenuElement extends HTMLElement][39m,
      HTMLMapElement: [36m[class HTMLMapElement extends HTMLElement][39m,
      HTMLLIElement: [36m[class HTMLLIElement extends HTMLElement][39m,
      HTMLLegendElement: [36m[class HTMLLegendElement extends HTMLElement][39m,
      HTMLModElement: [36m[class HTMLModElement extends HTMLElement][39m,
      HTMLHtmlElement: [36m[class HTMLHtmlElement extends HTMLElement][39m,
      HTMLHRElement: [36m[class HTMLHRElement extends HTMLElement][39m,
      HTMLHeadElement: [36m[class HTMLHeadElement extends HTMLElement][39m,
      HTMLHeadingElement: [36m[class HTMLHeadingElement extends HTMLElement][39m,
      HTMLFieldSetElement: [36m[class HTMLFieldSetElement extends HTMLElement][39m,
      HTMLEmbedElement: [36m[class HTMLEmbedElement extends HTMLElement][39m,
      HTMLDListElement: [36m[class HTMLDListElement extends HTMLElement][39m,
      HTMLDivElement: [36m[class HTMLDivElement extends HTMLElement][39m,
      HTMLDetailsElement: [36m[class HTMLDetailsElement extends HTMLElement][39m,
      HTMLDataListElement: [36m[class HTMLDataListElement extends HTMLElement][39m,
      HTMLDataElement: [36m[class HTMLDataElement extends HTMLElement][39m,
      HTMLTableColElement: [36m[class HTMLTableColElement extends HTMLElement][39m,
      HTMLTableCaptionElement: [36m[class HTMLTableCaptionElement extends HTMLElement][39m,
      HTMLCanvasElement: [36m[class HTMLCanvasElement extends HTMLElement][39m,
      HTMLBRElement: [36m[class HTMLBRElement extends HTMLElement][39m,
      HTMLBodyElement: [36m[class HTMLBodyElement extends HTMLElement][39m,
      HTMLAreaElement: [36m[class HTMLAreaElement extends HTMLElement][39m,
      SVGSVGElement: [36m[class SVGSVGElement extends SVGGraphicsElement][39m,
      SVGAnimateElement: [36m[class SVGAnimateElement extends SVGAnimationElement][39m,
      SVGAnimateMotionElement: [36m[class SVGAnimateMotionElement extends SVGAnimationElement][39m,
      SVGAnimateTransformElement: [36m[class SVGAnimateTransformElement extends SVGAnimationElement][39m,
      SVGCircleElement: [36m[class SVGCircleElement extends SVGGeometryElement][39m,
      SVGClipPathElement: [36m[class SVGClipPathElement extends SVGElement][39m,
      SVGDefsElement: [36m[class SVGDefsElement extends SVGGraphicsElement][39m,
      SVGDescElement: [36m[class SVGDescElement extends SVGElement][39m,
      SVGEllipseElement: [36m[class SVGEllipseElement extends SVGGeometryElement][39m,
      SVGFEBlendElement: [36m[Function][39m,
      SVGFEColorMatrixElement: [36m[Function][39m,
      SVGFEComponentTransferElement: [36m[class SVGFEComponentTransferElement extends SVGElement][39m,
      SVGFECompositeElement: [36m[Function][39m,
      SVGFEConvolveMatrixElement: [36m[Function][39m,
      SVGFEDiffuseLightingElement: [36m[class SVGFEDiffuseLightingElement extends SVGElement][39m,
      SVGFEDisplacementMapElement: [36m[Function][39m,
      SVGFEDistantLightElement: [36m[class SVGFEDistantLightElement extends SVGElement][39m,
      SVGFEDropShadowElement: [36m[class SVGFEDropShadowElement extends SVGElement][39m,
      SVGFEFloodElement: [36m[class SVGFEFloodElement extends SVGElement][39m,
      SVGFEFuncAElement: [36m[class SVGFEFuncAElement extends SVGComponentTransferFunctionElement][39m,
      SVGFEFuncBElement: [36m[class SVGFEFuncBElement extends SVGComponentTransferFunctionElement][39m,
      SVGFEFuncGElement: [36m[class SVGFEFuncGElement extends SVGComponentTransferFunctionElement][39m,
      SVGFEFuncRElement: [36m[class SVGFEFuncRElement extends SVGComponentTransferFunctionElement][39m,
      SVGFEGaussianBlurElement: [36m[Function][39m,
      SVGFEImageElement: [36m[class SVGFEImageElement extends SVGElement][39m,
      SVGFEMergeElement: [36m[class SVGFEMergeElement extends SVGElement][39m,
      SVGFEMergeNodeElement: [36m[class SVGFEMergeNodeElement extends SVGElement][39m,
      SVGFEMorphologyElement: [36m[Function][39m,
      SVGFEOffsetElement: [36m[class SVGFEOffsetElement extends SVGElement][39m,
      SVGFEPointLightElement: [36m[class SVGFEPointLightElement extends SVGElement][39m,
      SVGFESpecularLightingElement: [36m[class SVGFESpecularLightingElement extends SVGElement][39m,
      SVGFESpotLightElement: [36m[class SVGFESpotLightElement extends SVGElement][39m,
      SVGFETileElement: [36m[class SVGFETileElement extends SVGElement][39m,
      SVGFETurbulenceElement: [36m[Function][39m,
      SVGFilterElement: [36m[class SVGFilterElement extends SVGElement][39m,
      SVGForeignObjectElement: [36m[class SVGForeignObjectElement extends SVGGraphicsElement][39m,
      SVGGElement: [36m[class SVGGElement extends SVGGraphicsElement][39m,
      SVGImageElement: [36m[class SVGImageElement extends SVGGraphicsElement][39m,
      SVGLineElement: [36m[class SVGLineElement extends SVGGeometryElement][39m,
      SVGLinearGradientElement: [36m[class SVGLinearGradientElement extends SVGGradientElement][39m,
      SVGMarkerElement: [36m[Function][39m,
      SVGMaskElement: [36m[class SVGMaskElement extends SVGElement][39m,
      SVGMetadataElement: [36m[class SVGMetadataElement extends SVGElement][39m,
      SVGMPathElement: [36m[class SVGMPathElement extends SVGElement][39m,
      SVGPathElement: [36m[class SVGPathElement extends SVGGeometryElement][39m,
      SVGPatternElement: [36m[class SVGPatternElement extends SVGElement][39m,
      SVGPolygonElement: [36m[class SVGPolygonElement extends SVGGeometryElement][39m,
      SVGPolylineElement: [36m[class SVGPolylineElement extends SVGGeometryElement][39m,
      SVGRadialGradientElement: [36m[class SVGRadialGradientElement extends SVGGradientElement][39m,
      SVGRectElement: [36m[class SVGRectElement extends SVGGeometryElement][39m,
      SVGScriptElement: [36m[class SVGScriptElement extends SVGGraphicsElement][39m,
      SVGSetElement: [36m[class SVGSetElement extends SVGAnimationElement][39m,
      SVGStopElement: [36m[class SVGStopElement extends SVGElement][39m,
      SVGStyleElement: [36m[class SVGStyleElement extends SVGElement][39m,
      SVGSwitchElement: [36m[class SVGSwitchElement extends SVGGraphicsElement][39m,
      SVGSymbolElement: [36m[class SVGSymbolElement extends SVGGraphicsElement][39m,
      SVGTextElement: [36m[class SVGTextElement extends SVGTextPositioningElement][39m,
      SVGTextPathElement: [36m[Function][39m,
      SVGTitleElement: [36m[class SVGTitleElement extends SVGElement][39m,
      SVGTSpanElement: [36m[class SVGTSpanElement extends SVGTextPositioningElement][39m,
      SVGUseElement: [36m[class SVGUseElement extends SVGGraphicsElement][39m,
      SVGViewElement: [36m[class SVGViewElement extends SVGElement][39m,
      SVGElement: [36m[class SVGElement extends Element][39m,
      SVGAnimationElement: [36m[class SVGAnimationElement extends SVGElement][39m,
      SVGComponentTransferFunctionElement: [36m[Function][39m,
      SVGGeometryElement: [36m[class SVGGeometryElement extends SVGGraphicsElement][39m,
      SVGGradientElement: [36m[Function][39m,
      SVGTextPositioningElement: [36m[class SVGTextPositioningElement extends SVGTextContentElement][39m,
      SVGGraphicsElement: [36m[class SVGGraphicsElement extends SVGElement][39m,
      Event: [36m[Function][39m,
      UIEvent: [36m[Function][39m,
      CustomEvent: [36m[class CustomEvent extends Event][39m,
      AnimationEvent: [36m[class AnimationEvent extends Event][39m,
      KeyboardEvent: [36m[Function][39m,
      MessageEvent: [36m[class MessageEvent extends Event][39m,
      MouseEvent: [36m[class MouseEvent extends UIEvent][39m,
      PointerEvent: [36m[class PointerEvent extends MouseEvent][39m,
      FocusEvent: [36m[class FocusEvent extends UIEvent][39m,
      WheelEvent: [36m[Function][39m,
      InputEvent: [36m[class InputEvent extends UIEvent][39m,
      ErrorEvent: [36m[class ErrorEvent extends UIEvent][39m,
      StorageEvent: [36m[class StorageEvent extends Event][39m,
      SubmitEvent: [36m[class SubmitEvent extends Event][39m,
      ProgressEvent: [36m[class ProgressEvent extends Event][39m,
      MediaQueryListEvent: [36m[class MediaQueryListEvent extends Event][39m,
      HashChangeEvent: [36m[class HashChangeEvent extends Event][39m,
      ClipboardEvent: [36m[class ClipboardEvent extends Event][39m,
      TouchEvent: [36m[class TouchEvent extends UIEvent][39m,
      PopStateEvent: [36m[class PopStateEvent extends Event][39m,
      Touch: [36m[class Touch][39m,
      AudioProcessingEvent: [36m[Function][39m,
      BeforeInputEvent: [36m[Function][39m,
      BeforeUnloadEvent: [36m[Function][39m,
      BlobEvent: [36m[Function][39m,
      CloseEvent: [36m[Function][39m,
      CompositionEvent: [36m[Function][39m,
      CSSFontFaceLoadEvent: [36m[Function][39m,
      DeviceLightEvent: [36m[Function][39m,
      DeviceMotionEvent: [36m[Function][39m,
      DeviceOrientationEvent: [36m[Function][39m,
      DeviceProximityEvent: [36m[Function][39m,
      DOMTransactionEvent: [36m[Function][39m,
      DragEvent: [36m[Function][39m,
      EditingBeforeInputEvent: [36m[Function][39m,
      FetchEvent: [36m[Function][39m,
      GamepadEvent: [36m[Function][39m,
      IDBVersionChangeEvent: [36m[Function][39m,
      MediaStreamEvent: [36m[Function][39m,
      MutationEvent: [36m[Function][39m,
      OfflineAudioCompletionEvent: [36m[Function][39m,
      OverconstrainedError: [36m[Function][39m,
      PageTransitionEvent: [36m[Function][39m,
      PaymentRequestUpdateEvent: [36m[Function][39m,
      RelatedEvent: [36m[Function][39m,
      RTCDataChannelEvent: [36m[Function][39m,
      RTCIdentityErrorEvent: [36m[Function][39m,
      RTCIdentityEvent: [36m[Function][39m,
      RTCPeerConnectionIceEvent: [36m[Function][39m,
      SensorEvent: [36m[Function][39m,
      SVGEvent: [36m[Function][39m,
      SVGZoomEvent: [36m[Function][39m,
      TimeEvent: [36m[Function][39m,
      TrackEvent: [36m[Function][39m,
      TransitionEvent: [36m[Function][39m,
      UserProximityEvent: [36m[Function][39m,
      WebGLContextEvent: [36m[Function][39m,
      TextEvent: [36m[Function][39m,
      Permissions: [36m[class Permissions][39m,
      History: [36m[class History][39m,
      Navigator: [36m[class Navigator][39m,
      Clipboard: [36m[class Clipboard][39m,
      TimeRanges: [36m[class TimeRanges][39m,
      TextTrackCueList: [36m[class TextTrackCueList extends Array][39m,
      ValidityState: [36m[class ValidityState][39m,
      MutationRecord: [36m[class MutationRecord][39m,
      IntersectionObserver: [36m[class IntersectionObserver][39m,
      IntersectionObserverEntry: [36m[class IntersectionObserverEntry][39m,
      CSSStyleDeclaration: [36m[class CSSStyleDeclaration][39m,
      CSSRule: [36m[Function][39m,
      CSSContainerRule: [36m[class CSSContainerRule extends CSSConditionRule][39m,
      CSSFontFaceRule: [36m[class CSSFontFaceRule extends CSSRule][39m,
      CSSKeyframeRule: [36m[class CSSKeyframeRule extends CSSRule][39m,
      CSSKeyframesRule: [36m[class CSSKeyframesRule extends CSSRule][39m,
      CSSMediaRule: [36m[class CSSMediaRule extends CSSConditionRule][39m,
      CSSStyleRule: [36m[class CSSStyleRule extends CSSGroupingRule][39m,
      CSSSupportsRule: [36m[class CSSSupportsRule extends CSSConditionRule][39m,
      CSSConditionRule: [36m[class CSSConditionRule extends CSSGroupingRule][39m,
      CSSGroupingRule: [36m[class CSSGroupingRule extends CSSRule][39m,
      CSSScopeRule: [36m[class CSSScopeRule extends CSSGroupingRule][39m,
      DOMRect: [36m[class DOMRect extends DOMRectReadOnly][39m,
      DOMRectReadOnly: [36m[class DOMRectReadOnly][39m,
      Plugin: [36m[class Plugin][39m,
      PluginArray: [36m[class PluginArray][39m,
      Location: [36m[class Location][39m,
      CustomElementRegistry: [36m[class CustomElementRegistry][39m,
      ResizeObserver: [36m[class ResizeObserver][39m,
      Blob: [36m[class Blob][39m,
      File: [36m[class File extends Blob][39m,
      Storage: [36m[class Storage][39m,
      MimeType: [36m[class MimeType][39m,
      MimeTypeArray: [36m[class MimeTypeArray][39m,
      NodeFilter: [36m[Object][39m,
      HTMLCollection: [36m[class HTMLCollection][39m,
      HTMLFormControlCollection: [36m[class HTMLFormControlsCollection extends HTMLCollection][39m,
      HTMLOptionsCollection: [36m[class HTMLOptionsCollection extends HTMLCollection][39m,
      NodeList: [36m[class NodeList][39m,
      RadioNodeList: [36m[class RadioNodeList extends NodeList][39m,
      FileList: [36m[class FileList extends Array][39m,
      Screen: [36m[class Screen][39m,
      DOMMatrixReadOnly: [36m[class DOMMatrixReadOnly][39m,
      DOMMatrix: [36m[class DOMMatrix extends DOMMatrixReadOnly][39m,
      NamedNodeMap: [36m[class NamedNodeMap][39m,
      TreeWalker: [36m[class TreeWalker][39m,
      NodeIterator: [36m[class NodeIterator][39m,
      DataTransfer: [36m[class DataTransfer][39m,
      DataTransferItem: [36m[class DataTransferItem][39m,
      DataTransferItemList: [36m[class DataTransferItemList extends Array][39m,
      XMLSerializer: [36m[class XMLSerializer][39m,
      ClipboardItem: [36m[class ClipboardItem][39m,
      Selection: [36m[class Selection][39m,
      CSSUnitValue: [36m[class CSSUnitValue][39m,
      SVGAngle: [36m[Function][39m,
      SVGAnimatedAngle: [36m[class SVGAnimatedAngle][39m,
      SVGAnimatedBoolean: [36m[class SVGAnimatedBoolean][39m,
      SVGAnimatedEnumeration: [36m[class SVGAnimatedEnumeration][39m,
      SVGAnimatedInteger: [36m[class SVGAnimatedInteger][39m,
      SVGAnimatedLength: [36m[class SVGAnimatedLength][39m,
      SVGAnimatedNumber: [36m[class SVGAnimatedNumber][39m,
      SVGAnimatedNumberList: [36m[class SVGAnimatedNumberList][39m,
      SVGAnimatedPreserveAspectRatio: [36m[class SVGAnimatedPreserveAspectRatio][39m,
      SVGAnimatedRect: [36m[class SVGAnimatedRect][39m,
      SVGAnimatedString: [36m[class SVGAnimatedString][39m,
      SVGAnimatedTransformList: [36m[class SVGAnimatedTransformList][39m,
      SVGLength: [36m[Function][39m,
      SVGLengthList: [36m[class SVGLengthList][39m,
      SVGMatrix: [36m[class SVGMatrix][39m,
      SVGNumber: [36m[class SVGNumber][39m,
      SVGNumberList: [36m[class SVGNumberList][39m,
      SVGPoint: [36m[class SVGPoint][39m,
      SVGPointList: [36m[class SVGPointList][39m,
      SVGPreserveAspectRatio: [36m[Function][39m,
      SVGRect: [36m[class SVGRect][39m,
      SVGStringList: [36m[class SVGStringList][39m,
      SVGTransform: [36m[Function][39m,
      SVGTransformList: [36m[class SVGTransformList][39m,
      SVGAnimatedLengthList: [36m[class SVGAnimatedLengthList][39m,
      SVGUnitTypes: [36m[Function][39m,
      DOMPoint: [36m[class DOMPoint extends DOMPointReadOnly][39m,
      StylePropertyMap: [36m[class StylePropertyMap extends StylePropertyMapReadOnly][39m,
      StylePropertyMapReadOnly: [36m[class StylePropertyMapReadOnly][39m,
      MediaList: [36m[class MediaList][39m,
      CSSKeywordValue: [36m[class CSSKeywordValue][39m,
      CSSStyleValue: [36m[class CSSStyleValue][39m,
      Window: [36m[class GlobalWindow extends Window][39m,
      URLSearchParams: [36m[class URLSearchParams][39m,
      WritableStream: [36m[Function][39m,
      ReadableStream: [36m[Function][39m,
      TransformStream: [36m[Function: Transform][39m,
      PerformanceObserver: [36m[class PerformanceObserver][39m,
      PerformanceEntry: [36m[class PerformanceEntry][39m,
      PerformanceObserverEntryList: [36m[class PerformanceObserverEntryList][39m,
      onload: [1mnull[22m,
      onerror: [1mnull[22m,
      document: [36m[HTMLDocument][39m,
      customElements: [36m[CustomElementRegistry][39m,
      window: [36m[Circular *2][39m,
      globalThis: [36m[Circular *2][39m,
      performance: [36m[Performance][39m,
      screenLeft: [33m0[39m,
      screenTop: [33m0[39m,
      screenX: [33m0[39m,
      screenY: [33m0[39m,
      crypto: Crypto {},
      TextEncoder: [36m[class TextEncoder][39m,
      TextDecoder: [36m[class TextDecoder][39m,
      closed: [33mfalse[39m,
      console: [36m[Object [console]][39m,
      name: [32m''[39m,
      Buffer: [36m[Function][39m,
      Document: [36m[class Document extends Document][39m,
      HTMLDocument: [36m[class HTMLDocument extends HTMLDocument][39m,
      XMLDocument: [36m[class XMLDocument extends XMLDocument][39m,
      DocumentFragment: [36m[class DocumentFragment extends DocumentFragment][39m,
      Text: [36m[class Text extends Text][39m,
      Comment: [36m[class Comment extends Comment][39m,
      Image: [36m[class Image extends Image][39m,
      Audio: [36m[class Audio extends Audio][39m,
      MutationObserver: [36m[class MutationObserver extends MutationObserver][39m,
      MessagePort: [36m[class MessagePort extends MessagePort][39m,
      CSSStyleSheet: [36m[class CSSStyleSheet extends CSSStyleSheet][39m,
      DOMException: [36m[class DOMException extends DOMException][39m,
      Headers: [36m[class Headers extends Headers][39m,
      Request: [36m[class Request extends Request][39m,
      Response: [36m[Function][39m,
      EventTarget: [36m[class EventTarget extends EventTarget][39m,
      XMLHttpRequestUpload: [36m[class XMLHttpRequestUpload extends XMLHttpRequestUpload][39m,
      XMLHttpRequestEventTarget: [36m[class XMLHttpRequestEventTarget extends XMLHttpRequestEventTarget][39m,
      AbortController: [36m[class AbortController extends AbortController][39m,
      AbortSignal: [36m[Function][39m,
      FormData: [36m[class FormData extends FormData][39m,
      PermissionStatus: [36m[class PermissionStatus extends PermissionStatus][39m,
      XMLHttpRequest: [36m[class XMLHttpRequest extends XMLHttpRequest][39m,
      DOMParser: [36m[class DOMParser extends DOMParser][39m,
      Range: [36m[class Range extends Range][39m,
      VTTCue: [36m[class VTTCue extends VTTCue][39m,
      TextTrack: [36m[class TextTrack extends TextTrack][39m,
      TextTrackList: [36m[class TextTrackList extends TextTrackList][39m,
      TextTrackCue: [36m[class TextTrackCue extends TextTrackCue][39m,
      RemotePlayback: [36m[class RemotePlayback extends RemotePlayback][39m,
      FileReader: [36m[class FileReader extends FileReader][39m,
      MediaStream: [36m[class MediaStream extends MediaStream][39m,
      MediaStreamTrack: [36m[class MediaStreamTrack extends MediaStreamTrack][39m,
      CanvasCaptureMediaStreamTrack: [36m[class CanvasCaptureMediaStreamTrack extends CanvasCaptureMediaStreamTrack][39m,
      URL: [36m[class URL extends URL][39m,
      happyDOM: DetachedWindowAPI {},
      Array: [36m[Function: Array][39m,
      ArrayBuffer: [36m[Function: ArrayBuffer][39m,
      Boolean: [36m[Function: Boolean][39m,
      DataView: [36m[Function: DataView][39m,
      Date: [36m[Function: Date][39m,
      Error: [36m[Function][39m,
      EvalError: [36m[Function: EvalError][39m,
      Float32Array: [36m[Function: Float32Array][39m,
      Float64Array: [36m[Function: Float64Array][39m,
      Function: [36m[Function: Function][39m,
      Infinity: [33mInfinity[39m,
      Int16Array: [36m[Function: Int16Array][39m,
      Int32Array: [36m[Function: Int32Array][39m,
      Int8Array: [36m[Function: Int8Array][39m,
      Intl: Object [Intl] {},
      JSON: Object [JSON] {},
      Map: [36m[Function: Map][39m,
      Math: Object [Math] {},
      NaN: [33mNaN[39m,
      Number: [36m[Function: Number][39m,
      Object: [36m[Function: Object][39m,
      Promise: [36m[Function: Promise][39m,
      RangeError: [36m[Function: RangeError][39m,
      ReferenceError: [36m[Function: ReferenceError][39m,
      RegExp: [36m[Function: RegExp][39m,
      Set: [36m[Function: Set][39m,
      String: [36m[Function: String][39m,
      Symbol: [36m[Function: Symbol][39m,
      SyntaxError: [36m[Function: SyntaxError][39m,
      TypeError: [36m[Function: TypeError][39m,
      URIError: [36m[Function: URIError][39m,
      Uint16Array: [36m[Function: Uint16Array][39m,
      Uint32Array: [36m[Function: Uint32Array][39m,
      Uint8Array: [36m[Function: Uint8Array][39m,
      Uint8ClampedArray: [36m[Function: Uint8ClampedArray][39m,
      WeakMap: [36m[Function: WeakMap][39m,
      WeakSet: [36m[Function: WeakSet][39m,
      decodeURI: [36m[Function: decodeURI][39m,
      decodeURIComponent: [36m[Function: decodeURIComponent][39m,
      encodeURI: [36m[Function: encodeURI][39m,
      encodeURIComponent: [36m[Function: encodeURIComponent][39m,
      eval: [36m[Function: eval][39m,
      escape: [36m[Function: escape][39m,
      global: [36m[Object [global]][39m,
      isFinite: [36m[Function: isFinite][39m,
      isNaN: [36m[Function: isNaN][39m,
      parseFloat: [36m[Function: parseFloat][39m,
      parseInt: [36m[Function: parseInt][39m,
      undefined: [90mundefined[39m,
      unescape: [36m[Function: unescape][39m,
      [[32mSymbol(listeners)[39m]: [36m[Object][39m,
      [[32mSymbol(listenerOptions)[39m]: [36m[Object][39m,
      [[32mSymbol(mutationObservers)[39m]: [],
      [[32mSymbol(readyStateManager)[39m]: DocumentReadyStateManager {},
      [[32mSymbol(location)[39m]: [36m[Location][39m,
      [[32mSymbol(history)[39m]: History {},
      [[32mSymbol(navigator)[39m]: Navigator {},
      [[32mSymbol(screen)[39m]: [36m[Screen][39m,
      [[32mSymbol(sessionStorage)[39m]: [36m[Storage][39m,
      [[32mSymbol(localStorage)[39m]: [36m[Storage][39m,
      [[32mSymbol(self)[39m]: [36m[Circular *2][39m,
      [[32mSymbol(top)[39m]: [36m[Circular *2][39m,
      [[32mSymbol(parent)[39m]: [36m[Circular *2][39m,
      [[32mSymbol(window)[39m]: [36m[Circular *2][39m,
      [[32mSymbol(frames)[39m]: [36m[Circular *2][39m,
      [[32mSymbol(internalId)[39m]: [33m0[39m,
      [[32mSymbol(customElementReactionStack)[39m]: [36m[CustomElementReactionStack][39m,
      [[32mSymbol(modules)[39m]: [36m[Object][39m,
      [[32mSymbol(moduleImportMap)[39m]: [1mnull[22m
    },
    [[32mSymbol(classList)[39m]: [1mnull[22m,
    [[32mSymbol(isValue)[39m]: [1mnull[22m,
    [[32mSymbol(nodeType)[39m]: [33m1[39m,
    [[32mSymbol(prefix)[39m]: [1mnull[22m,
    [[32mSymbol(shadowRoot)[39m]: [1mnull[22m,
    [[32mSymbol(scrollHeight)[39m]: [33m0[39m,
    [[32mSymbol(scrollWidth)[39m]: [33m0[39m,
    [[32mSymbol(scrollTop)[39m]: [33m0[39m,
    [[32mSymbol(scrollLeft)[39m]: [33m0[39m,
    [[32mSymbol(attributes)[39m]: NamedNodeMap {
      [[32mSymbol(itemsByNamespaceURI)[39m]: [36m[Map][39m,
      [[32mSymbol(itemsByName)[39m]: [36m[Map][39m,
      [[32mSymbol(items)[39m]: [36m[Map][39m,
      [[32mSymbol(ownerElement)[39m]: [36m[Circular *3][39m
    },
    [[32mSymbol(attributesProxy)[39m]: [1mnull[22m,
    [[32mSymbol(children)[39m]: [1mnull[22m,
    [[32mSymbol(computedStyle)[39m]: [1mnull[22m,
    [[32mSymbol(propertyEventListeners)[39m]: Map(2) {
      [32m'onload'[39m => [36m[Function (anonymous)][39m,
      [32m'onerror'[39m => [36m[Function (anonymous)][39m
    },
    [[32mSymbol(tagName)[39m]: [32m'SCRIPT'[39m,
    [[32mSymbol(localName)[39m]: [32m'script'[39m,
    [[32mSymbol(namespaceURI)[39m]: [32m'http://www.w3.org/1999/xhtml'[39m,
    [[32mSymbol(accessKey)[39m]: [32m''[39m,
    [[32mSymbol(offsetHeight)[39m]: [33m0[39m,
    [[32mSymbol(offsetWidth)[39m]: [33m0[39m,
    [[32mSymbol(offsetLeft)[39m]: [33m0[39m,
    [[32mSymbol(offsetTop)[39m]: [33m0[39m,
    [[32mSymbol(clientHeight)[39m]: [33m0[39m,
    [[32mSymbol(clientWidth)[39m]: [33m0[39m,
    [[32mSymbol(clientLeft)[39m]: [33m0[39m,
    [[32mSymbol(clientTop)[39m]: [33m0[39m,
    [[32mSymbol(style)[39m]: [1mnull[22m,
    [[32mSymbol(dataset)[39m]: [1mnull[22m,
    [[32mSymbol(disableEvaluation)[39m]: [33mfalse[39m,
    [[32mSymbol(blocking)[39m]: [1mnull[22m
  },
  [[32mSymbol(currentTarget)[39m]: [1mnull[22m,
  [[32mSymbol(isInPassiveEventListener)[39m]: [33mfalse[39m
}

[90mstdout[2m | tests/response-viewer.test.tsx[2m > [22m[2mResponseViewer[2m > [22m[2mResponse Body[2m > [22m[2mshould display string response body
[22m[39m[ResponseViewer] Response data: {
  contentType: [32m'text/plain'[39m,
  bodyType: [32m'string'[39m,
  body: [32m'Plain text response'[39m,
  isJson: [33mfalse[39m
}

[90mstderr[2m | tests/response-viewer.test.tsx[2m > [22m[2mResponseViewer[2m > [22m[2mResponse Body[2m > [22m[2mshould display string response body
[22m[39mMonaco initialization: error: Event {
  NONE: [33m0[39m,
  CAPTURING_PHASE: [33m1[39m,
  AT_TARGET: [33m2[39m,
  BUBBLING_PHASE: [33m3[39m,
  [[32mSymbol(composed)[39m]: [33mfalse[39m,
  [[32mSymbol(bubbles)[39m]: [33mfalse[39m,
  [[32mSymbol(cancelable)[39m]: [33mfalse[39m,
  [[32mSymbol(defaultPrevented)[39m]: [33mfalse[39m,
  [[32mSymbol(eventPhase)[39m]: [33m0[39m,
  [[32mSymbol(timeStamp)[39m]: [33m1312.365625[39m,
  [[32mSymbol(type)[39m]: [32m'error'[39m,
  [[32mSymbol(dispatching)[39m]: [33mfalse[39m,
  [[32mSymbol(immediatePropagationStopped)[39m]: [33mfalse[39m,
  [[32mSymbol(propagationStopped)[39m]: [33mfalse[39m,
  [[32mSymbol(target)[39m]: [36m<ref *3>[39m HTMLScriptElement {
    [[32mSymbol(listeners)[39m]: { capturing: Map(0) {}, bubbling: Map(0) {} },
    [[32mSymbol(listenerOptions)[39m]: { capturing: Map(0) {}, bubbling: Map(0) {} },
    [[32mSymbol(isConnected)[39m]: [33mtrue[39m,
    [[32mSymbol(parentNode)[39m]: HTMLBodyElement {
      [[32mSymbol(listeners)[39m]: [36m[Object][39m,
      [[32mSymbol(listenerOptions)[39m]: [36m[Object][39m,
      [[32mSymbol(isConnected)[39m]: [33mtrue[39m,
      [[32mSymbol(parentNode)[39m]: [36m[HTMLHtmlElement][39m,
      [[32mSymbol(rootNode)[39m]: [36m[HTMLDocument][39m,
      [[32mSymbol(styleNode)[39m]: [1mnull[22m,
      [[32mSymbol(textAreaNode)[39m]: [1mnull[22m,
      [[32mSymbol(formNode)[39m]: [1mnull[22m,
      [[32mSymbol(selectNode)[39m]: [1mnull[22m,
      [[32mSymbol(mutationListeners)[39m]: [],
      [[32mSymbol(nodeArray)[39m]: [36m[Array][39m,
      [[32mSymbol(elementArray)[39m]: [36m[Array][39m,
      [[32mSymbol(childNodes)[39m]: [36m[NodeList][39m,
      [[32mSymbol(assignedToSlot)[39m]: [1mnull[22m,
      [[32mSymbol(cache)[39m]: [36m[Object][39m,
      [[32mSymbol(affectsCache)[39m]: [],
      [[32mSymbol(ownerDocument)[39m]: [36m[HTMLDocument][39m,
      [[32mSymbol(window)[39m]: [36m[GlobalWindow [EventTarget]][39m,
      [[32mSymbol(classList)[39m]: [1mnull[22m,
      [[32mSymbol(isValue)[39m]: [1mnull[22m,
      [[32mSymbol(nodeType)[39m]: [33m1[39m,
      [[32mSymbol(prefix)[39m]: [1mnull[22m,
      [[32mSymbol(shadowRoot)[39m]: [1mnull[22m,
      [[32mSymbol(scrollHeight)[39m]: [33m0[39m,
      [[32mSymbol(scrollWidth)[39m]: [33m0[39m,
      [[32mSymbol(scrollTop)[39m]: [33m0[39m,
      [[32mSymbol(scrollLeft)[39m]: [33m0[39m,
      [[32mSymbol(attributes)[39m]: [36m[NamedNodeMap][39m,
      [[32mSymbol(attributesProxy)[39m]: [1mnull[22m,
      [[32mSymbol(children)[39m]: [1mnull[22m,
      [[32mSymbol(computedStyle)[39m]: [1mnull[22m,
      [[32mSymbol(propertyEventListeners)[39m]: Map(0) {},
      [[32mSymbol(tagName)[39m]: [32m'BODY'[39m,
      [[32mSymbol(localName)[39m]: [32m'body'[39m,
      [[32mSymbol(namespaceURI)[39m]: [32m'http://www.w3.org/1999/xhtml'[39m,
      [[32mSymbol(accessKey)[39m]: [32m''[39m,
      [[32mSymbol(offsetHeight)[39m]: [33m0[39m,
      [[32mSymbol(offsetWidth)[39m]: [33m0[39m,
      [[32mSymbol(offsetLeft)[39m]: [33m0[39m,
      [[32mSymbol(offsetTop)[39m]: [33m0[39m,
      [[32mSymbol(clientHeight)[39m]: [33m0[39m,
      [[32mSymbol(clientWidth)[39m]: [33m0[39m,
      [[32mSymbol(clientLeft)[39m]: [33m0[39m,
      [[32mSymbol(clientTop)[39m]: [33m0[39m,
      [[32mSymbol(style)[39m]: [1mnull[22m,
      [[32mSymbol(dataset)[39m]: [1mnull[22m
    },
    [[32mSymbol(rootNode)[39m]: [36m<ref *1>[39m HTMLDocument {
      defaultView: [36m[Getter][39m,
      _reactListeningknwne5wvqqj: [33mtrue[39m,
      [[32mSymbol(listeners)[39m]: [36m[Object][39m,
      [[32mSymbol(listenerOptions)[39m]: [36m[Object][39m,
      [[32mSymbol(isConnected)[39m]: [33mtrue[39m,
      [[32mSymbol(parentNode)[39m]: [1mnull[22m,
      [[32mSymbol(rootNode)[39m]: [36m[Circular *1][39m,
      [[32mSymbol(styleNode)[39m]: [1mnull[22m,
      [[32mSymbol(textAreaNode)[39m]: [1mnull[22m,
      [[32mSymbol(formNode)[39m]: [1mnull[22m,
      [[32mSymbol(selectNode)[39m]: [1mnull[22m,
      [[32mSymbol(mutationListeners)[39m]: [],
      [[32mSymbol(nodeArray)[39m]: [36m[Array][39m,
      [[32mSymbol(elementArray)[39m]: [36m[Array][39m,
      [[32mSymbol(childNodes)[39m]: [1mnull[22m,
      [[32mSymbol(assignedToSlot)[39m]: [1mnull[22m,
      [[32mSymbol(cache)[39m]: [36m[Object][39m,
      [[32mSymbol(affectsCache)[39m]: [36m[Array][39m,
      [[32mSymbol(ownerDocument)[39m]: [1mnull[22m,
      [[32mSymbol(children)[39m]: [1mnull[22m,
      [[32mSymbol(activeElement)[39m]: [1mnull[22m,
      [[32mSymbol(nextActiveElement)[39m]: [1mnull[22m,
      [[32mSymbol(currentScript)[39m]: [1mnull[22m,
      [[32mSymbol(isFirstWrite)[39m]: [33mtrue[39m,
      [[32mSymbol(isFirstWriteAfterOpen)[39m]: [33mfalse[39m,
      [[32mSymbol(nodeType)[39m]: [33m9[39m,
      [[32mSymbol(adoptedStyleSheets)[39m]: [],
      [[32mSymbol(implementation)[39m]: DOMImplementation {},
      [[32mSymbol(readyState)[39m]: [32m'complete'[39m,
      [[32mSymbol(referrer)[39m]: [32m''[39m,
      [[32mSymbol(defaultView)[39m]: [36m[GlobalWindow [EventTarget]][39m,
      [[32mSymbol(forms)[39m]: [1mnull[22m,
      [[32mSymbol(affectsComputedStyleCache)[39m]: [],
      [[32mSymbol(elementIdMap)[39m]: Map(0) {},
      [[32mSymbol(contentType)[39m]: [32m'text/html'[39m,
      [[32mSymbol(xmlProcessingInstruction)[39m]: [1mnull[22m,
      [[32mSymbol(preloads)[39m]: Map(0) {},
      [[32mSymbol(propertyEventListeners)[39m]: Map(0) {},
      [[32mSymbol(selection)[39m]: [1mnull[22m
    },
    [[32mSymbol(styleNode)[39m]: [1mnull[22m,
    [[32mSymbol(textAreaNode)[39m]: [1mnull[22m,
    [[32mSymbol(formNode)[39m]: [1mnull[22m,
    [[32mSymbol(selectNode)[39m]: [1mnull[22m,
    [[32mSymbol(mutationListeners)[39m]: [],
    [[32mSymbol(nodeArray)[39m]: [],
    [[32mSymbol(elementArray)[39m]: [],
    [[32mSymbol(childNodes)[39m]: [1mnull[22m,
    [[32mSymbol(assignedToSlot)[39m]: [1mnull[22m,
    [[32mSymbol(cache)[39m]: {
      querySelector: Map(0) {},
      querySelectorAll: Map(0) {},
      matches: [36m[Map][39m,
      elementsByTagName: Map(0) {},
      elementsByTagNameNS: Map(0) {},
      elementByTagName: Map(0) {},
      elementById: Map(0) {},
      computedStyle: [1mnull[22m
    },
    [[32mSymbol(affectsCache)[39m]: [ [36m[Object][39m, [36m[Object][39m, [36m[Object][39m ],
    [[32mSymbol(ownerDocument)[39m]: [36m<ref *1>[39m HTMLDocument {
      defaultView: [36m[Getter][39m,
      _reactListeningknwne5wvqqj: [33mtrue[39m,
      [[32mSymbol(listeners)[39m]: [36m[Object][39m,
      [[32mSymbol(listenerOptions)[39m]: [36m[Object][39m,
      [[32mSymbol(isConnected)[39m]: [33mtrue[39m,
      [[32mSymbol(parentNode)[39m]: [1mnull[22m,
      [[32mSymbol(rootNode)[39m]: [36m[Circular *1][39m,
      [[32mSymbol(styleNode)[39m]: [1mnull[22m,
      [[32mSymbol(textAreaNode)[39m]: [1mnull[22m,
      [[32mSymbol(formNode)[39m]: [1mnull[22m,
      [[32mSymbol(selectNode)[39m]: [1mnull[22m,
      [[32mSymbol(mutationListeners)[39m]: [],
      [[32mSymbol(nodeArray)[39m]: [36m[Array][39m,
      [[32mSymbol(elementArray)[39m]: [36m[Array][39m,
      [[32mSymbol(childNodes)[39m]: [1mnull[22m,
      [[32mSymbol(assignedToSlot)[39m]: [1mnull[22m,
      [[32mSymbol(cache)[39m]: [36m[Object][39m,
      [[32mSymbol(affectsCache)[39m]: [36m[Array][39m,
      [[32mSymbol(ownerDocument)[39m]: [1mnull[22m,
      [[32mSymbol(children)[39m]: [1mnull[22m,
      [[32mSymbol(activeElement)[39m]: [1mnull[22m,
      [[32mSymbol(nextActiveElement)[39m]: [1mnull[22m,
      [[32mSymbol(currentScript)[39m]: [1mnull[22m,
      [[32mSymbol(isFirstWrite)[39m]: [33mtrue[39m,
      [[32mSymbol(isFirstWriteAfterOpen)[39m]: [33mfalse[39m,
      [[32mSymbol(nodeType)[39m]: [33m9[39m,
      [[32mSymbol(adoptedStyleSheets)[39m]: [],
      [[32mSymbol(implementation)[39m]: DOMImplementation {},
      [[32mSymbol(readyState)[39m]: [32m'complete'[39m,
      [[32mSymbol(referrer)[39m]: [32m''[39m,
      [[32mSymbol(defaultView)[39m]: [36m[GlobalWindow [EventTarget]][39m,
      [[32mSymbol(forms)[39m]: [1mnull[22m,
      [[32mSymbol(affectsComputedStyleCache)[39m]: [],
      [[32mSymbol(elementIdMap)[39m]: Map(0) {},
      [[32mSymbol(contentType)[39m]: [32m'text/html'[39m,
      [[32mSymbol(xmlProcessingInstruction)[39m]: [1mnull[22m,
      [[32mSymbol(preloads)[39m]: Map(0) {},
      [[32mSymbol(propertyEventListeners)[39m]: Map(0) {},
      [[32mSymbol(selection)[39m]: [1mnull[22m
    },
    [[32mSymbol(window)[39m]: [36m<ref *2>[39m GlobalWindow [EventTarget] {
      Node: [36m[Function][39m,
      Attr: [36m[class Attr extends Node][39m,
      ShadowRoot: [36m[class ShadowRoot extends DocumentFragment][39m,
      ProcessingInstruction: [36m[class ProcessingInstruction extends CharacterData][39m,
      Element: [36m[Function][39m,
      CharacterData: [36m[class CharacterData extends Node][39m,
      DocumentType: [36m[class DocumentType extends Node][39m,
      HTMLAnchorElement: [36m[class HTMLAnchorElement extends HTMLElement][39m,
      HTMLButtonElement: [36m[class HTMLButtonElement extends HTMLElement][39m,
      HTMLOptGroupElement: [36m[class HTMLOptGroupElement extends HTMLElement][39m,
      HTMLOptionElement: [36m[class HTMLOptionElement extends HTMLElement][39m,
      HTMLElement: [36m[Function][39m,
      HTMLUnknownElement: [36m[class HTMLUnknownElement extends HTMLElement][39m,
      HTMLTemplateElement: [36m[class HTMLTemplateElement extends HTMLElement][39m,
      HTMLInputElement: [36m[class HTMLInputElement extends HTMLElement][39m,
      HTMLSelectElement: [36m[class HTMLSelectElement extends HTMLElement][39m,
      HTMLTextAreaElement: [36m[class HTMLTextAreaElement extends HTMLElement][39m,
      HTMLImageElement: [36m[class HTMLImageElement extends HTMLElement][39m,
      HTMLStyleElement: [36m[class HTMLStyleElement extends HTMLElement][39m,
      HTMLLabelElement: [36m[class HTMLLabelElement extends HTMLElement][39m,
      HTMLSlotElement: [36m[class HTMLSlotElement extends HTMLElement][39m,
      HTMLMetaElement: [36m[class HTMLMetaElement extends HTMLElement][39m,
      HTMLMediaElement: [36m[class HTMLMediaElement extends HTMLElement][39m,
      HTMLAudioElement: [36m[class HTMLAudioElement extends HTMLMediaElement][39m,
      HTMLVideoElement: [36m[class HTMLVideoElement extends HTMLMediaElement][39m,
      HTMLBaseElement: [36m[class HTMLBaseElement extends HTMLElement][39m,
      HTMLDialogElement: [36m[class HTMLDialogElement extends HTMLElement][39m,
      HTMLScriptElement: [36m[class HTMLScriptElement extends HTMLElement][39m,
      HTMLLinkElement: [36m[class HTMLLinkElement extends HTMLElement][39m,
      HTMLIFrameElement: [36m[class HTMLIFrameElement extends HTMLElement][39m,
      HTMLFormElement: [36m[class HTMLFormElement extends HTMLElement][39m,
      HTMLUListElement: [36m[class HTMLUListElement extends HTMLElement][39m,
      HTMLTrackElement: [36m[class HTMLTrackElement extends HTMLElement][39m,
      HTMLTableRowElement: [36m[class HTMLTableRowElement extends HTMLElement][39m,
      HTMLTitleElement: [36m[class HTMLTitleElement extends HTMLElement][39m,
      HTMLTimeElement: [36m[class HTMLTimeElement extends HTMLElement][39m,
      HTMLTableSectionElement: [36m[class HTMLTableSectionElement extends HTMLElement][39m,
      HTMLTableCellElement: [36m[class HTMLTableCellElement extends HTMLElement][39m,
      HTMLTableElement: [36m[class HTMLTableElement extends HTMLElement][39m,
      HTMLSpanElement: [36m[class HTMLSpanElement extends HTMLElement][39m,
      HTMLSourceElement: [36m[class HTMLSourceElement extends HTMLElement][39m,
      HTMLQuoteElement: [36m[class HTMLQuoteElement extends HTMLElement][39m,
      HTMLProgressElement: [36m[class HTMLProgressElement extends HTMLElement][39m,
      HTMLPreElement: [36m[class HTMLPreElement extends HTMLElement][39m,
      HTMLPictureElement: [36m[class HTMLPictureElement extends HTMLElement][39m,
      HTMLParamElement: [36m[class HTMLParamElement extends HTMLElement][39m,
      HTMLParagraphElement: [36m[class HTMLParagraphElement extends HTMLElement][39m,
      HTMLOutputElement: [36m[class HTMLOutputElement extends HTMLElement][39m,
      HTMLOListElement: [36m[class HTMLOListElement extends HTMLElement][39m,
      HTMLObjectElement: [36m[class HTMLObjectElement extends HTMLElement][39m,
      HTMLMeterElement: [36m[class HTMLMeterElement extends HTMLElement][39m,
      HTMLMenuElement: [36m[class HTMLMenuElement extends HTMLElement][39m,
      HTMLMapElement: [36m[class HTMLMapElement extends HTMLElement][39m,
      HTMLLIElement: [36m[class HTMLLIElement extends HTMLElement][39m,
      HTMLLegendElement: [36m[class HTMLLegendElement extends HTMLElement][39m,
      HTMLModElement: [36m[class HTMLModElement extends HTMLElement][39m,
      HTMLHtmlElement: [36m[class HTMLHtmlElement extends HTMLElement][39m,
      HTMLHRElement: [36m[class HTMLHRElement extends HTMLElement][39m,
      HTMLHeadElement: [36m[class HTMLHeadElement extends HTMLElement][39m,
      HTMLHeadingElement: [36m[class HTMLHeadingElement extends HTMLElement][39m,
      HTMLFieldSetElement: [36m[class HTMLFieldSetElement extends HTMLElement][39m,
      HTMLEmbedElement: [36m[class HTMLEmbedElement extends HTMLElement][39m,
      HTMLDListElement: [36m[class HTMLDListElement extends HTMLElement][39m,
      HTMLDivElement: [36m[class HTMLDivElement extends HTMLElement][39m,
      HTMLDetailsElement: [36m[class HTMLDetailsElement extends HTMLElement][39m,
      HTMLDataListElement: [36m[class HTMLDataListElement extends HTMLElement][39m,
      HTMLDataElement: [36m[class HTMLDataElement extends HTMLElement][39m,
      HTMLTableColElement: [36m[class HTMLTableColElement extends HTMLElement][39m,
      HTMLTableCaptionElement: [36m[class HTMLTableCaptionElement extends HTMLElement][39m,
      HTMLCanvasElement: [36m[class HTMLCanvasElement extends HTMLElement][39m,
      HTMLBRElement: [36m[class HTMLBRElement extends HTMLElement][39m,
      HTMLBodyElement: [36m[class HTMLBodyElement extends HTMLElement][39m,
      HTMLAreaElement: [36m[class HTMLAreaElement extends HTMLElement][39m,
      SVGSVGElement: [36m[class SVGSVGElement extends SVGGraphicsElement][39m,
      SVGAnimateElement: [36m[class SVGAnimateElement extends SVGAnimationElement][39m,
      SVGAnimateMotionElement: [36m[class SVGAnimateMotionElement extends SVGAnimationElement][39m,
      SVGAnimateTransformElement: [36m[class SVGAnimateTransformElement extends SVGAnimationElement][39m,
      SVGCircleElement: [36m[class SVGCircleElement extends SVGGeometryElement][39m,
      SVGClipPathElement: [36m[class SVGClipPathElement extends SVGElement][39m,
      SVGDefsElement: [36m[class SVGDefsElement extends SVGGraphicsElement][39m,
      SVGDescElement: [36m[class SVGDescElement extends SVGElement][39m,
      SVGEllipseElement: [36m[class SVGEllipseElement extends SVGGeometryElement][39m,
      SVGFEBlendElement: [36m[Function][39m,
      SVGFEColorMatrixElement: [36m[Function][39m,
      SVGFEComponentTransferElement: [36m[class SVGFEComponentTransferElement extends SVGElement][39m,
      SVGFECompositeElement: [36m[Function][39m,
      SVGFEConvolveMatrixElement: [36m[Function][39m,
      SVGFEDiffuseLightingElement: [36m[class SVGFEDiffuseLightingElement extends SVGElement][39m,
      SVGFEDisplacementMapElement: [36m[Function][39m,
      SVGFEDistantLightElement: [36m[class SVGFEDistantLightElement extends SVGElement][39m,
      SVGFEDropShadowElement: [36m[class SVGFEDropShadowElement extends SVGElement][39m,
      SVGFEFloodElement: [36m[class SVGFEFloodElement extends SVGElement][39m,
      SVGFEFuncAElement: [36m[class SVGFEFuncAElement extends SVGComponentTransferFunctionElement][39m,
      SVGFEFuncBElement: [36m[class SVGFEFuncBElement extends SVGComponentTransferFunctionElement][39m,
      SVGFEFuncGElement: [36m[class SVGFEFuncGElement extends SVGComponentTransferFunctionElement][39m,
      SVGFEFuncRElement: [36m[class SVGFEFuncRElement extends SVGComponentTransferFunctionElement][39m,
      SVGFEGaussianBlurElement: [36m[Function][39m,
      SVGFEImageElement: [36m[class SVGFEImageElement extends SVGElement][39m,
      SVGFEMergeElement: [36m[class SVGFEMergeElement extends SVGElement][39m,
      SVGFEMergeNodeElement: [36m[class SVGFEMergeNodeElement extends SVGElement][39m,
      SVGFEMorphologyElement: [36m[Function][39m,
      SVGFEOffsetElement: [36m[class SVGFEOffsetElement extends SVGElement][39m,
      SVGFEPointLightElement: [36m[class SVGFEPointLightElement extends SVGElement][39m,
      SVGFESpecularLightingElement: [36m[class SVGFESpecularLightingElement extends SVGElement][39m,
      SVGFESpotLightElement: [36m[class SVGFESpotLightElement extends SVGElement][39m,
      SVGFETileElement: [36m[class SVGFETileElement extends SVGElement][39m,
      SVGFETurbulenceElement: [36m[Function][39m,
      SVGFilterElement: [36m[class SVGFilterElement extends SVGElement][39m,
      SVGForeignObjectElement: [36m[class SVGForeignObjectElement extends SVGGraphicsElement][39m,
      SVGGElement: [36m[class SVGGElement extends SVGGraphicsElement][39m,
      SVGImageElement: [36m[class SVGImageElement extends SVGGraphicsElement][39m,
      SVGLineElement: [36m[class SVGLineElement extends SVGGeometryElement][39m,
      SVGLinearGradientElement: [36m[class SVGLinearGradientElement extends SVGGradientElement][39m,
      SVGMarkerElement: [36m[Function][39m,
      SVGMaskElement: [36m[class SVGMaskElement extends SVGElement][39m,
      SVGMetadataElement: [36m[class SVGMetadataElement extends SVGElement][39m,
      SVGMPathElement: [36m[class SVGMPathElement extends SVGElement][39m,
      SVGPathElement: [36m[class SVGPathElement extends SVGGeometryElement][39m,
      SVGPatternElement: [36m[class SVGPatternElement extends SVGElement][39m,
      SVGPolygonElement: [36m[class SVGPolygonElement extends SVGGeometryElement][39m,
      SVGPolylineElement: [36m[class SVGPolylineElement extends SVGGeometryElement][39m,
      SVGRadialGradientElement: [36m[class SVGRadialGradientElement extends SVGGradientElement][39m,
      SVGRectElement: [36m[class SVGRectElement extends SVGGeometryElement][39m,
      SVGScriptElement: [36m[class SVGScriptElement extends SVGGraphicsElement][39m,
      SVGSetElement: [36m[class SVGSetElement extends SVGAnimationElement][39m,
      SVGStopElement: [36m[class SVGStopElement extends SVGElement][39m,
      SVGStyleElement: [36m[class SVGStyleElement extends SVGElement][39m,
      SVGSwitchElement: [36m[class SVGSwitchElement extends SVGGraphicsElement][39m,
      SVGSymbolElement: [36m[class SVGSymbolElement extends SVGGraphicsElement][39m,
      SVGTextElement: [36m[class SVGTextElement extends SVGTextPositioningElement][39m,
      SVGTextPathElement: [36m[Function][39m,
      SVGTitleElement: [36m[class SVGTitleElement extends SVGElement][39m,
      SVGTSpanElement: [36m[class SVGTSpanElement extends SVGTextPositioningElement][39m,
      SVGUseElement: [36m[class SVGUseElement extends SVGGraphicsElement][39m,
      SVGViewElement: [36m[class SVGViewElement extends SVGElement][39m,
      SVGElement: [36m[class SVGElement extends Element][39m,
      SVGAnimationElement: [36m[class SVGAnimationElement extends SVGElement][39m,
      SVGComponentTransferFunctionElement: [36m[Function][39m,
      SVGGeometryElement: [36m[class SVGGeometryElement extends SVGGraphicsElement][39m,
      SVGGradientElement: [36m[Function][39m,
      SVGTextPositioningElement: [36m[class SVGTextPositioningElement extends SVGTextContentElement][39m,
      SVGGraphicsElement: [36m[class SVGGraphicsElement extends SVGElement][39m,
      Event: [36m[Function][39m,
      UIEvent: [36m[Function][39m,
      CustomEvent: [36m[class CustomEvent extends Event][39m,
      AnimationEvent: [36m[class AnimationEvent extends Event][39m,
      KeyboardEvent: [36m[Function][39m,
      MessageEvent: [36m[class MessageEvent extends Event][39m,
      MouseEvent: [36m[class MouseEvent extends UIEvent][39m,
      PointerEvent: [36m[class PointerEvent extends MouseEvent][39m,
      FocusEvent: [36m[class FocusEvent extends UIEvent][39m,
      WheelEvent: [36m[Function][39m,
      InputEvent: [36m[class InputEvent extends UIEvent][39m,
      ErrorEvent: [36m[class ErrorEvent extends UIEvent][39m,
      StorageEvent: [36m[class StorageEvent extends Event][39m,
      SubmitEvent: [36m[class SubmitEvent extends Event][39m,
      ProgressEvent: [36m[class ProgressEvent extends Event][39m,
      MediaQueryListEvent: [36m[class MediaQueryListEvent extends Event][39m,
      HashChangeEvent: [36m[class HashChangeEvent extends Event][39m,
      ClipboardEvent: [36m[class ClipboardEvent extends Event][39m,
      TouchEvent: [36m[class TouchEvent extends UIEvent][39m,
      PopStateEvent: [36m[class PopStateEvent extends Event][39m,
      Touch: [36m[class Touch][39m,
      AudioProcessingEvent: [36m[Function][39m,
      BeforeInputEvent: [36m[Function][39m,
      BeforeUnloadEvent: [36m[Function][39m,
      BlobEvent: [36m[Function][39m,
      CloseEvent: [36m[Function][39m,
      CompositionEvent: [36m[Function][39m,
      CSSFontFaceLoadEvent: [36m[Function][39m,
      DeviceLightEvent: [36m[Function][39m,
      DeviceMotionEvent: [36m[Function][39m,
      DeviceOrientationEvent: [36m[Function][39m,
      DeviceProximityEvent: [36m[Function][39m,
      DOMTransactionEvent: [36m[Function][39m,
      DragEvent: [36m[Function][39m,
      EditingBeforeInputEvent: [36m[Function][39m,
      FetchEvent: [36m[Function][39m,
      GamepadEvent: [36m[Function][39m,
      IDBVersionChangeEvent: [36m[Function][39m,
      MediaStreamEvent: [36m[Function][39m,
      MutationEvent: [36m[Function][39m,
      OfflineAudioCompletionEvent: [36m[Function][39m,
      OverconstrainedError: [36m[Function][39m,
      PageTransitionEvent: [36m[Function][39m,
      PaymentRequestUpdateEvent: [36m[Function][39m,
      RelatedEvent: [36m[Function][39m,
      RTCDataChannelEvent: [36m[Function][39m,
      RTCIdentityErrorEvent: [36m[Function][39m,
      RTCIdentityEvent: [36m[Function][39m,
      RTCPeerConnectionIceEvent: [36m[Function][39m,
      SensorEvent: [36m[Function][39m,
      SVGEvent: [36m[Function][39m,
      SVGZoomEvent: [36m[Function][39m,
      TimeEvent: [36m[Function][39m,
      TrackEvent: [36m[Function][39m,
      TransitionEvent: [36m[Function][39m,
      UserProximityEvent: [36m[Function][39m,
      WebGLContextEvent: [36m[Function][39m,
      TextEvent: [36m[Function][39m,
      Permissions: [36m[class Permissions][39m,
      History: [36m[class History][39m,
      Navigator: [36m[class Navigator][39m,
      Clipboard: [36m[class Clipboard][39m,
      TimeRanges: [36m[class TimeRanges][39m,
      TextTrackCueList: [36m[class TextTrackCueList extends Array][39m,
      ValidityState: [36m[class ValidityState][39m,
      MutationRecord: [36m[class MutationRecord][39m,
      IntersectionObserver: [36m[class IntersectionObserver][39m,
      IntersectionObserverEntry: [36m[class IntersectionObserverEntry][39m,
      CSSStyleDeclaration: [36m[class CSSStyleDeclaration][39m,
      CSSRule: [36m[Function][39m,
      CSSContainerRule: [36m[class CSSContainerRule extends CSSConditionRule][39m,
      CSSFontFaceRule: [36m[class CSSFontFaceRule extends CSSRule][39m,
      CSSKeyframeRule: [36m[class CSSKeyframeRule extends CSSRule][39m,
      CSSKeyframesRule: [36m[class CSSKeyframesRule extends CSSRule][39m,
      CSSMediaRule: [36m[class CSSMediaRule extends CSSConditionRule][39m,
      CSSStyleRule: [36m[class CSSStyleRule extends CSSGroupingRule][39m,
      CSSSupportsRule: [36m[class CSSSupportsRule extends CSSConditionRule][39m,
      CSSConditionRule: [36m[class CSSConditionRule extends CSSGroupingRule][39m,
      CSSGroupingRule: [36m[class CSSGroupingRule extends CSSRule][39m,
      CSSScopeRule: [36m[class CSSScopeRule extends CSSGroupingRule][39m,
      DOMRect: [36m[class DOMRect extends DOMRectReadOnly][39m,
      DOMRectReadOnly: [36m[class DOMRectReadOnly][39m,
      Plugin: [36m[class Plugin][39m,
      PluginArray: [36m[class PluginArray][39m,
      Location: [36m[class Location][39m,
      CustomElementRegistry: [36m[class CustomElementRegistry][39m,
      ResizeObserver: [36m[class ResizeObserver][39m,
      Blob: [36m[class Blob][39m,
      File: [36m[class File extends Blob][39m,
      Storage: [36m[class Storage][39m,
      MimeType: [36m[class MimeType][39m,
      MimeTypeArray: [36m[class MimeTypeArray][39m,
      NodeFilter: [36m[Object][39m,
      HTMLCollection: [36m[class HTMLCollection][39m,
      HTMLFormControlCollection: [36m[class HTMLFormControlsCollection extends HTMLCollection][39m,
      HTMLOptionsCollection: [36m[class HTMLOptionsCollection extends HTMLCollection][39m,
      NodeList: [36m[class NodeList][39m,
      RadioNodeList: [36m[class RadioNodeList extends NodeList][39m,
      FileList: [36m[class FileList extends Array][39m,
      Screen: [36m[class Screen][39m,
      DOMMatrixReadOnly: [36m[class DOMMatrixReadOnly][39m,
      DOMMatrix: [36m[class DOMMatrix extends DOMMatrixReadOnly][39m,
      NamedNodeMap: [36m[class NamedNodeMap][39m,
      TreeWalker: [36m[class TreeWalker][39m,
      NodeIterator: [36m[class NodeIterator][39m,
      DataTransfer: [36m[class DataTransfer][39m,
      DataTransferItem: [36m[class DataTransferItem][39m,
      DataTransferItemList: [36m[class DataTransferItemList extends Array][39m,
      XMLSerializer: [36m[class XMLSerializer][39m,
      ClipboardItem: [36m[class ClipboardItem][39m,
      Selection: [36m[class Selection][39m,
      CSSUnitValue: [36m[class CSSUnitValue][39m,
      SVGAngle: [36m[Function][39m,
      SVGAnimatedAngle: [36m[class SVGAnimatedAngle][39m,
      SVGAnimatedBoolean: [36m[class SVGAnimatedBoolean][39m,
      SVGAnimatedEnumeration: [36m[class SVGAnimatedEnumeration][39m,
      SVGAnimatedInteger: [36m[class SVGAnimatedInteger][39m,
      SVGAnimatedLength: [36m[class SVGAnimatedLength][39m,
      SVGAnimatedNumber: [36m[class SVGAnimatedNumber][39m,
      SVGAnimatedNumberList: [36m[class SVGAnimatedNumberList][39m,
      SVGAnimatedPreserveAspectRatio: [36m[class SVGAnimatedPreserveAspectRatio][39m,
      SVGAnimatedRect: [36m[class SVGAnimatedRect][39m,
      SVGAnimatedString: [36m[class SVGAnimatedString][39m,
      SVGAnimatedTransformList: [36m[class SVGAnimatedTransformList][39m,
      SVGLength: [36m[Function][39m,
      SVGLengthList: [36m[class SVGLengthList][39m,
      SVGMatrix: [36m[class SVGMatrix][39m,
      SVGNumber: [36m[class SVGNumber][39m,
      SVGNumberList: [36m[class SVGNumberList][39m,
      SVGPoint: [36m[class SVGPoint][39m,
      SVGPointList: [36m[class SVGPointList][39m,
      SVGPreserveAspectRatio: [36m[Function][39m,
      SVGRect: [36m[class SVGRect][39m,
      SVGStringList: [36m[class SVGStringList][39m,
      SVGTransform: [36m[Function][39m,
      SVGTransformList: [36m[class SVGTransformList][39m,
      SVGAnimatedLengthList: [36m[class SVGAnimatedLengthList][39m,
      SVGUnitTypes: [36m[Function][39m,
      DOMPoint: [36m[class DOMPoint extends DOMPointReadOnly][39m,
      StylePropertyMap: [36m[class StylePropertyMap extends StylePropertyMapReadOnly][39m,
      StylePropertyMapReadOnly: [36m[class StylePropertyMapReadOnly][39m,
      MediaList: [36m[class MediaList][39m,
      CSSKeywordValue: [36m[class CSSKeywordValue][39m,
      CSSStyleValue: [36m[class CSSStyleValue][39m,
      Window: [36m[class GlobalWindow extends Window][39m,
      URLSearchParams: [36m[class URLSearchParams][39m,
      WritableStream: [36m[Function][39m,
      ReadableStream: [36m[Function][39m,
      TransformStream: [36m[Function: Transform][39m,
      PerformanceObserver: [36m[class PerformanceObserver][39m,
      PerformanceEntry: [36m[class PerformanceEntry][39m,
      PerformanceObserverEntryList: [36m[class PerformanceObserverEntryList][39m,
      onload: [1mnull[22m,
      onerror: [1mnull[22m,
      document: [36m[HTMLDocument][39m,
      customElements: [36m[CustomElementRegistry][39m,
      window: [36m[Circular *2][39m,
      globalThis: [36m[Circular *2][39m,
      performance: [36m[Performance][39m,
      screenLeft: [33m0[39m,
      screenTop: [33m0[39m,
      screenX: [33m0[39m,
      screenY: [33m0[39m,
      crypto: Crypto {},
      TextEncoder: [36m[class TextEncoder][39m,
      TextDecoder: [36m[class TextDecoder][39m,
      closed: [33mfalse[39m,
      console: [36m[Object [console]][39m,
      name: [32m''[39m,
      Buffer: [36m[Function][39m,
      Document: [36m[class Document extends Document][39m,
      HTMLDocument: [36m[class HTMLDocument extends HTMLDocument][39m,
      XMLDocument: [36m[class XMLDocument extends XMLDocument][39m,
      DocumentFragment: [36m[class DocumentFragment extends DocumentFragment][39m,
      Text: [36m[class Text extends Text][39m,
      Comment: [36m[class Comment extends Comment][39m,
      Image: [36m[class Image extends Image][39m,
      Audio: [36m[class Audio extends Audio][39m,
      MutationObserver: [36m[class MutationObserver extends MutationObserver][39m,
      MessagePort: [36m[class MessagePort extends MessagePort][39m,
      CSSStyleSheet: [36m[class CSSStyleSheet extends CSSStyleSheet][39m,
      DOMException: [36m[class DOMException extends DOMException][39m,
      Headers: [36m[class Headers extends Headers][39m,
      Request: [36m[class Request extends Request][39m,
      Response: [36m[Function][39m,
      EventTarget: [36m[class EventTarget extends EventTarget][39m,
      XMLHttpRequestUpload: [36m[class XMLHttpRequestUpload extends XMLHttpRequestUpload][39m,
      XMLHttpRequestEventTarget: [36m[class XMLHttpRequestEventTarget extends XMLHttpRequestEventTarget][39m,
      AbortController: [36m[class AbortController extends AbortController][39m,
      AbortSignal: [36m[Function][39m,
      FormData: [36m[class FormData extends FormData][39m,
      PermissionStatus: [36m[class PermissionStatus extends PermissionStatus][39m,
      XMLHttpRequest: [36m[class XMLHttpRequest extends XMLHttpRequest][39m,
      DOMParser: [36m[class DOMParser extends DOMParser][39m,
      Range: [36m[class Range extends Range][39m,
      VTTCue: [36m[class VTTCue extends VTTCue][39m,
      TextTrack: [36m[class TextTrack extends TextTrack][39m,
      TextTrackList: [36m[class TextTrackList extends TextTrackList][39m,
      TextTrackCue: [36m[class TextTrackCue extends TextTrackCue][39m,
      RemotePlayback: [36m[class RemotePlayback extends RemotePlayback][39m,
      FileReader: [36m[class FileReader extends FileReader][39m,
      MediaStream: [36m[class MediaStream extends MediaStream][39m,
      MediaStreamTrack: [36m[class MediaStreamTrack extends MediaStreamTrack][39m,
      CanvasCaptureMediaStreamTrack: [36m[class CanvasCaptureMediaStreamTrack extends CanvasCaptureMediaStreamTrack][39m,
      URL: [36m[class URL extends URL][39m,
      happyDOM: DetachedWindowAPI {},
      Array: [36m[Function: Array][39m,
      ArrayBuffer: [36m[Function: ArrayBuffer][39m,
      Boolean: [36m[Function: Boolean][39m,
      DataView: [36m[Function: DataView][39m,
      Date: [36m[Function: Date][39m,
      Error: [36m[Function][39m,
      EvalError: [36m[Function: EvalError][39m,
      Float32Array: [36m[Function: Float32Array][39m,
      Float64Array: [36m[Function: Float64Array][39m,
      Function: [36m[Function: Function][39m,
      Infinity: [33mInfinity[39m,
      Int16Array: [36m[Function: Int16Array][39m,
      Int32Array: [36m[Function: Int32Array][39m,
      Int8Array: [36m[Function: Int8Array][39m,
      Intl: Object [Intl] {},
      JSON: Object [JSON] {},
      Map: [36m[Function: Map][39m,
      Math: Object [Math] {},
      NaN: [33mNaN[39m,
      Number: [36m[Function: Number][39m,
      Object: [36m[Function: Object][39m,
      Promise: [36m[Function: Promise][39m,
      RangeError: [36m[Function: RangeError][39m,
      ReferenceError: [36m[Function: ReferenceError][39m,
      RegExp: [36m[Function: RegExp][39m,
      Set: [36m[Function: Set][39m,
      String: [36m[Function: String][39m,
      Symbol: [36m[Function: Symbol][39m,
      SyntaxError: [36m[Function: SyntaxError][39m,
      TypeError: [36m[Function: TypeError][39m,
      URIError: [36m[Function: URIError][39m,
      Uint16Array: [36m[Function: Uint16Array][39m,
      Uint32Array: [36m[Function: Uint32Array][39m,
      Uint8Array: [36m[Function: Uint8Array][39m,
      Uint8ClampedArray: [36m[Function: Uint8ClampedArray][39m,
      WeakMap: [36m[Function: WeakMap][39m,
      WeakSet: [36m[Function: WeakSet][39m,
      decodeURI: [36m[Function: decodeURI][39m,
      decodeURIComponent: [36m[Function: decodeURIComponent][39m,
      encodeURI: [36m[Function: encodeURI][39m,
      encodeURIComponent: [36m[Function: encodeURIComponent][39m,
      eval: [36m[Function: eval][39m,
      escape: [36m[Function: escape][39m,
      global: [36m[Object [global]][39m,
      isFinite: [36m[Function: isFinite][39m,
      isNaN: [36m[Function: isNaN][39m,
      parseFloat: [36m[Function: parseFloat][39m,
      parseInt: [36m[Function: parseInt][39m,
      undefined: [90mundefined[39m,
      unescape: [36m[Function: unescape][39m,
      [[32mSymbol(listeners)[39m]: [36m[Object][39m,
      [[32mSymbol(listenerOptions)[39m]: [36m[Object][39m,
      [[32mSymbol(mutationObservers)[39m]: [],
      [[32mSymbol(readyStateManager)[39m]: DocumentReadyStateManager {},
      [[32mSymbol(location)[39m]: [36m[Location][39m,
      [[32mSymbol(history)[39m]: History {},
      [[32mSymbol(navigator)[39m]: Navigator {},
      [[32mSymbol(screen)[39m]: [36m[Screen][39m,
      [[32mSymbol(sessionStorage)[39m]: [36m[Storage][39m,
      [[32mSymbol(localStorage)[39m]: [36m[Storage][39m,
      [[32mSymbol(self)[39m]: [36m[Circular *2][39m,
      [[32mSymbol(top)[39m]: [36m[Circular *2][39m,
      [[32mSymbol(parent)[39m]: [36m[Circular *2][39m,
      [[32mSymbol(window)[39m]: [36m[Circular *2][39m,
      [[32mSymbol(frames)[39m]: [36m[Circular *2][39m,
      [[32mSymbol(internalId)[39m]: [33m0[39m,
      [[32mSymbol(customElementReactionStack)[39m]: [36m[CustomElementReactionStack][39m,
      [[32mSymbol(modules)[39m]: [36m[Object][39m,
      [[32mSymbol(moduleImportMap)[39m]: [1mnull[22m
    },
    [[32mSymbol(classList)[39m]: [1mnull[22m,
    [[32mSymbol(isValue)[39m]: [1mnull[22m,
    [[32mSymbol(nodeType)[39m]: [33m1[39m,
    [[32mSymbol(prefix)[39m]: [1mnull[22m,
    [[32mSymbol(shadowRoot)[39m]: [1mnull[22m,
    [[32mSymbol(scrollHeight)[39m]: [33m0[39m,
    [[32mSymbol(scrollWidth)[39m]: [33m0[39m,
    [[32mSymbol(scrollTop)[39m]: [33m0[39m,
    [[32mSymbol(scrollLeft)[39m]: [33m0[39m,
    [[32mSymbol(attributes)[39m]: NamedNodeMap {
      [[32mSymbol(itemsByNamespaceURI)[39m]: [36m[Map][39m,
      [[32mSymbol(itemsByName)[39m]: [36m[Map][39m,
      [[32mSymbol(items)[39m]: [36m[Map][39m,
      [[32mSymbol(ownerElement)[39m]: [36m[Circular *3][39m
    },
    [[32mSymbol(attributesProxy)[39m]: [1mnull[22m,
    [[32mSymbol(children)[39m]: [1mnull[22m,
    [[32mSymbol(computedStyle)[39m]: [1mnull[22m,
    [[32mSymbol(propertyEventListeners)[39m]: Map(2) {
      [32m'onload'[39m => [36m[Function (anonymous)][39m,
      [32m'onerror'[39m => [36m[Function (anonymous)][39m
    },
    [[32mSymbol(tagName)[39m]: [32m'SCRIPT'[39m,
    [[32mSymbol(localName)[39m]: [32m'script'[39m,
    [[32mSymbol(namespaceURI)[39m]: [32m'http://www.w3.org/1999/xhtml'[39m,
    [[32mSymbol(accessKey)[39m]: [32m''[39m,
    [[32mSymbol(offsetHeight)[39m]: [33m0[39m,
    [[32mSymbol(offsetWidth)[39m]: [33m0[39m,
    [[32mSymbol(offsetLeft)[39m]: [33m0[39m,
    [[32mSymbol(offsetTop)[39m]: [33m0[39m,
    [[32mSymbol(clientHeight)[39m]: [33m0[39m,
    [[32mSymbol(clientWidth)[39m]: [33m0[39m,
    [[32mSymbol(clientLeft)[39m]: [33m0[39m,
    [[32mSymbol(clientTop)[39m]: [33m0[39m,
    [[32mSymbol(style)[39m]: [1mnull[22m,
    [[32mSymbol(dataset)[39m]: [1mnull[22m,
    [[32mSymbol(disableEvaluation)[39m]: [33mfalse[39m,
    [[32mSymbol(blocking)[39m]: [1mnull[22m
  },
  [[32mSymbol(currentTarget)[39m]: [1mnull[22m,
  [[32mSymbol(isInPassiveEventListener)[39m]: [33mfalse[39m
}

[90mstdout[2m | tests/response-viewer.test.tsx[2m > [22m[2mResponseViewer[2m > [22m[2mResponse Body[2m > [22m[2mshould show response body section even when body is empty
[22m[39m[ResponseViewer] Response data: { contentType: [32m''[39m, bodyType: [32m'object'[39m, body: [1mnull[22m, isJson: [33mfalse[39m }

[90mstderr[2m | tests/response-viewer.test.tsx[2m > [22m[2mResponseViewer[2m > [22m[2mResponse Body[2m > [22m[2mshould show response body section even when body is empty
[22m[39mMonaco initialization: error: Event {
  NONE: [33m0[39m,
  CAPTURING_PHASE: [33m1[39m,
  AT_TARGET: [33m2[39m,
  BUBBLING_PHASE: [33m3[39m,
  [[32mSymbol(composed)[39m]: [33mfalse[39m,
  [[32mSymbol(bubbles)[39m]: [33mfalse[39m,
  [[32mSymbol(cancelable)[39m]: [33mfalse[39m,
  [[32mSymbol(defaultPrevented)[39m]: [33mfalse[39m,
  [[32mSymbol(eventPhase)[39m]: [33m0[39m,
  [[32mSymbol(timeStamp)[39m]: [33m1312.365625[39m,
  [[32mSymbol(type)[39m]: [32m'error'[39m,
  [[32mSymbol(dispatching)[39m]: [33mfalse[39m,
  [[32mSymbol(immediatePropagationStopped)[39m]: [33mfalse[39m,
  [[32mSymbol(propagationStopped)[39m]: [33mfalse[39m,
  [[32mSymbol(target)[39m]: [36m<ref *3>[39m HTMLScriptElement {
    [[32mSymbol(listeners)[39m]: { capturing: Map(0) {}, bubbling: Map(0) {} },
    [[32mSymbol(listenerOptions)[39m]: { capturing: Map(0) {}, bubbling: Map(0) {} },
    [[32mSymbol(isConnected)[39m]: [33mtrue[39m,
    [[32mSymbol(parentNode)[39m]: HTMLBodyElement {
      [[32mSymbol(listeners)[39m]: [36m[Object][39m,
      [[32mSymbol(listenerOptions)[39m]: [36m[Object][39m,
      [[32mSymbol(isConnected)[39m]: [33mtrue[39m,
      [[32mSymbol(parentNode)[39m]: [36m[HTMLHtmlElement][39m,
      [[32mSymbol(rootNode)[39m]: [36m[HTMLDocument][39m,
      [[32mSymbol(styleNode)[39m]: [1mnull[22m,
      [[32mSymbol(textAreaNode)[39m]: [1mnull[22m,
      [[32mSymbol(formNode)[39m]: [1mnull[22m,
      [[32mSymbol(selectNode)[39m]: [1mnull[22m,
      [[32mSymbol(mutationListeners)[39m]: [],
      [[32mSymbol(nodeArray)[39m]: [36m[Array][39m,
      [[32mSymbol(elementArray)[39m]: [36m[Array][39m,
      [[32mSymbol(childNodes)[39m]: [36m[NodeList][39m,
      [[32mSymbol(assignedToSlot)[39m]: [1mnull[22m,
      [[32mSymbol(cache)[39m]: [36m[Object][39m,
      [[32mSymbol(affectsCache)[39m]: [],
      [[32mSymbol(ownerDocument)[39m]: [36m[HTMLDocument][39m,
      [[32mSymbol(window)[39m]: [36m[GlobalWindow [EventTarget]][39m,
      [[32mSymbol(classList)[39m]: [1mnull[22m,
      [[32mSymbol(isValue)[39m]: [1mnull[22m,
      [[32mSymbol(nodeType)[39m]: [33m1[39m,
      [[32mSymbol(prefix)[39m]: [1mnull[22m,
      [[32mSymbol(shadowRoot)[39m]: [1mnull[22m,
      [[32mSymbol(scrollHeight)[39m]: [33m0[39m,
      [[32mSymbol(scrollWidth)[39m]: [33m0[39m,
      [[32mSymbol(scrollTop)[39m]: [33m0[39m,
      [[32mSymbol(scrollLeft)[39m]: [33m0[39m,
      [[32mSymbol(attributes)[39m]: [36m[NamedNodeMap][39m,
      [[32mSymbol(attributesProxy)[39m]: [1mnull[22m,
      [[32mSymbol(children)[39m]: [1mnull[22m,
      [[32mSymbol(computedStyle)[39m]: [1mnull[22m,
      [[32mSymbol(propertyEventListeners)[39m]: Map(0) {},
      [[32mSymbol(tagName)[39m]: [32m'BODY'[39m,
      [[32mSymbol(localName)[39m]: [32m'body'[39m,
      [[32mSymbol(namespaceURI)[39m]: [32m'http://www.w3.org/1999/xhtml'[39m,
      [[32mSymbol(accessKey)[39m]: [32m''[39m,
      [[32mSymbol(offsetHeight)[39m]: [33m0[39m,
      [[32mSymbol(offsetWidth)[39m]: [33m0[39m,
      [[32mSymbol(offsetLeft)[39m]: [33m0[39m,
      [[32mSymbol(offsetTop)[39m]: [33m0[39m,
      [[32mSymbol(clientHeight)[39m]: [33m0[39m,
      [[32mSymbol(clientWidth)[39m]: [33m0[39m,
      [[32mSymbol(clientLeft)[39m]: [33m0[39m,
      [[32mSymbol(clientTop)[39m]: [33m0[39m,
      [[32mSymbol(style)[39m]: [1mnull[22m,
      [[32mSymbol(dataset)[39m]: [1mnull[22m
    },
    [[32mSymbol(rootNode)[39m]: [36m<ref *1>[39m HTMLDocument {
      defaultView: [36m[Getter][39m,
      _reactListeningknwne5wvqqj: [33mtrue[39m,
      [[32mSymbol(listeners)[39m]: [36m[Object][39m,
      [[32mSymbol(listenerOptions)[39m]: [36m[Object][39m,
      [[32mSymbol(isConnected)[39m]: [33mtrue[39m,
      [[32mSymbol(parentNode)[39m]: [1mnull[22m,
      [[32mSymbol(rootNode)[39m]: [36m[Circular *1][39m,
      [[32mSymbol(styleNode)[39m]: [1mnull[22m,
      [[32mSymbol(textAreaNode)[39m]: [1mnull[22m,
      [[32mSymbol(formNode)[39m]: [1mnull[22m,
      [[32mSymbol(selectNode)[39m]: [1mnull[22m,
      [[32mSymbol(mutationListeners)[39m]: [],
      [[32mSymbol(nodeArray)[39m]: [36m[Array][39m,
      [[32mSymbol(elementArray)[39m]: [36m[Array][39m,
      [[32mSymbol(childNodes)[39m]: [1mnull[22m,
      [[32mSymbol(assignedToSlot)[39m]: [1mnull[22m,
      [[32mSymbol(cache)[39m]: [36m[Object][39m,
      [[32mSymbol(affectsCache)[39m]: [36m[Array][39m,
      [[32mSymbol(ownerDocument)[39m]: [1mnull[22m,
      [[32mSymbol(children)[39m]: [1mnull[22m,
      [[32mSymbol(activeElement)[39m]: [1mnull[22m,
      [[32mSymbol(nextActiveElement)[39m]: [1mnull[22m,
      [[32mSymbol(currentScript)[39m]: [1mnull[22m,
      [[32mSymbol(isFirstWrite)[39m]: [33mtrue[39m,
      [[32mSymbol(isFirstWriteAfterOpen)[39m]: [33mfalse[39m,
      [[32mSymbol(nodeType)[39m]: [33m9[39m,
      [[32mSymbol(adoptedStyleSheets)[39m]: [],
      [[32mSymbol(implementation)[39m]: DOMImplementation {},
      [[32mSymbol(readyState)[39m]: [32m'complete'[39m,
      [[32mSymbol(referrer)[39m]: [32m''[39m,
      [[32mSymbol(defaultView)[39m]: [36m[GlobalWindow [EventTarget]][39m,
      [[32mSymbol(forms)[39m]: [1mnull[22m,
      [[32mSymbol(affectsComputedStyleCache)[39m]: [],
      [[32mSymbol(elementIdMap)[39m]: Map(0) {},
      [[32mSymbol(contentType)[39m]: [32m'text/html'[39m,
      [[32mSymbol(xmlProcessingInstruction)[39m]: [1mnull[22m,
      [[32mSymbol(preloads)[39m]: Map(0) {},
      [[32mSymbol(propertyEventListeners)[39m]: Map(0) {},
      [[32mSymbol(selection)[39m]: [1mnull[22m
    },
    [[32mSymbol(styleNode)[39m]: [1mnull[22m,
    [[32mSymbol(textAreaNode)[39m]: [1mnull[22m,
    [[32mSymbol(formNode)[39m]: [1mnull[22m,
    [[32mSymbol(selectNode)[39m]: [1mnull[22m,
    [[32mSymbol(mutationListeners)[39m]: [],
    [[32mSymbol(nodeArray)[39m]: [],
    [[32mSymbol(elementArray)[39m]: [],
    [[32mSymbol(childNodes)[39m]: [1mnull[22m,
    [[32mSymbol(assignedToSlot)[39m]: [1mnull[22m,
    [[32mSymbol(cache)[39m]: {
      querySelector: Map(0) {},
      querySelectorAll: Map(0) {},
      matches: [36m[Map][39m,
      elementsByTagName: Map(0) {},
      elementsByTagNameNS: Map(0) {},
      elementByTagName: Map(0) {},
      elementById: Map(0) {},
      computedStyle: [1mnull[22m
    },
    [[32mSymbol(affectsCache)[39m]: [ [36m[Object][39m, [36m[Object][39m, [36m[Object][39m, [36m[Object][39m, [36m[Object][39m, [36m[Object][39m ],
    [[32mSymbol(ownerDocument)[39m]: [36m<ref *1>[39m HTMLDocument {
      defaultView: [36m[Getter][39m,
      _reactListeningknwne5wvqqj: [33mtrue[39m,
      [[32mSymbol(listeners)[39m]: [36m[Object][39m,
      [[32mSymbol(listenerOptions)[39m]: [36m[Object][39m,
      [[32mSymbol(isConnected)[39m]: [33mtrue[39m,
      [[32mSymbol(parentNode)[39m]: [1mnull[22m,
      [[32mSymbol(rootNode)[39m]: [36m[Circular *1][39m,
      [[32mSymbol(styleNode)[39m]: [1mnull[22m,
      [[32mSymbol(textAreaNode)[39m]: [1mnull[22m,
      [[32mSymbol(formNode)[39m]: [1mnull[22m,
      [[32mSymbol(selectNode)[39m]: [1mnull[22m,
      [[32mSymbol(mutationListeners)[39m]: [],
      [[32mSymbol(nodeArray)[39m]: [36m[Array][39m,
      [[32mSymbol(elementArray)[39m]: [36m[Array][39m,
      [[32mSymbol(childNodes)[39m]: [1mnull[22m,
      [[32mSymbol(assignedToSlot)[39m]: [1mnull[22m,
      [[32mSymbol(cache)[39m]: [36m[Object][39m,
      [[32mSymbol(affectsCache)[39m]: [36m[Array][39m,
      [[32mSymbol(ownerDocument)[39m]: [1mnull[22m,
      [[32mSymbol(children)[39m]: [1mnull[22m,
      [[32mSymbol(activeElement)[39m]: [1mnull[22m,
      [[32mSymbol(nextActiveElement)[39m]: [1mnull[22m,
      [[32mSymbol(currentScript)[39m]: [1mnull[22m,
      [[32mSymbol(isFirstWrite)[39m]: [33mtrue[39m,
      [[32mSymbol(isFirstWriteAfterOpen)[39m]: [33mfalse[39m,
      [[32mSymbol(nodeType)[39m]: [33m9[39m,
      [[32mSymbol(adoptedStyleSheets)[39m]: [],
      [[32mSymbol(implementation)[39m]: DOMImplementation {},
      [[32mSymbol(readyState)[39m]: [32m'complete'[39m,
      [[32mSymbol(referrer)[39m]: [32m''[39m,
      [[32mSymbol(defaultView)[39m]: [36m[GlobalWindow [EventTarget]][39m,
      [[32mSymbol(forms)[39m]: [1mnull[22m,
      [[32mSymbol(affectsComputedStyleCache)[39m]: [],
      [[32mSymbol(elementIdMap)[39m]: Map(0) {},
      [[32mSymbol(contentType)[39m]: [32m'text/html'[39m,
      [[32mSymbol(xmlProcessingInstruction)[39m]: [1mnull[22m,
      [[32mSymbol(preloads)[39m]: Map(0) {},
      [[32mSymbol(propertyEventListeners)[39m]: Map(0) {},
      [[32mSymbol(selection)[39m]: [1mnull[22m
    },
    [[32mSymbol(window)[39m]: [36m<ref *2>[39m GlobalWindow [EventTarget] {
      Node: [36m[Function][39m,
      Attr: [36m[class Attr extends Node][39m,
      ShadowRoot: [36m[class ShadowRoot extends DocumentFragment][39m,
      ProcessingInstruction: [36m[class ProcessingInstruction extends CharacterData][39m,
      Element: [36m[Function][39m,
      CharacterData: [36m[class CharacterData extends Node][39m,
      DocumentType: [36m[class DocumentType extends Node][39m,
      HTMLAnchorElement: [36m[class HTMLAnchorElement extends HTMLElement][39m,
      HTMLButtonElement: [36m[class HTMLButtonElement extends HTMLElement][39m,
      HTMLOptGroupElement: [36m[class HTMLOptGroupElement extends HTMLElement][39m,
      HTMLOptionElement: [36m[class HTMLOptionElement extends HTMLElement][39m,
      HTMLElement: [36m[Function][39m,
      HTMLUnknownElement: [36m[class HTMLUnknownElement extends HTMLElement][39m,
      HTMLTemplateElement: [36m[class HTMLTemplateElement extends HTMLElement][39m,
      HTMLInputElement: [36m[class HTMLInputElement extends HTMLElement][39m,
      HTMLSelectElement: [36m[class HTMLSelectElement extends HTMLElement][39m,
      HTMLTextAreaElement: [36m[class HTMLTextAreaElement extends HTMLElement][39m,
      HTMLImageElement: [36m[class HTMLImageElement extends HTMLElement][39m,
      HTMLStyleElement: [36m[class HTMLStyleElement extends HTMLElement][39m,
      HTMLLabelElement: [36m[class HTMLLabelElement extends HTMLElement][39m,
      HTMLSlotElement: [36m[class HTMLSlotElement extends HTMLElement][39m,
      HTMLMetaElement: [36m[class HTMLMetaElement extends HTMLElement][39m,
      HTMLMediaElement: [36m[class HTMLMediaElement extends HTMLElement][39m,
      HTMLAudioElement: [36m[class HTMLAudioElement extends HTMLMediaElement][39m,
      HTMLVideoElement: [36m[class HTMLVideoElement extends HTMLMediaElement][39m,
      HTMLBaseElement: [36m[class HTMLBaseElement extends HTMLElement][39m,
      HTMLDialogElement: [36m[class HTMLDialogElement extends HTMLElement][39m,
      HTMLScriptElement: [36m[class HTMLScriptElement extends HTMLElement][39m,
      HTMLLinkElement: [36m[class HTMLLinkElement extends HTMLElement][39m,
      HTMLIFrameElement: [36m[class HTMLIFrameElement extends HTMLElement][39m,
      HTMLFormElement: [36m[class HTMLFormElement extends HTMLElement][39m,
      HTMLUListElement: [36m[class HTMLUListElement extends HTMLElement][39m,
      HTMLTrackElement: [36m[class HTMLTrackElement extends HTMLElement][39m,
      HTMLTableRowElement: [36m[class HTMLTableRowElement extends HTMLElement][39m,
      HTMLTitleElement: [36m[class HTMLTitleElement extends HTMLElement][39m,
      HTMLTimeElement: [36m[class HTMLTimeElement extends HTMLElement][39m,
      HTMLTableSectionElement: [36m[class HTMLTableSectionElement extends HTMLElement][39m,
      HTMLTableCellElement: [36m[class HTMLTableCellElement extends HTMLElement][39m,
      HTMLTableElement: [36m[class HTMLTableElement extends HTMLElement][39m,
      HTMLSpanElement: [36m[class HTMLSpanElement extends HTMLElement][39m,
      HTMLSourceElement: [36m[class HTMLSourceElement extends HTMLElement][39m,
      HTMLQuoteElement: [36m[class HTMLQuoteElement extends HTMLElement][39m,
      HTMLProgressElement: [36m[class HTMLProgressElement extends HTMLElement][39m,
      HTMLPreElement: [36m[class HTMLPreElement extends HTMLElement][39m,
      HTMLPictureElement: [36m[class HTMLPictureElement extends HTMLElement][39m,
      HTMLParamElement: [36m[class HTMLParamElement extends HTMLElement][39m,
      HTMLParagraphElement: [36m[class HTMLParagraphElement extends HTMLElement][39m,
      HTMLOutputElement: [36m[class HTMLOutputElement extends HTMLElement][39m,
      HTMLOListElement: [36m[class HTMLOListElement extends HTMLElement][39m,
      HTMLObjectElement: [36m[class HTMLObjectElement extends HTMLElement][39m,
      HTMLMeterElement: [36m[class HTMLMeterElement extends HTMLElement][39m,
      HTMLMenuElement: [36m[class HTMLMenuElement extends HTMLElement][39m,
      HTMLMapElement: [36m[class HTMLMapElement extends HTMLElement][39m,
      HTMLLIElement: [36m[class HTMLLIElement extends HTMLElement][39m,
      HTMLLegendElement: [36m[class HTMLLegendElement extends HTMLElement][39m,
      HTMLModElement: [36m[class HTMLModElement extends HTMLElement][39m,
      HTMLHtmlElement: [36m[class HTMLHtmlElement extends HTMLElement][39m,
      HTMLHRElement: [36m[class HTMLHRElement extends HTMLElement][39m,
      HTMLHeadElement: [36m[class HTMLHeadElement extends HTMLElement][39m,
      HTMLHeadingElement: [36m[class HTMLHeadingElement extends HTMLElement][39m,
      HTMLFieldSetElement: [36m[class HTMLFieldSetElement extends HTMLElement][39m,
      HTMLEmbedElement: [36m[class HTMLEmbedElement extends HTMLElement][39m,
      HTMLDListElement: [36m[class HTMLDListElement extends HTMLElement][39m,
      HTMLDivElement: [36m[class HTMLDivElement extends HTMLElement][39m,
      HTMLDetailsElement: [36m[class HTMLDetailsElement extends HTMLElement][39m,
      HTMLDataListElement: [36m[class HTMLDataListElement extends HTMLElement][39m,
      HTMLDataElement: [36m[class HTMLDataElement extends HTMLElement][39m,
      HTMLTableColElement: [36m[class HTMLTableColElement extends HTMLElement][39m,
      HTMLTableCaptionElement: [36m[class HTMLTableCaptionElement extends HTMLElement][39m,
      HTMLCanvasElement: [36m[class HTMLCanvasElement extends HTMLElement][39m,
      HTMLBRElement: [36m[class HTMLBRElement extends HTMLElement][39m,
      HTMLBodyElement: [36m[class HTMLBodyElement extends HTMLElement][39m,
      HTMLAreaElement: [36m[class HTMLAreaElement extends HTMLElement][39m,
      SVGSVGElement: [36m[class SVGSVGElement extends SVGGraphicsElement][39m,
      SVGAnimateElement: [36m[class SVGAnimateElement extends SVGAnimationElement][39m,
      SVGAnimateMotionElement: [36m[class SVGAnimateMotionElement extends SVGAnimationElement][39m,
      SVGAnimateTransformElement: [36m[class SVGAnimateTransformElement extends SVGAnimationElement][39m,
      SVGCircleElement: [36m[class SVGCircleElement extends SVGGeometryElement][39m,
      SVGClipPathElement: [36m[class SVGClipPathElement extends SVGElement][39m,
      SVGDefsElement: [36m[class SVGDefsElement extends SVGGraphicsElement][39m,
      SVGDescElement: [36m[class SVGDescElement extends SVGElement][39m,
      SVGEllipseElement: [36m[class SVGEllipseElement extends SVGGeometryElement][39m,
      SVGFEBlendElement: [36m[Function][39m,
      SVGFEColorMatrixElement: [36m[Function][39m,
      SVGFEComponentTransferElement: [36m[class SVGFEComponentTransferElement extends SVGElement][39m,
      SVGFECompositeElement: [36m[Function][39m,
      SVGFEConvolveMatrixElement: [36m[Function][39m,
      SVGFEDiffuseLightingElement: [36m[class SVGFEDiffuseLightingElement extends SVGElement][39m,
      SVGFEDisplacementMapElement: [36m[Function][39m,
      SVGFEDistantLightElement: [36m[class SVGFEDistantLightElement extends SVGElement][39m,
      SVGFEDropShadowElement: [36m[class SVGFEDropShadowElement extends SVGElement][39m,
      SVGFEFloodElement: [36m[class SVGFEFloodElement extends SVGElement][39m,
      SVGFEFuncAElement: [36m[class SVGFEFuncAElement extends SVGComponentTransferFunctionElement][39m,
      SVGFEFuncBElement: [36m[class SVGFEFuncBElement extends SVGComponentTransferFunctionElement][39m,
      SVGFEFuncGElement: [36m[class SVGFEFuncGElement extends SVGComponentTransferFunctionElement][39m,
      SVGFEFuncRElement: [36m[class SVGFEFuncRElement extends SVGComponentTransferFunctionElement][39m,
      SVGFEGaussianBlurElement: [36m[Function][39m,
      SVGFEImageElement: [36m[class SVGFEImageElement extends SVGElement][39m,
      SVGFEMergeElement: [36m[class SVGFEMergeElement extends SVGElement][39m,
      SVGFEMergeNodeElement: [36m[class SVGFEMergeNodeElement extends SVGElement][39m,
      SVGFEMorphologyElement: [36m[Function][39m,
      SVGFEOffsetElement: [36m[class SVGFEOffsetElement extends SVGElement][39m,
      SVGFEPointLightElement: [36m[class SVGFEPointLightElement extends SVGElement][39m,
      SVGFESpecularLightingElement: [36m[class SVGFESpecularLightingElement extends SVGElement][39m,
      SVGFESpotLightElement: [36m[class SVGFESpotLightElement extends SVGElement][39m,
      SVGFETileElement: [36m[class SVGFETileElement extends SVGElement][39m,
      SVGFETurbulenceElement: [36m[Function][39m,
      SVGFilterElement: [36m[class SVGFilterElement extends SVGElement][39m,
      SVGForeignObjectElement: [36m[class SVGForeignObjectElement extends SVGGraphicsElement][39m,
      SVGGElement: [36m[class SVGGElement extends SVGGraphicsElement][39m,
      SVGImageElement: [36m[class SVGImageElement extends SVGGraphicsElement][39m,
      SVGLineElement: [36m[class SVGLineElement extends SVGGeometryElement][39m,
      SVGLinearGradientElement: [36m[class SVGLinearGradientElement extends SVGGradientElement][39m,
      SVGMarkerElement: [36m[Function][39m,
      SVGMaskElement: [36m[class SVGMaskElement extends SVGElement][39m,
      SVGMetadataElement: [36m[class SVGMetadataElement extends SVGElement][39m,
      SVGMPathElement: [36m[class SVGMPathElement extends SVGElement][39m,
      SVGPathElement: [36m[class SVGPathElement extends SVGGeometryElement][39m,
      SVGPatternElement: [36m[class SVGPatternElement extends SVGElement][39m,
      SVGPolygonElement: [36m[class SVGPolygonElement extends SVGGeometryElement][39m,
      SVGPolylineElement: [36m[class SVGPolylineElement extends SVGGeometryElement][39m,
      SVGRadialGradientElement: [36m[class SVGRadialGradientElement extends SVGGradientElement][39m,
      SVGRectElement: [36m[class SVGRectElement extends SVGGeometryElement][39m,
      SVGScriptElement: [36m[class SVGScriptElement extends SVGGraphicsElement][39m,
      SVGSetElement: [36m[class SVGSetElement extends SVGAnimationElement][39m,
      SVGStopElement: [36m[class SVGStopElement extends SVGElement][39m,
      SVGStyleElement: [36m[class SVGStyleElement extends SVGElement][39m,
      SVGSwitchElement: [36m[class SVGSwitchElement extends SVGGraphicsElement][39m,
      SVGSymbolElement: [36m[class SVGSymbolElement extends SVGGraphicsElement][39m,
      SVGTextElement: [36m[class SVGTextElement extends SVGTextPositioningElement][39m,
      SVGTextPathElement: [36m[Function][39m,
      SVGTitleElement: [36m[class SVGTitleElement extends SVGElement][39m,
      SVGTSpanElement: [36m[class SVGTSpanElement extends SVGTextPositioningElement][39m,
      SVGUseElement: [36m[class SVGUseElement extends SVGGraphicsElement][39m,
      SVGViewElement: [36m[class SVGViewElement extends SVGElement][39m,
      SVGElement: [36m[class SVGElement extends Element][39m,
      SVGAnimationElement: [36m[class SVGAnimationElement extends SVGElement][39m,
      SVGComponentTransferFunctionElement: [36m[Function][39m,
      SVGGeometryElement: [36m[class SVGGeometryElement extends SVGGraphicsElement][39m,
      SVGGradientElement: [36m[Function][39m,
      SVGTextPositioningElement: [36m[class SVGTextPositioningElement extends SVGTextContentElement][39m,
      SVGGraphicsElement: [36m[class SVGGraphicsElement extends SVGElement][39m,
      Event: [36m[Function][39m,
      UIEvent: [36m[Function][39m,
      CustomEvent: [36m[class CustomEvent extends Event][39m,
      AnimationEvent: [36m[class AnimationEvent extends Event][39m,
      KeyboardEvent: [36m[Function][39m,
      MessageEvent: [36m[class MessageEvent extends Event][39m,
      MouseEvent: [36m[class MouseEvent extends UIEvent][39m,
      PointerEvent: [36m[class PointerEvent extends MouseEvent][39m,
      FocusEvent: [36m[class FocusEvent extends UIEvent][39m,
      WheelEvent: [36m[Function][39m,
      InputEvent: [36m[class InputEvent extends UIEvent][39m,
      ErrorEvent: [36m[class ErrorEvent extends UIEvent][39m,
      StorageEvent: [36m[class StorageEvent extends Event][39m,
      SubmitEvent: [36m[class SubmitEvent extends Event][39m,
      ProgressEvent: [36m[class ProgressEvent extends Event][39m,
      MediaQueryListEvent: [36m[class MediaQueryListEvent extends Event][39m,
      HashChangeEvent: [36m[class HashChangeEvent extends Event][39m,
      ClipboardEvent: [36m[class ClipboardEvent extends Event][39m,
      TouchEvent: [36m[class TouchEvent extends UIEvent][39m,
      PopStateEvent: [36m[class PopStateEvent extends Event][39m,
      Touch: [36m[class Touch][39m,
      AudioProcessingEvent: [36m[Function][39m,
      BeforeInputEvent: [36m[Function][39m,
      BeforeUnloadEvent: [36m[Function][39m,
      BlobEvent: [36m[Function][39m,
      CloseEvent: [36m[Function][39m,
      CompositionEvent: [36m[Function][39m,
      CSSFontFaceLoadEvent: [36m[Function][39m,
      DeviceLightEvent: [36m[Function][39m,
      DeviceMotionEvent: [36m[Function][39m,
      DeviceOrientationEvent: [36m[Function][39m,
      DeviceProximityEvent: [36m[Function][39m,
      DOMTransactionEvent: [36m[Function][39m,
      DragEvent: [36m[Function][39m,
      EditingBeforeInputEvent: [36m[Function][39m,
      FetchEvent: [36m[Function][39m,
      GamepadEvent: [36m[Function][39m,
      IDBVersionChangeEvent: [36m[Function][39m,
      MediaStreamEvent: [36m[Function][39m,
      MutationEvent: [36m[Function][39m,
      OfflineAudioCompletionEvent: [36m[Function][39m,
      OverconstrainedError: [36m[Function][39m,
      PageTransitionEvent: [36m[Function][39m,
      PaymentRequestUpdateEvent: [36m[Function][39m,
      RelatedEvent: [36m[Function][39m,
      RTCDataChannelEvent: [36m[Function][39m,
      RTCIdentityErrorEvent: [36m[Function][39m,
      RTCIdentityEvent: [36m[Function][39m,
      RTCPeerConnectionIceEvent: [36m[Function][39m,
      SensorEvent: [36m[Function][39m,
      SVGEvent: [36m[Function][39m,
      SVGZoomEvent: [36m[Function][39m,
      TimeEvent: [36m[Function][39m,
      TrackEvent: [36m[Function][39m,
      TransitionEvent: [36m[Function][39m,
      UserProximityEvent: [36m[Function][39m,
      WebGLContextEvent: [36m[Function][39m,
      TextEvent: [36m[Function][39m,
      Permissions: [36m[class Permissions][39m,
      History: [36m[class History][39m,
      Navigator: [36m[class Navigator][39m,
      Clipboard: [36m[class Clipboard][39m,
      TimeRanges: [36m[class TimeRanges][39m,
      TextTrackCueList: [36m[class TextTrackCueList extends Array][39m,
      ValidityState: [36m[class ValidityState][39m,
      MutationRecord: [36m[class MutationRecord][39m,
      IntersectionObserver: [36m[class IntersectionObserver][39m,
      IntersectionObserverEntry: [36m[class IntersectionObserverEntry][39m,
      CSSStyleDeclaration: [36m[class CSSStyleDeclaration][39m,
      CSSRule: [36m[Function][39m,
      CSSContainerRule: [36m[class CSSContainerRule extends CSSConditionRule][39m,
      CSSFontFaceRule: [36m[class CSSFontFaceRule extends CSSRule][39m,
      CSSKeyframeRule: [36m[class CSSKeyframeRule extends CSSRule][39m,
      CSSKeyframesRule: [36m[class CSSKeyframesRule extends CSSRule][39m,
      CSSMediaRule: [36m[class CSSMediaRule extends CSSConditionRule][39m,
      CSSStyleRule: [36m[class CSSStyleRule extends CSSGroupingRule][39m,
      CSSSupportsRule: [36m[class CSSSupportsRule extends CSSConditionRule][39m,
      CSSConditionRule: [36m[class CSSConditionRule extends CSSGroupingRule][39m,
      CSSGroupingRule: [36m[class CSSGroupingRule extends CSSRule][39m,
      CSSScopeRule: [36m[class CSSScopeRule extends CSSGroupingRule][39m,
      DOMRect: [36m[class DOMRect extends DOMRectReadOnly][39m,
      DOMRectReadOnly: [36m[class DOMRectReadOnly][39m,
      Plugin: [36m[class Plugin][39m,
      PluginArray: [36m[class PluginArray][39m,
      Location: [36m[class Location][39m,
      CustomElementRegistry: [36m[class CustomElementRegistry][39m,
      ResizeObserver: [36m[class ResizeObserver][39m,
      Blob: [36m[class Blob][39m,
      File: [36m[class File extends Blob][39m,
      Storage: [36m[class Storage][39m,
      MimeType: [36m[class MimeType][39m,
      MimeTypeArray: [36m[class MimeTypeArray][39m,
      NodeFilter: [36m[Object][39m,
      HTMLCollection: [36m[class HTMLCollection][39m,
      HTMLFormControlCollection: [36m[class HTMLFormControlsCollection extends HTMLCollection][39m,
      HTMLOptionsCollection: [36m[class HTMLOptionsCollection extends HTMLCollection][39m,
      NodeList: [36m[class NodeList][39m,
      RadioNodeList: [36m[class RadioNodeList extends NodeList][39m,
      FileList: [36m[class FileList extends Array][39m,
      Screen: [36m[class Screen][39m,
      DOMMatrixReadOnly: [36m[class DOMMatrixReadOnly][39m,
      DOMMatrix: [36m[class DOMMatrix extends DOMMatrixReadOnly][39m,
      NamedNodeMap: [36m[class NamedNodeMap][39m,
      TreeWalker: [36m[class TreeWalker][39m,
      NodeIterator: [36m[class NodeIterator][39m,
      DataTransfer: [36m[class DataTransfer][39m,
      DataTransferItem: [36m[class DataTransferItem][39m,
      DataTransferItemList: [36m[class DataTransferItemList extends Array][39m,
      XMLSerializer: [36m[class XMLSerializer][39m,
      ClipboardItem: [36m[class ClipboardItem][39m,
      Selection: [36m[class Selection][39m,
      CSSUnitValue: [36m[class CSSUnitValue][39m,
      SVGAngle: [36m[Function][39m,
      SVGAnimatedAngle: [36m[class SVGAnimatedAngle][39m,
      SVGAnimatedBoolean: [36m[class SVGAnimatedBoolean][39m,
      SVGAnimatedEnumeration: [36m[class SVGAnimatedEnumeration][39m,
      SVGAnimatedInteger: [36m[class SVGAnimatedInteger][39m,
      SVGAnimatedLength: [36m[class SVGAnimatedLength][39m,
      SVGAnimatedNumber: [36m[class SVGAnimatedNumber][39m,
      SVGAnimatedNumberList: [36m[class SVGAnimatedNumberList][39m,
      SVGAnimatedPreserveAspectRatio: [36m[class SVGAnimatedPreserveAspectRatio][39m,
      SVGAnimatedRect: [36m[class SVGAnimatedRect][39m,
      SVGAnimatedString: [36m[class SVGAnimatedString][39m,
      SVGAnimatedTransformList: [36m[class SVGAnimatedTransformList][39m,
      SVGLength: [36m[Function][39m,
      SVGLengthList: [36m[class SVGLengthList][39m,
      SVGMatrix: [36m[class SVGMatrix][39m,
      SVGNumber: [36m[class SVGNumber][39m,
      SVGNumberList: [36m[class SVGNumberList][39m,
      SVGPoint: [36m[class SVGPoint][39m,
      SVGPointList: [36m[class SVGPointList][39m,
      SVGPreserveAspectRatio: [36m[Function][39m,
      SVGRect: [36m[class SVGRect][39m,
      SVGStringList: [36m[class SVGStringList][39m,
      SVGTransform: [36m[Function][39m,
      SVGTransformList: [36m[class SVGTransformList][39m,
      SVGAnimatedLengthList: [36m[class SVGAnimatedLengthList][39m,
      SVGUnitTypes: [36m[Function][39m,
      DOMPoint: [36m[class DOMPoint extends DOMPointReadOnly][39m,
      StylePropertyMap: [36m[class StylePropertyMap extends StylePropertyMapReadOnly][39m,
      StylePropertyMapReadOnly: [36m[class StylePropertyMapReadOnly][39m,
      MediaList: [36m[class MediaList][39m,
      CSSKeywordValue: [36m[class CSSKeywordValue][39m,
      CSSStyleValue: [36m[class CSSStyleValue][39m,
      Window: [36m[class GlobalWindow extends Window][39m,
      URLSearchParams: [36m[class URLSearchParams][39m,
      WritableStream: [36m[Function][39m,
      ReadableStream: [36m[Function][39m,
      TransformStream: [36m[Function: Transform][39m,
      PerformanceObserver: [36m[class PerformanceObserver][39m,
      PerformanceEntry: [36m[class PerformanceEntry][39m,
      PerformanceObserverEntryList: [36m[class PerformanceObserverEntryList][39m,
      onload: [1mnull[22m,
      onerror: [1mnull[22m,
      document: [36m[HTMLDocument][39m,
      customElements: [36m[CustomElementRegistry][39m,
      window: [36m[Circular *2][39m,
      globalThis: [36m[Circular *2][39m,
      performance: [36m[Performance][39m,
      screenLeft: [33m0[39m,
      screenTop: [33m0[39m,
      screenX: [33m0[39m,
      screenY: [33m0[39m,
      crypto: Crypto {},
      TextEncoder: [36m[class TextEncoder][39m,
      TextDecoder: [36m[class TextDecoder][39m,
      closed: [33mfalse[39m,
      console: [36m[Object [console]][39m,
      name: [32m''[39m,
      Buffer: [36m[Function][39m,
      Document: [36m[class Document extends Document][39m,
      HTMLDocument: [36m[class HTMLDocument extends HTMLDocument][39m,
      XMLDocument: [36m[class XMLDocument extends XMLDocument][39m,
      DocumentFragment: [36m[class DocumentFragment extends DocumentFragment][39m,
      Text: [36m[class Text extends Text][39m,
      Comment: [36m[class Comment extends Comment][39m,
      Image: [36m[class Image extends Image][39m,
      Audio: [36m[class Audio extends Audio][39m,
      MutationObserver: [36m[class MutationObserver extends MutationObserver][39m,
      MessagePort: [36m[class MessagePort extends MessagePort][39m,
      CSSStyleSheet: [36m[class CSSStyleSheet extends CSSStyleSheet][39m,
      DOMException: [36m[class DOMException extends DOMException][39m,
      Headers: [36m[class Headers extends Headers][39m,
      Request: [36m[class Request extends Request][39m,
      Response: [36m[Function][39m,
      EventTarget: [36m[class EventTarget extends EventTarget][39m,
      XMLHttpRequestUpload: [36m[class XMLHttpRequestUpload extends XMLHttpRequestUpload][39m,
      XMLHttpRequestEventTarget: [36m[class XMLHttpRequestEventTarget extends XMLHttpRequestEventTarget][39m,
      AbortController: [36m[class AbortController extends AbortController][39m,
      AbortSignal: [36m[Function][39m,
      FormData: [36m[class FormData extends FormData][39m,
      PermissionStatus: [36m[class PermissionStatus extends PermissionStatus][39m,
      XMLHttpRequest: [36m[class XMLHttpRequest extends XMLHttpRequest][39m,
      DOMParser: [36m[class DOMParser extends DOMParser][39m,
      Range: [36m[class Range extends Range][39m,
      VTTCue: [36m[class VTTCue extends VTTCue][39m,
      TextTrack: [36m[class TextTrack extends TextTrack][39m,
      TextTrackList: [36m[class TextTrackList extends TextTrackList][39m,
      TextTrackCue: [36m[class TextTrackCue extends TextTrackCue][39m,
      RemotePlayback: [36m[class RemotePlayback extends RemotePlayback][39m,
      FileReader: [36m[class FileReader extends FileReader][39m,
      MediaStream: [36m[class MediaStream extends MediaStream][39m,
      MediaStreamTrack: [36m[class MediaStreamTrack extends MediaStreamTrack][39m,
      CanvasCaptureMediaStreamTrack: [36m[class CanvasCaptureMediaStreamTrack extends CanvasCaptureMediaStreamTrack][39m,
      URL: [36m[class URL extends URL][39m,
      happyDOM: DetachedWindowAPI {},
      Array: [36m[Function: Array][39m,
      ArrayBuffer: [36m[Function: ArrayBuffer][39m,
      Boolean: [36m[Function: Boolean][39m,
      DataView: [36m[Function: DataView][39m,
      Date: [36m[Function: Date][39m,
      Error: [36m[Function][39m,
      EvalError: [36m[Function: EvalError][39m,
      Float32Array: [36m[Function: Float32Array][39m,
      Float64Array: [36m[Function: Float64Array][39m,
      Function: [36m[Function: Function][39m,
      Infinity: [33mInfinity[39m,
      Int16Array: [36m[Function: Int16Array][39m,
      Int32Array: [36m[Function: Int32Array][39m,
      Int8Array: [36m[Function: Int8Array][39m,
      Intl: Object [Intl] {},
      JSON: Object [JSON] {},
      Map: [36m[Function: Map][39m,
      Math: Object [Math] {},
      NaN: [33mNaN[39m,
      Number: [36m[Function: Number][39m,
      Object: [36m[Function: Object][39m,
      Promise: [36m[Function: Promise][39m,
      RangeError: [36m[Function: RangeError][39m,
      ReferenceError: [36m[Function: ReferenceError][39m,
      RegExp: [36m[Function: RegExp][39m,
      Set: [36m[Function: Set][39m,
      String: [36m[Function: String][39m,
      Symbol: [36m[Function: Symbol][39m,
      SyntaxError: [36m[Function: SyntaxError][39m,
      TypeError: [36m[Function: TypeError][39m,
      URIError: [36m[Function: URIError][39m,
      Uint16Array: [36m[Function: Uint16Array][39m,
      Uint32Array: [36m[Function: Uint32Array][39m,
      Uint8Array: [36m[Function: Uint8Array][39m,
      Uint8ClampedArray: [36m[Function: Uint8ClampedArray][39m,
      WeakMap: [36m[Function: WeakMap][39m,
      WeakSet: [36m[Function: WeakSet][39m,
      decodeURI: [36m[Function: decodeURI][39m,
      decodeURIComponent: [36m[Function: decodeURIComponent][39m,
      encodeURI: [36m[Function: encodeURI][39m,
      encodeURIComponent: [36m[Function: encodeURIComponent][39m,
      eval: [36m[Function: eval][39m,
      escape: [36m[Function: escape][39m,
      global: [36m[Object [global]][39m,
      isFinite: [36m[Function: isFinite][39m,
      isNaN: [36m[Function: isNaN][39m,
      parseFloat: [36m[Function: parseFloat][39m,
      parseInt: [36m[Function: parseInt][39m,
      undefined: [90mundefined[39m,
      unescape: [36m[Function: unescape][39m,
      [[32mSymbol(listeners)[39m]: [36m[Object][39m,
      [[32mSymbol(listenerOptions)[39m]: [36m[Object][39m,
      [[32mSymbol(mutationObservers)[39m]: [],
      [[32mSymbol(readyStateManager)[39m]: DocumentReadyStateManager {},
      [[32mSymbol(location)[39m]: [36m[Location][39m,
      [[32mSymbol(history)[39m]: History {},
      [[32mSymbol(navigator)[39m]: Navigator {},
      [[32mSymbol(screen)[39m]: [36m[Screen][39m,
      [[32mSymbol(sessionStorage)[39m]: [36m[Storage][39m,
      [[32mSymbol(localStorage)[39m]: [36m[Storage][39m,
      [[32mSymbol(self)[39m]: [36m[Circular *2][39m,
      [[32mSymbol(top)[39m]: [36m[Circular *2][39m,
      [[32mSymbol(parent)[39m]: [36m[Circular *2][39m,
      [[32mSymbol(window)[39m]: [36m[Circular *2][39m,
      [[32mSymbol(frames)[39m]: [36m[Circular *2][39m,
      [[32mSymbol(internalId)[39m]: [33m0[39m,
      [[32mSymbol(customElementReactionStack)[39m]: [36m[CustomElementReactionStack][39m,
      [[32mSymbol(modules)[39m]: [36m[Object][39m,
      [[32mSymbol(moduleImportMap)[39m]: [1mnull[22m
    },
    [[32mSymbol(classList)[39m]: [1mnull[22m,
    [[32mSymbol(isValue)[39m]: [1mnull[22m,
    [[32mSymbol(nodeType)[39m]: [33m1[39m,
    [[32mSymbol(prefix)[39m]: [1mnull[22m,
    [[32mSymbol(shadowRoot)[39m]: [1mnull[22m,
    [[32mSymbol(scrollHeight)[39m]: [33m0[39m,
    [[32mSymbol(scrollWidth)[39m]: [33m0[39m,
    [[32mSymbol(scrollTop)[39m]: [33m0[39m,
    [[32mSymbol(scrollLeft)[39m]: [33m0[39m,
    [[32mSymbol(attributes)[39m]: NamedNodeMap {
      [[32mSymbol(itemsByNamespaceURI)[39m]: [36m[Map][39m,
      [[32mSymbol(itemsByName)[39m]: [36m[Map][39m,
      [[32mSymbol(items)[39m]: [36m[Map][39m,
      [[32mSymbol(ownerElement)[39m]: [36m[Circular *3][39m
    },
    [[32mSymbol(attributesProxy)[39m]: [1mnull[22m,
    [[32mSymbol(children)[39m]: [1mnull[22m,
    [[32mSymbol(computedStyle)[39m]: [1mnull[22m,
    [[32mSymbol(propertyEventListeners)[39m]: Map(2) {
      [32m'onload'[39m => [36m[Function (anonymous)][39m,
      [32m'onerror'[39m => [36m[Function (anonymous)][39m
    },
    [[32mSymbol(tagName)[39m]: [32m'SCRIPT'[39m,
    [[32mSymbol(localName)[39m]: [32m'script'[39m,
    [[32mSymbol(namespaceURI)[39m]: [32m'http://www.w3.org/1999/xhtml'[39m,
    [[32mSymbol(accessKey)[39m]: [32m''[39m,
    [[32mSymbol(offsetHeight)[39m]: [33m0[39m,
    [[32mSymbol(offsetWidth)[39m]: [33m0[39m,
    [[32mSymbol(offsetLeft)[39m]: [33m0[39m,
    [[32mSymbol(offsetTop)[39m]: [33m0[39m,
    [[32mSymbol(clientHeight)[39m]: [33m0[39m,
    [[32mSymbol(clientWidth)[39m]: [33m0[39m,
    [[32mSymbol(clientLeft)[39m]: [33m0[39m,
    [[32mSymbol(clientTop)[39m]: [33m0[39m,
    [[32mSymbol(style)[39m]: [1mnull[22m,
    [[32mSymbol(dataset)[39m]: [1mnull[22m,
    [[32mSymbol(disableEvaluation)[39m]: [33mfalse[39m,
    [[32mSymbol(blocking)[39m]: [1mnull[22m
  },
  [[32mSymbol(currentTarget)[39m]: [1mnull[22m,
  [[32mSymbol(isInPassiveEventListener)[39m]: [33mfalse[39m
}

[90mstdout[2m | tests/response-viewer.test.tsx[2m > [22m[2mResponseViewer[2m > [22m[2mAction Buttons[2m > [22m[2mshould render copy button
[22m[39m[ResponseViewer] Response data: {
  contentType: [32m'application/json'[39m,
  bodyType: [32m'object'[39m,
  body: { data: [32m'test'[39m },
  isJson: [33mtrue[39m
}

[90mstderr[2m | tests/response-viewer.test.tsx[2m > [22m[2mResponseViewer[2m > [22m[2mAction Buttons[2m > [22m[2mshould render copy button
[22m[39mAn update to null inside a test was not wrapped in act(...).

When testing, code that causes React state updates should be wrapped into act(...):

act(() => {
  /* fire events that update state */
});
/* assert on the output */

This ensures that you're testing the behavior the user would see in the browser. Learn more at https://react.dev/link/wrap-tests-with-act

[90mstdout[2m | tests/response-viewer.test.tsx[2m > [22m[2mResponseViewer[2m > [22m[2mAction Buttons[2m > [22m[2mshould render download button
[22m[39m[ResponseViewer] Response data: {
  contentType: [32m'application/json'[39m,
  bodyType: [32m'object'[39m,
  body: { data: [32m'test'[39m },
  isJson: [33mtrue[39m
}

[90mstderr[2m | tests/response-viewer.test.tsx[2m > [22m[2mResponseViewer[2m > [22m[2mAction Buttons[2m > [22m[2mshould render download button
[22m[39mAn update to null inside a test was not wrapped in act(...).

When testing, code that causes React state updates should be wrapped into act(...):

act(() => {
  /* fire events that update state */
});
/* assert on the output */

This ensures that you're testing the behavior the user would see in the browser. Learn more at https://react.dev/link/wrap-tests-with-act

[90mstdout[2m | tests/response-viewer.test.tsx[2m > [22m[2mResponseViewer[2m > [22m[2mAction Buttons[2m > [22m[2mshould render pretty/minify toggle for JSON responses
[22m[39m[ResponseViewer] Response data: {
  contentType: [32m'application/json'[39m,
  bodyType: [32m'object'[39m,
  body: { data: [32m'test'[39m },
  isJson: [33mtrue[39m
}

[90mstderr[2m | tests/response-viewer.test.tsx[2m > [22m[2mResponseViewer[2m > [22m[2mAction Buttons[2m > [22m[2mshould render pretty/minify toggle for JSON responses
[22m[39mMonaco initialization: error: Event {
  NONE: [33m0[39m,
  CAPTURING_PHASE: [33m1[39m,
  AT_TARGET: [33m2[39m,
  BUBBLING_PHASE: [33m3[39m,
  [[32mSymbol(composed)[39m]: [33mfalse[39m,
  [[32mSymbol(bubbles)[39m]: [33mfalse[39m,
  [[32mSymbol(cancelable)[39m]: [33mfalse[39m,
  [[32mSymbol(defaultPrevented)[39m]: [33mfalse[39m,
  [[32mSymbol(eventPhase)[39m]: [33m0[39m,
  [[32mSymbol(timeStamp)[39m]: [33m1312.365625[39m,
  [[32mSymbol(type)[39m]: [32m'error'[39m,
  [[32mSymbol(dispatching)[39m]: [33mfalse[39m,
  [[32mSymbol(immediatePropagationStopped)[39m]: [33mfalse[39m,
  [[32mSymbol(propagationStopped)[39m]: [33mfalse[39m,
  [[32mSymbol(target)[39m]: [36m<ref *3>[39m HTMLScriptElement {
    [[32mSymbol(listeners)[39m]: { capturing: Map(0) {}, bubbling: Map(0) {} },
    [[32mSymbol(listenerOptions)[39m]: { capturing: Map(0) {}, bubbling: Map(0) {} },
    [[32mSymbol(isConnected)[39m]: [33mtrue[39m,
    [[32mSymbol(parentNode)[39m]: HTMLBodyElement {
      [[32mSymbol(listeners)[39m]: [36m[Object][39m,
      [[32mSymbol(listenerOptions)[39m]: [36m[Object][39m,
      [[32mSymbol(isConnected)[39m]: [33mtrue[39m,
      [[32mSymbol(parentNode)[39m]: [36m[HTMLHtmlElement][39m,
      [[32mSymbol(rootNode)[39m]: [36m[HTMLDocument][39m,
      [[32mSymbol(styleNode)[39m]: [1mnull[22m,
      [[32mSymbol(textAreaNode)[39m]: [1mnull[22m,
      [[32mSymbol(formNode)[39m]: [1mnull[22m,
      [[32mSymbol(selectNode)[39m]: [1mnull[22m,
      [[32mSymbol(mutationListeners)[39m]: [],
      [[32mSymbol(nodeArray)[39m]: [36m[Array][39m,
      [[32mSymbol(elementArray)[39m]: [36m[Array][39m,
      [[32mSymbol(childNodes)[39m]: [36m[NodeList][39m,
      [[32mSymbol(assignedToSlot)[39m]: [1mnull[22m,
      [[32mSymbol(cache)[39m]: [36m[Object][39m,
      [[32mSymbol(affectsCache)[39m]: [],
      [[32mSymbol(ownerDocument)[39m]: [36m[HTMLDocument][39m,
      [[32mSymbol(window)[39m]: [36m[GlobalWindow [EventTarget]][39m,
      [[32mSymbol(classList)[39m]: [1mnull[22m,
      [[32mSymbol(isValue)[39m]: [1mnull[22m,
      [[32mSymbol(nodeType)[39m]: [33m1[39m,
      [[32mSymbol(prefix)[39m]: [1mnull[22m,
      [[32mSymbol(shadowRoot)[39m]: [1mnull[22m,
      [[32mSymbol(scrollHeight)[39m]: [33m0[39m,
      [[32mSymbol(scrollWidth)[39m]: [33m0[39m,
      [[32mSymbol(scrollTop)[39m]: [33m0[39m,
      [[32mSymbol(scrollLeft)[39m]: [33m0[39m,
      [[32mSymbol(attributes)[39m]: [36m[NamedNodeMap][39m,
      [[32mSymbol(attributesProxy)[39m]: [1mnull[22m,
      [[32mSymbol(children)[39m]: [1mnull[22m,
      [[32mSymbol(computedStyle)[39m]: [36m[CSSStyleDeclaration][39m,
      [[32mSymbol(propertyEventListeners)[39m]: Map(0) {},
      [[32mSymbol(tagName)[39m]: [32m'BODY'[39m,
      [[32mSymbol(localName)[39m]: [32m'body'[39m,
      [[32mSymbol(namespaceURI)[39m]: [32m'http://www.w3.org/1999/xhtml'[39m,
      [[32mSymbol(accessKey)[39m]: [32m''[39m,
      [[32mSymbol(offsetHeight)[39m]: [33m0[39m,
      [[32mSymbol(offsetWidth)[39m]: [33m0[39m,
      [[32mSymbol(offsetLeft)[39m]: [33m0[39m,
      [[32mSymbol(offsetTop)[39m]: [33m0[39m,
      [[32mSymbol(clientHeight)[39m]: [33m0[39m,
      [[32mSymbol(clientWidth)[39m]: [33m0[39m,
      [[32mSymbol(clientLeft)[39m]: [33m0[39m,
      [[32mSymbol(clientTop)[39m]: [33m0[39m,
      [[32mSymbol(style)[39m]: [1mnull[22m,
      [[32mSymbol(dataset)[39m]: [1mnull[22m
    },
    [[32mSymbol(rootNode)[39m]: [36m<ref *1>[39m HTMLDocument {
      defaultView: [36m[Getter][39m,
      _reactListeningknwne5wvqqj: [33mtrue[39m,
      [[32mSymbol(listeners)[39m]: [36m[Object][39m,
      [[32mSymbol(listenerOptions)[39m]: [36m[Object][39m,
      [[32mSymbol(isConnected)[39m]: [33mtrue[39m,
      [[32mSymbol(parentNode)[39m]: [1mnull[22m,
      [[32mSymbol(rootNode)[39m]: [36m[Circular *1][39m,
      [[32mSymbol(styleNode)[39m]: [1mnull[22m,
      [[32mSymbol(textAreaNode)[39m]: [1mnull[22m,
      [[32mSymbol(formNode)[39m]: [1mnull[22m,
      [[32mSymbol(selectNode)[39m]: [1mnull[22m,
      [[32mSymbol(mutationListeners)[39m]: [],
      [[32mSymbol(nodeArray)[39m]: [36m[Array][39m,
      [[32mSymbol(elementArray)[39m]: [36m[Array][39m,
      [[32mSymbol(childNodes)[39m]: [1mnull[22m,
      [[32mSymbol(assignedToSlot)[39m]: [1mnull[22m,
      [[32mSymbol(cache)[39m]: [36m[Object][39m,
      [[32mSymbol(affectsCache)[39m]: [36m[Array][39m,
      [[32mSymbol(ownerDocument)[39m]: [1mnull[22m,
      [[32mSymbol(children)[39m]: [1mnull[22m,
      [[32mSymbol(activeElement)[39m]: [1mnull[22m,
      [[32mSymbol(nextActiveElement)[39m]: [1mnull[22m,
      [[32mSymbol(currentScript)[39m]: [1mnull[22m,
      [[32mSymbol(isFirstWrite)[39m]: [33mtrue[39m,
      [[32mSymbol(isFirstWriteAfterOpen)[39m]: [33mfalse[39m,
      [[32mSymbol(nodeType)[39m]: [33m9[39m,
      [[32mSymbol(adoptedStyleSheets)[39m]: [],
      [[32mSymbol(implementation)[39m]: DOMImplementation {},
      [[32mSymbol(readyState)[39m]: [32m'complete'[39m,
      [[32mSymbol(referrer)[39m]: [32m''[39m,
      [[32mSymbol(defaultView)[39m]: [36m[GlobalWindow [EventTarget]][39m,
      [[32mSymbol(forms)[39m]: [1mnull[22m,
      [[32mSymbol(affectsComputedStyleCache)[39m]: [],
      [[32mSymbol(elementIdMap)[39m]: Map(0) {},
      [[32mSymbol(contentType)[39m]: [32m'text/html'[39m,
      [[32mSymbol(xmlProcessingInstruction)[39m]: [1mnull[22m,
      [[32mSymbol(preloads)[39m]: Map(0) {},
      [[32mSymbol(propertyEventListeners)[39m]: Map(0) {},
      [[32mSymbol(selection)[39m]: [1mnull[22m
    },
    [[32mSymbol(styleNode)[39m]: [1mnull[22m,
    [[32mSymbol(textAreaNode)[39m]: [1mnull[22m,
    [[32mSymbol(formNode)[39m]: [1mnull[22m,
    [[32mSymbol(selectNode)[39m]: [1mnull[22m,
    [[32mSymbol(mutationListeners)[39m]: [],
    [[32mSymbol(nodeArray)[39m]: [],
    [[32mSymbol(elementArray)[39m]: [],
    [[32mSymbol(childNodes)[39m]: [1mnull[22m,
    [[32mSymbol(assignedToSlot)[39m]: [1mnull[22m,
    [[32mSymbol(cache)[39m]: {
      querySelector: Map(0) {},
      querySelectorAll: Map(0) {},
      matches: [36m[Map][39m,
      elementsByTagName: Map(0) {},
      elementsByTagNameNS: Map(0) {},
      elementByTagName: Map(0) {},
      elementById: Map(0) {},
      computedStyle: [1mnull[22m
    },
    [[32mSymbol(affectsCache)[39m]: [
      [36m[Object][39m, [36m[Object][39m, [36m[Object][39m,
      [36m[Object][39m, [36m[Object][39m, [36m[Object][39m,
      [36m[Object][39m, [36m[Object][39m, [36m[Object][39m,
      [36m[Object][39m, [36m[Object][39m, [36m[Object][39m,
      [36m[Object][39m, [36m[Object][39m, [36m[Object][39m,
      [36m[Object][39m, [36m[Object][39m, [36m[Object][39m,
      [36m[Object][39m, [36m[Object][39m, [36m[Object][39m,
      [36m[Object][39m
    ],
    [[32mSymbol(ownerDocument)[39m]: [36m<ref *1>[39m HTMLDocument {
      defaultView: [36m[Getter][39m,
      _reactListeningknwne5wvqqj: [33mtrue[39m,
      [[32mSymbol(listeners)[39m]: [36m[Object][39m,
      [[32mSymbol(listenerOptions)[39m]: [36m[Object][39m,
      [[32mSymbol(isConnected)[39m]: [33mtrue[39m,
      [[32mSymbol(parentNode)[39m]: [1mnull[22m,
      [[32mSymbol(rootNode)[39m]: [36m[Circular *1][39m,
      [[32mSymbol(styleNode)[39m]: [1mnull[22m,
      [[32mSymbol(textAreaNode)[39m]: [1mnull[22m,
      [[32mSymbol(formNode)[39m]: [1mnull[22m,
      [[32mSymbol(selectNode)[39m]: [1mnull[22m,
      [[32mSymbol(mutationListeners)[39m]: [],
      [[32mSymbol(nodeArray)[39m]: [36m[Array][39m,
      [[32mSymbol(elementArray)[39m]: [36m[Array][39m,
      [[32mSymbol(childNodes)[39m]: [1mnull[22m,
      [[32mSymbol(assignedToSlot)[39m]: [1mnull[22m,
      [[32mSymbol(cache)[39m]: [36m[Object][39m,
      [[32mSymbol(affectsCache)[39m]: [36m[Array][39m,
      [[32mSymbol(ownerDocument)[39m]: [1mnull[22m,
      [[32mSymbol(children)[39m]: [1mnull[22m,
      [[32mSymbol(activeElement)[39m]: [1mnull[22m,
      [[32mSymbol(nextActiveElement)[39m]: [1mnull[22m,
      [[32mSymbol(currentScript)[39m]: [1mnull[22m,
      [[32mSymbol(isFirstWrite)[39m]: [33mtrue[39m,
      [[32mSymbol(isFirstWriteAfterOpen)[39m]: [33mfalse[39m,
      [[32mSymbol(nodeType)[39m]: [33m9[39m,
      [[32mSymbol(adoptedStyleSheets)[39m]: [],
      [[32mSymbol(implementation)[39m]: DOMImplementation {},
      [[32mSymbol(readyState)[39m]: [32m'complete'[39m,
      [[32mSymbol(referrer)[39m]: [32m''[39m,
      [[32mSymbol(defaultView)[39m]: [36m[GlobalWindow [EventTarget]][39m,
      [[32mSymbol(forms)[39m]: [1mnull[22m,
      [[32mSymbol(affectsComputedStyleCache)[39m]: [],
      [[32mSymbol(elementIdMap)[39m]: Map(0) {},
      [[32mSymbol(contentType)[39m]: [32m'text/html'[39m,
      [[32mSymbol(xmlProcessingInstruction)[39m]: [1mnull[22m,
      [[32mSymbol(preloads)[39m]: Map(0) {},
      [[32mSymbol(propertyEventListeners)[39m]: Map(0) {},
      [[32mSymbol(selection)[39m]: [1mnull[22m
    },
    [[32mSymbol(window)[39m]: [36m<ref *2>[39m GlobalWindow [EventTarget] {
      Node: [36m[Function][39m,
      Attr: [36m[class Attr extends Node][39m,
      ShadowRoot: [36m[class ShadowRoot extends DocumentFragment][39m,
      ProcessingInstruction: [36m[class ProcessingInstruction extends CharacterData][39m,
      Element: [36m[Function][39m,
      CharacterData: [36m[class CharacterData extends Node][39m,
      DocumentType: [36m[class DocumentType extends Node][39m,
      HTMLAnchorElement: [36m[class HTMLAnchorElement extends HTMLElement][39m,
      HTMLButtonElement: [36m[class HTMLButtonElement extends HTMLElement][39m,
      HTMLOptGroupElement: [36m[class HTMLOptGroupElement extends HTMLElement][39m,
      HTMLOptionElement: [36m[class HTMLOptionElement extends HTMLElement][39m,
      HTMLElement: [36m[Function][39m,
      HTMLUnknownElement: [36m[class HTMLUnknownElement extends HTMLElement][39m,
      HTMLTemplateElement: [36m[class HTMLTemplateElement extends HTMLElement][39m,
      HTMLInputElement: [36m[class HTMLInputElement extends HTMLElement][39m,
      HTMLSelectElement: [36m[class HTMLSelectElement extends HTMLElement][39m,
      HTMLTextAreaElement: [36m[class HTMLTextAreaElement extends HTMLElement][39m,
      HTMLImageElement: [36m[class HTMLImageElement extends HTMLElement][39m,
      HTMLStyleElement: [36m[class HTMLStyleElement extends HTMLElement][39m,
      HTMLLabelElement: [36m[class HTMLLabelElement extends HTMLElement][39m,
      HTMLSlotElement: [36m[class HTMLSlotElement extends HTMLElement][39m,
      HTMLMetaElement: [36m[class HTMLMetaElement extends HTMLElement][39m,
      HTMLMediaElement: [36m[class HTMLMediaElement extends HTMLElement][39m,
      HTMLAudioElement: [36m[class HTMLAudioElement extends HTMLMediaElement][39m,
      HTMLVideoElement: [36m[class HTMLVideoElement extends HTMLMediaElement][39m,
      HTMLBaseElement: [36m[class HTMLBaseElement extends HTMLElement][39m,
      HTMLDialogElement: [36m[class HTMLDialogElement extends HTMLElement][39m,
      HTMLScriptElement: [36m[class HTMLScriptElement extends HTMLElement][39m,
      HTMLLinkElement: [36m[class HTMLLinkElement extends HTMLElement][39m,
      HTMLIFrameElement: [36m[class HTMLIFrameElement extends HTMLElement][39m,
      HTMLFormElement: [36m[class HTMLFormElement extends HTMLElement][39m,
      HTMLUListElement: [36m[class HTMLUListElement extends HTMLElement][39m,
      HTMLTrackElement: [36m[class HTMLTrackElement extends HTMLElement][39m,
      HTMLTableRowElement: [36m[class HTMLTableRowElement extends HTMLElement][39m,
      HTMLTitleElement: [36m[class HTMLTitleElement extends HTMLElement][39m,
      HTMLTimeElement: [36m[class HTMLTimeElement extends HTMLElement][39m,
      HTMLTableSectionElement: [36m[class HTMLTableSectionElement extends HTMLElement][39m,
      HTMLTableCellElement: [36m[class HTMLTableCellElement extends HTMLElement][39m,
      HTMLTableElement: [36m[class HTMLTableElement extends HTMLElement][39m,
      HTMLSpanElement: [36m[class HTMLSpanElement extends HTMLElement][39m,
      HTMLSourceElement: [36m[class HTMLSourceElement extends HTMLElement][39m,
      HTMLQuoteElement: [36m[class HTMLQuoteElement extends HTMLElement][39m,
      HTMLProgressElement: [36m[class HTMLProgressElement extends HTMLElement][39m,
      HTMLPreElement: [36m[class HTMLPreElement extends HTMLElement][39m,
      HTMLPictureElement: [36m[class HTMLPictureElement extends HTMLElement][39m,
      HTMLParamElement: [36m[class HTMLParamElement extends HTMLElement][39m,
      HTMLParagraphElement: [36m[class HTMLParagraphElement extends HTMLElement][39m,
      HTMLOutputElement: [36m[class HTMLOutputElement extends HTMLElement][39m,
      HTMLOListElement: [36m[class HTMLOListElement extends HTMLElement][39m,
      HTMLObjectElement: [36m[class HTMLObjectElement extends HTMLElement][39m,
      HTMLMeterElement: [36m[class HTMLMeterElement extends HTMLElement][39m,
      HTMLMenuElement: [36m[class HTMLMenuElement extends HTMLElement][39m,
      HTMLMapElement: [36m[class HTMLMapElement extends HTMLElement][39m,
      HTMLLIElement: [36m[class HTMLLIElement extends HTMLElement][39m,
      HTMLLegendElement: [36m[class HTMLLegendElement extends HTMLElement][39m,
      HTMLModElement: [36m[class HTMLModElement extends HTMLElement][39m,
      HTMLHtmlElement: [36m[class HTMLHtmlElement extends HTMLElement][39m,
      HTMLHRElement: [36m[class HTMLHRElement extends HTMLElement][39m,
      HTMLHeadElement: [36m[class HTMLHeadElement extends HTMLElement][39m,
      HTMLHeadingElement: [36m[class HTMLHeadingElement extends HTMLElement][39m,
      HTMLFieldSetElement: [36m[class HTMLFieldSetElement extends HTMLElement][39m,
      HTMLEmbedElement: [36m[class HTMLEmbedElement extends HTMLElement][39m,
      HTMLDListElement: [36m[class HTMLDListElement extends HTMLElement][39m,
      HTMLDivElement: [36m[class HTMLDivElement extends HTMLElement][39m,
      HTMLDetailsElement: [36m[class HTMLDetailsElement extends HTMLElement][39m,
      HTMLDataListElement: [36m[class HTMLDataListElement extends HTMLElement][39m,
      HTMLDataElement: [36m[class HTMLDataElement extends HTMLElement][39m,
      HTMLTableColElement: [36m[class HTMLTableColElement extends HTMLElement][39m,
      HTMLTableCaptionElement: [36m[class HTMLTableCaptionElement extends HTMLElement][39m,
      HTMLCanvasElement: [36m[class HTMLCanvasElement extends HTMLElement][39m,
      HTMLBRElement: [36m[class HTMLBRElement extends HTMLElement][39m,
      HTMLBodyElement: [36m[class HTMLBodyElement extends HTMLElement][39m,
      HTMLAreaElement: [36m[class HTMLAreaElement extends HTMLElement][39m,
      SVGSVGElement: [36m[class SVGSVGElement extends SVGGraphicsElement][39m,
      SVGAnimateElement: [36m[class SVGAnimateElement extends SVGAnimationElement][39m,
      SVGAnimateMotionElement: [36m[class SVGAnimateMotionElement extends SVGAnimationElement][39m,
      SVGAnimateTransformElement: [36m[class SVGAnimateTransformElement extends SVGAnimationElement][39m,
      SVGCircleElement: [36m[class SVGCircleElement extends SVGGeometryElement][39m,
      SVGClipPathElement: [36m[class SVGClipPathElement extends SVGElement][39m,
      SVGDefsElement: [36m[class SVGDefsElement extends SVGGraphicsElement][39m,
      SVGDescElement: [36m[class SVGDescElement extends SVGElement][39m,
      SVGEllipseElement: [36m[class SVGEllipseElement extends SVGGeometryElement][39m,
      SVGFEBlendElement: [36m[Function][39m,
      SVGFEColorMatrixElement: [36m[Function][39m,
      SVGFEComponentTransferElement: [36m[class SVGFEComponentTransferElement extends SVGElement][39m,
      SVGFECompositeElement: [36m[Function][39m,
      SVGFEConvolveMatrixElement: [36m[Function][39m,
      SVGFEDiffuseLightingElement: [36m[class SVGFEDiffuseLightingElement extends SVGElement][39m,
      SVGFEDisplacementMapElement: [36m[Function][39m,
      SVGFEDistantLightElement: [36m[class SVGFEDistantLightElement extends SVGElement][39m,
      SVGFEDropShadowElement: [36m[class SVGFEDropShadowElement extends SVGElement][39m,
      SVGFEFloodElement: [36m[class SVGFEFloodElement extends SVGElement][39m,
      SVGFEFuncAElement: [36m[class SVGFEFuncAElement extends SVGComponentTransferFunctionElement][39m,
      SVGFEFuncBElement: [36m[class SVGFEFuncBElement extends SVGComponentTransferFunctionElement][39m,
      SVGFEFuncGElement: [36m[class SVGFEFuncGElement extends SVGComponentTransferFunctionElement][39m,
      SVGFEFuncRElement: [36m[class SVGFEFuncRElement extends SVGComponentTransferFunctionElement][39m,
      SVGFEGaussianBlurElement: [36m[Function][39m,
      SVGFEImageElement: [36m[class SVGFEImageElement extends SVGElement][39m,
      SVGFEMergeElement: [36m[class SVGFEMergeElement extends SVGElement][39m,
      SVGFEMergeNodeElement: [36m[class SVGFEMergeNodeElement extends SVGElement][39m,
      SVGFEMorphologyElement: [36m[Function][39m,
      SVGFEOffsetElement: [36m[class SVGFEOffsetElement extends SVGElement][39m,
      SVGFEPointLightElement: [36m[class SVGFEPointLightElement extends SVGElement][39m,
      SVGFESpecularLightingElement: [36m[class SVGFESpecularLightingElement extends SVGElement][39m,
      SVGFESpotLightElement: [36m[class SVGFESpotLightElement extends SVGElement][39m,
      SVGFETileElement: [36m[class SVGFETileElement extends SVGElement][39m,
      SVGFETurbulenceElement: [36m[Function][39m,
      SVGFilterElement: [36m[class SVGFilterElement extends SVGElement][39m,
      SVGForeignObjectElement: [36m[class SVGForeignObjectElement extends SVGGraphicsElement][39m,
      SVGGElement: [36m[class SVGGElement extends SVGGraphicsElement][39m,
      SVGImageElement: [36m[class SVGImageElement extends SVGGraphicsElement][39m,
      SVGLineElement: [36m[class SVGLineElement extends SVGGeometryElement][39m,
      SVGLinearGradientElement: [36m[class SVGLinearGradientElement extends SVGGradientElement][39m,
      SVGMarkerElement: [36m[Function][39m,
      SVGMaskElement: [36m[class SVGMaskElement extends SVGElement][39m,
      SVGMetadataElement: [36m[class SVGMetadataElement extends SVGElement][39m,
      SVGMPathElement: [36m[class SVGMPathElement extends SVGElement][39m,
      SVGPathElement: [36m[class SVGPathElement extends SVGGeometryElement][39m,
      SVGPatternElement: [36m[class SVGPatternElement extends SVGElement][39m,
      SVGPolygonElement: [36m[class SVGPolygonElement extends SVGGeometryElement][39m,
      SVGPolylineElement: [36m[class SVGPolylineElement extends SVGGeometryElement][39m,
      SVGRadialGradientElement: [36m[class SVGRadialGradientElement extends SVGGradientElement][39m,
      SVGRectElement: [36m[class SVGRectElement extends SVGGeometryElement][39m,
      SVGScriptElement: [36m[class SVGScriptElement extends SVGGraphicsElement][39m,
      SVGSetElement: [36m[class SVGSetElement extends SVGAnimationElement][39m,
      SVGStopElement: [36m[class SVGStopElement extends SVGElement][39m,
      SVGStyleElement: [36m[class SVGStyleElement extends SVGElement][39m,
      SVGSwitchElement: [36m[class SVGSwitchElement extends SVGGraphicsElement][39m,
      SVGSymbolElement: [36m[class SVGSymbolElement extends SVGGraphicsElement][39m,
      SVGTextElement: [36m[class SVGTextElement extends SVGTextPositioningElement][39m,
      SVGTextPathElement: [36m[Function][39m,
      SVGTitleElement: [36m[class SVGTitleElement extends SVGElement][39m,
      SVGTSpanElement: [36m[class SVGTSpanElement extends SVGTextPositioningElement][39m,
      SVGUseElement: [36m[class SVGUseElement extends SVGGraphicsElement][39m,
      SVGViewElement: [36m[class SVGViewElement extends SVGElement][39m,
      SVGElement: [36m[class SVGElement extends Element][39m,
      SVGAnimationElement: [36m[class SVGAnimationElement extends SVGElement][39m,
      SVGComponentTransferFunctionElement: [36m[Function][39m,
      SVGGeometryElement: [36m[class SVGGeometryElement extends SVGGraphicsElement][39m,
      SVGGradientElement: [36m[Function][39m,
      SVGTextPositioningElement: [36m[class SVGTextPositioningElement extends SVGTextContentElement][39m,
      SVGGraphicsElement: [36m[class SVGGraphicsElement extends SVGElement][39m,
      Event: [36m[Function][39m,
      UIEvent: [36m[Function][39m,
      CustomEvent: [36m[class CustomEvent extends Event][39m,
      AnimationEvent: [36m[class AnimationEvent extends Event][39m,
      KeyboardEvent: [36m[Function][39m,
      MessageEvent: [36m[class MessageEvent extends Event][39m,
      MouseEvent: [36m[class MouseEvent extends UIEvent][39m,
      PointerEvent: [36m[class PointerEvent extends MouseEvent][39m,
      FocusEvent: [36m[class FocusEvent extends UIEvent][39m,
      WheelEvent: [36m[Function][39m,
      InputEvent: [36m[class InputEvent extends UIEvent][39m,
      ErrorEvent: [36m[class ErrorEvent extends UIEvent][39m,
      StorageEvent: [36m[class StorageEvent extends Event][39m,
      SubmitEvent: [36m[class SubmitEvent extends Event][39m,
      ProgressEvent: [36m[class ProgressEvent extends Event][39m,
      MediaQueryListEvent: [36m[class MediaQueryListEvent extends Event][39m,
      HashChangeEvent: [36m[class HashChangeEvent extends Event][39m,
      ClipboardEvent: [36m[class ClipboardEvent extends Event][39m,
      TouchEvent: [36m[class TouchEvent extends UIEvent][39m,
      PopStateEvent: [36m[class PopStateEvent extends Event][39m,
      Touch: [36m[class Touch][39m,
      AudioProcessingEvent: [36m[Function][39m,
      BeforeInputEvent: [36m[Function][39m,
      BeforeUnloadEvent: [36m[Function][39m,
      BlobEvent: [36m[Function][39m,
      CloseEvent: [36m[Function][39m,
      CompositionEvent: [36m[Function][39m,
      CSSFontFaceLoadEvent: [36m[Function][39m,
      DeviceLightEvent: [36m[Function][39m,
      DeviceMotionEvent: [36m[Function][39m,
      DeviceOrientationEvent: [36m[Function][39m,
      DeviceProximityEvent: [36m[Function][39m,
      DOMTransactionEvent: [36m[Function][39m,
      DragEvent: [36m[Function][39m,
      EditingBeforeInputEvent: [36m[Function][39m,
      FetchEvent: [36m[Function][39m,
      GamepadEvent: [36m[Function][39m,
      IDBVersionChangeEvent: [36m[Function][39m,
      MediaStreamEvent: [36m[Function][39m,
      MutationEvent: [36m[Function][39m,
      OfflineAudioCompletionEvent: [36m[Function][39m,
      OverconstrainedError: [36m[Function][39m,
      PageTransitionEvent: [36m[Function][39m,
      PaymentRequestUpdateEvent: [36m[Function][39m,
      RelatedEvent: [36m[Function][39m,
      RTCDataChannelEvent: [36m[Function][39m,
      RTCIdentityErrorEvent: [36m[Function][39m,
      RTCIdentityEvent: [36m[Function][39m,
      RTCPeerConnectionIceEvent: [36m[Function][39m,
      SensorEvent: [36m[Function][39m,
      SVGEvent: [36m[Function][39m,
      SVGZoomEvent: [36m[Function][39m,
      TimeEvent: [36m[Function][39m,
      TrackEvent: [36m[Function][39m,
      TransitionEvent: [36m[Function][39m,
      UserProximityEvent: [36m[Function][39m,
      WebGLContextEvent: [36m[Function][39m,
      TextEvent: [36m[Function][39m,
      Permissions: [36m[class Permissions][39m,
      History: [36m[class History][39m,
      Navigator: [36m[class Navigator][39m,
      Clipboard: [36m[class Clipboard][39m,
      TimeRanges: [36m[class TimeRanges][39m,
      TextTrackCueList: [36m[class TextTrackCueList extends Array][39m,
      ValidityState: [36m[class ValidityState][39m,
      MutationRecord: [36m[class MutationRecord][39m,
      IntersectionObserver: [36m[class IntersectionObserver][39m,
      IntersectionObserverEntry: [36m[class IntersectionObserverEntry][39m,
      CSSStyleDeclaration: [36m[class CSSStyleDeclaration][39m,
      CSSRule: [36m[Function][39m,
      CSSContainerRule: [36m[class CSSContainerRule extends CSSConditionRule][39m,
      CSSFontFaceRule: [36m[class CSSFontFaceRule extends CSSRule][39m,
      CSSKeyframeRule: [36m[class CSSKeyframeRule extends CSSRule][39m,
      CSSKeyframesRule: [36m[class CSSKeyframesRule extends CSSRule][39m,
      CSSMediaRule: [36m[class CSSMediaRule extends CSSConditionRule][39m,
      CSSStyleRule: [36m[class CSSStyleRule extends CSSGroupingRule][39m,
      CSSSupportsRule: [36m[class CSSSupportsRule extends CSSConditionRule][39m,
      CSSConditionRule: [36m[class CSSConditionRule extends CSSGroupingRule][39m,
      CSSGroupingRule: [36m[class CSSGroupingRule extends CSSRule][39m,
      CSSScopeRule: [36m[class CSSScopeRule extends CSSGroupingRule][39m,
      DOMRect: [36m[class DOMRect extends DOMRectReadOnly][39m,
      DOMRectReadOnly: [36m[class DOMRectReadOnly][39m,
      Plugin: [36m[class Plugin][39m,
      PluginArray: [36m[class PluginArray][39m,
      Location: [36m[class Location][39m,
      CustomElementRegistry: [36m[class CustomElementRegistry][39m,
      ResizeObserver: [36m[class ResizeObserver][39m,
      Blob: [36m[class Blob][39m,
      File: [36m[class File extends Blob][39m,
      Storage: [36m[class Storage][39m,
      MimeType: [36m[class MimeType][39m,
      MimeTypeArray: [36m[class MimeTypeArray][39m,
      NodeFilter: [36m[Object][39m,
      HTMLCollection: [36m[class HTMLCollection][39m,
      HTMLFormControlCollection: [36m[class HTMLFormControlsCollection extends HTMLCollection][39m,
      HTMLOptionsCollection: [36m[class HTMLOptionsCollection extends HTMLCollection][39m,
      NodeList: [36m[class NodeList][39m,
      RadioNodeList: [36m[class RadioNodeList extends NodeList][39m,
      FileList: [36m[class FileList extends Array][39m,
      Screen: [36m[class Screen][39m,
      DOMMatrixReadOnly: [36m[class DOMMatrixReadOnly][39m,
      DOMMatrix: [36m[class DOMMatrix extends DOMMatrixReadOnly][39m,
      NamedNodeMap: [36m[class NamedNodeMap][39m,
      TreeWalker: [36m[class TreeWalker][39m,
      NodeIterator: [36m[class NodeIterator][39m,
      DataTransfer: [36m[class DataTransfer][39m,
      DataTransferItem: [36m[class DataTransferItem][39m,
      DataTransferItemList: [36m[class DataTransferItemList extends Array][39m,
      XMLSerializer: [36m[class XMLSerializer][39m,
      ClipboardItem: [36m[class ClipboardItem][39m,
      Selection: [36m[class Selection][39m,
      CSSUnitValue: [36m[class CSSUnitValue][39m,
      SVGAngle: [36m[Function][39m,
      SVGAnimatedAngle: [36m[class SVGAnimatedAngle][39m,
      SVGAnimatedBoolean: [36m[class SVGAnimatedBoolean][39m,
      SVGAnimatedEnumeration: [36m[class SVGAnimatedEnumeration][39m,
      SVGAnimatedInteger: [36m[class SVGAnimatedInteger][39m,
      SVGAnimatedLength: [36m[class SVGAnimatedLength][39m,
      SVGAnimatedNumber: [36m[class SVGAnimatedNumber][39m,
      SVGAnimatedNumberList: [36m[class SVGAnimatedNumberList][39m,
      SVGAnimatedPreserveAspectRatio: [36m[class SVGAnimatedPreserveAspectRatio][39m,
      SVGAnimatedRect: [36m[class SVGAnimatedRect][39m,
      SVGAnimatedString: [36m[class SVGAnimatedString][39m,
      SVGAnimatedTransformList: [36m[class SVGAnimatedTransformList][39m,
      SVGLength: [36m[Function][39m,
      SVGLengthList: [36m[class SVGLengthList][39m,
      SVGMatrix: [36m[class SVGMatrix][39m,
      SVGNumber: [36m[class SVGNumber][39m,
      SVGNumberList: [36m[class SVGNumberList][39m,
      SVGPoint: [36m[class SVGPoint][39m,
      SVGPointList: [36m[class SVGPointList][39m,
      SVGPreserveAspectRatio: [36m[Function][39m,
      SVGRect: [36m[class SVGRect][39m,
      SVGStringList: [36m[class SVGStringList][39m,
      SVGTransform: [36m[Function][39m,
      SVGTransformList: [36m[class SVGTransformList][39m,
      SVGAnimatedLengthList: [36m[class SVGAnimatedLengthList][39m,
      SVGUnitTypes: [36m[Function][39m,
      DOMPoint: [36m[class DOMPoint extends DOMPointReadOnly][39m,
      StylePropertyMap: [36m[class StylePropertyMap extends StylePropertyMapReadOnly][39m,
      StylePropertyMapReadOnly: [36m[class StylePropertyMapReadOnly][39m,
      MediaList: [36m[class MediaList][39m,
      CSSKeywordValue: [36m[class CSSKeywordValue][39m,
      CSSStyleValue: [36m[class CSSStyleValue][39m,
      Window: [36m[class GlobalWindow extends Window][39m,
      URLSearchParams: [36m[class URLSearchParams][39m,
      WritableStream: [36m[Function][39m,
      ReadableStream: [36m[Function][39m,
      TransformStream: [36m[Function: Transform][39m,
      PerformanceObserver: [36m[class PerformanceObserver][39m,
      PerformanceEntry: [36m[class PerformanceEntry][39m,
      PerformanceObserverEntryList: [36m[class PerformanceObserverEntryList][39m,
      onload: [1mnull[22m,
      onerror: [1mnull[22m,
      document: [36m[HTMLDocument][39m,
      customElements: [36m[CustomElementRegistry][39m,
      window: [36m[Circular *2][39m,
      globalThis: [36m[Circular *2][39m,
      performance: [36m[Performance][39m,
      screenLeft: [33m0[39m,
      screenTop: [33m0[39m,
      screenX: [33m0[39m,
      screenY: [33m0[39m,
      crypto: Crypto {},
      TextEncoder: [36m[class TextEncoder][39m,
      TextDecoder: [36m[class TextDecoder][39m,
      closed: [33mfalse[39m,
      console: [36m[Object [console]][39m,
      name: [32m''[39m,
      Buffer: [36m[Function][39m,
      Document: [36m[class Document extends Document][39m,
      HTMLDocument: [36m[class HTMLDocument extends HTMLDocument][39m,
      XMLDocument: [36m[class XMLDocument extends XMLDocument][39m,
      DocumentFragment: [36m[class DocumentFragment extends DocumentFragment][39m,
      Text: [36m[class Text extends Text][39m,
      Comment: [36m[class Comment extends Comment][39m,
      Image: [36m[class Image extends Image][39m,
      Audio: [36m[class Audio extends Audio][39m,
      MutationObserver: [36m[class MutationObserver extends MutationObserver][39m,
      MessagePort: [36m[class MessagePort extends MessagePort][39m,
      CSSStyleSheet: [36m[class CSSStyleSheet extends CSSStyleSheet][39m,
      DOMException: [36m[class DOMException extends DOMException][39m,
      Headers: [36m[class Headers extends Headers][39m,
      Request: [36m[class Request extends Request][39m,
      Response: [36m[Function][39m,
      EventTarget: [36m[class EventTarget extends EventTarget][39m,
      XMLHttpRequestUpload: [36m[class XMLHttpRequestUpload extends XMLHttpRequestUpload][39m,
      XMLHttpRequestEventTarget: [36m[class XMLHttpRequestEventTarget extends XMLHttpRequestEventTarget][39m,
      AbortController: [36m[class AbortController extends AbortController][39m,
      AbortSignal: [36m[Function][39m,
      FormData: [36m[class FormData extends FormData][39m,
      PermissionStatus: [36m[class PermissionStatus extends PermissionStatus][39m,
      XMLHttpRequest: [36m[class XMLHttpRequest extends XMLHttpRequest][39m,
      DOMParser: [36m[class DOMParser extends DOMParser][39m,
      Range: [36m[class Range extends Range][39m,
      VTTCue: [36m[class VTTCue extends VTTCue][39m,
      TextTrack: [36m[class TextTrack extends TextTrack][39m,
      TextTrackList: [36m[class TextTrackList extends TextTrackList][39m,
      TextTrackCue: [36m[class TextTrackCue extends TextTrackCue][39m,
      RemotePlayback: [36m[class RemotePlayback extends RemotePlayback][39m,
      FileReader: [36m[class FileReader extends FileReader][39m,
      MediaStream: [36m[class MediaStream extends MediaStream][39m,
      MediaStreamTrack: [36m[class MediaStreamTrack extends MediaStreamTrack][39m,
      CanvasCaptureMediaStreamTrack: [36m[class CanvasCaptureMediaStreamTrack extends CanvasCaptureMediaStreamTrack][39m,
      URL: [36m[class URL extends URL][39m,
      happyDOM: DetachedWindowAPI {},
      Array: [36m[Function: Array][39m,
      ArrayBuffer: [36m[Function: ArrayBuffer][39m,
      Boolean: [36m[Function: Boolean][39m,
      DataView: [36m[Function: DataView][39m,
      Date: [36m[Function: Date][39m,
      Error: [36m[Function][39m,
      EvalError: [36m[Function: EvalError][39m,
      Float32Array: [36m[Function: Float32Array][39m,
      Float64Array: [36m[Function: Float64Array][39m,
      Function: [36m[Function: Function][39m,
      Infinity: [33mInfinity[39m,
      Int16Array: [36m[Function: Int16Array][39m,
      Int32Array: [36m[Function: Int32Array][39m,
      Int8Array: [36m[Function: Int8Array][39m,
      Intl: Object [Intl] {},
      JSON: Object [JSON] {},
      Map: [36m[Function: Map][39m,
      Math: Object [Math] {},
      NaN: [33mNaN[39m,
      Number: [36m[Function: Number][39m,
      Object: [36m[Function: Object][39m,
      Promise: [36m[Function: Promise][39m,
      RangeError: [36m[Function: RangeError][39m,
      ReferenceError: [36m[Function: ReferenceError][39m,
      RegExp: [36m[Function: RegExp][39m,
      Set: [36m[Function: Set][39m,
      String: [36m[Function: String][39m,
      Symbol: [36m[Function: Symbol][39m,
      SyntaxError: [36m[Function: SyntaxError][39m,
      TypeError: [36m[Function: TypeError][39m,
      URIError: [36m[Function: URIError][39m,
      Uint16Array: [36m[Function: Uint16Array][39m,
      Uint32Array: [36m[Function: Uint32Array][39m,
      Uint8Array: [36m[Function: Uint8Array][39m,
      Uint8ClampedArray: [36m[Function: Uint8ClampedArray][39m,
      WeakMap: [36m[Function: WeakMap][39m,
      WeakSet: [36m[Function: WeakSet][39m,
      decodeURI: [36m[Function: decodeURI][39m,
      decodeURIComponent: [36m[Function: decodeURIComponent][39m,
      encodeURI: [36m[Function: encodeURI][39m,
      encodeURIComponent: [36m[Function: encodeURIComponent][39m,
      eval: [36m[Function: eval][39m,
      escape: [36m[Function: escape][39m,
      global: [36m[Object [global]][39m,
      isFinite: [36m[Function: isFinite][39m,
      isNaN: [36m[Function: isNaN][39m,
      parseFloat: [36m[Function: parseFloat][39m,
      parseInt: [36m[Function: parseInt][39m,
      undefined: [90mundefined[39m,
      unescape: [36m[Function: unescape][39m,
      [[32mSymbol(listeners)[39m]: [36m[Object][39m,
      [[32mSymbol(listenerOptions)[39m]: [36m[Object][39m,
      [[32mSymbol(mutationObservers)[39m]: [],
      [[32mSymbol(readyStateManager)[39m]: DocumentReadyStateManager {},
      [[32mSymbol(location)[39m]: [36m[Location][39m,
      [[32mSymbol(history)[39m]: History {},
      [[32mSymbol(navigator)[39m]: Navigator {},
      [[32mSymbol(screen)[39m]: [36m[Screen][39m,
      [[32mSymbol(sessionStorage)[39m]: [36m[Storage][39m,
      [[32mSymbol(localStorage)[39m]: [36m[Storage][39m,
      [[32mSymbol(self)[39m]: [36m[Circular *2][39m,
      [[32mSymbol(top)[39m]: [36m[Circular *2][39m,
      [[32mSymbol(parent)[39m]: [36m[Circular *2][39m,
      [[32mSymbol(window)[39m]: [36m[Circular *2][39m,
      [[32mSymbol(frames)[39m]: [36m[Circular *2][39m,
      [[32mSymbol(internalId)[39m]: [33m0[39m,
      [[32mSymbol(customElementReactionStack)[39m]: [36m[CustomElementReactionStack][39m,
      [[32mSymbol(modules)[39m]: [36m[Object][39m,
      [[32mSymbol(moduleImportMap)[39m]: [1mnull[22m
    },
    [[32mSymbol(classList)[39m]: [1mnull[22m,
    [[32mSymbol(isValue)[39m]: [1mnull[22m,
    [[32mSymbol(nodeType)[39m]: [33m1[39m,
    [[32mSymbol(prefix)[39m]: [1mnull[22m,
    [[32mSymbol(shadowRoot)[39m]: [1mnull[22m,
    [[32mSymbol(scrollHeight)[39m]: [33m0[39m,
    [[32mSymbol(scrollWidth)[39m]: [33m0[39m,
    [[32mSymbol(scrollTop)[39m]: [33m0[39m,
    [[32mSymbol(scrollLeft)[39m]: [33m0[39m,
    [[32mSymbol(attributes)[39m]: NamedNodeMap {
      [[32mSymbol(itemsByNamespaceURI)[39m]: [36m[Map][39m,
      [[32mSymbol(itemsByName)[39m]: [36m[Map][39m,
      [[32mSymbol(items)[39m]: [36m[Map][39m,
      [[32mSymbol(ownerElement)[39m]: [36m[Circular *3][39m
    },
    [[32mSymbol(attributesProxy)[39m]: [1mnull[22m,
    [[32mSymbol(children)[39m]: [1mnull[22m,
    [[32mSymbol(computedStyle)[39m]: [1mnull[22m,
    [[32mSymbol(propertyEventListeners)[39m]: Map(2) {
      [32m'onload'[39m => [36m[Function (anonymous)][39m,
      [32m'onerror'[39m => [36m[Function (anonymous)][39m
    },
    [[32mSymbol(tagName)[39m]: [32m'SCRIPT'[39m,
    [[32mSymbol(localName)[39m]: [32m'script'[39m,
    [[32mSymbol(namespaceURI)[39m]: [32m'http://www.w3.org/1999/xhtml'[39m,
    [[32mSymbol(accessKey)[39m]: [32m''[39m,
    [[32mSymbol(offsetHeight)[39m]: [33m0[39m,
    [[32mSymbol(offsetWidth)[39m]: [33m0[39m,
    [[32mSymbol(offsetLeft)[39m]: [33m0[39m,
    [[32mSymbol(offsetTop)[39m]: [33m0[39m,
    [[32mSymbol(clientHeight)[39m]: [33m0[39m,
    [[32mSymbol(clientWidth)[39m]: [33m0[39m,
    [[32mSymbol(clientLeft)[39m]: [33m0[39m,
    [[32mSymbol(clientTop)[39m]: [33m0[39m,
    [[32mSymbol(style)[39m]: [1mnull[22m,
    [[32mSymbol(dataset)[39m]: [1mnull[22m,
    [[32mSymbol(disableEvaluation)[39m]: [33mfalse[39m,
    [[32mSymbol(blocking)[39m]: [1mnull[22m
  },
  [[32mSymbol(currentTarget)[39m]: [1mnull[22m,
  [[32mSymbol(isInPassiveEventListener)[39m]: [33mfalse[39m
}

 [32m✓[39m tests/response-viewer.test.tsx [2m([22m[2m12 tests[22m[2m)[22m[33m 480[2mms[22m[39m
[90mstdout[2m | tests/quick-demo.test.tsx[2m > [22m[2mQuickDemo Component[2m > [22m[2mshows completion message when demo finishes
[22m[39m[QuickDemo] Navigated to explorer

 [32m✓[39m tests/workflow-progress.test.tsx [2m([22m[2m21 tests[22m[2m)[22m[33m 469[2mms[22m[39m
[90mstdout[2m | tests/file-manager.test.ts[2m > [22m[2mFileManager[2m > [22m[2mFile Storage[2m > [22m[2mshould store a file and return unique ID
[22m[39m[FileManager] Created storage directory: /tmp/splice-test-storage

[90mstdout[2m | tests/file-manager.test.ts[2m > [22m[2mFileManager[2m > [22m[2mFile Storage[2m > [22m[2mshould store a file and return unique ID
[22m[39m[FileManager] Storing file: /tmp/splice-test-storage/test-file.txt
  TTL: 3600s (60 minutes)
  File ID: c14188f69fb05da6aaec60140d01ea05
  Size: 0.00 MB
  Created: 2025-11-25T23:32:13.319Z
  Expires: 2025-11-26T00:32:13.319Z
[FileManager] File stored successfully. Total files: 1

[90mstdout[2m | tests/file-manager.test.ts[2m > [22m[2mFileManager[2m > [22m[2mFile Storage[2m > [22m[2mshould store a file and return unique ID
[22m[39m[FileManager] Shutting down...
[FileManager] Deleting file c14188f69fb05da6aaec60140d01ea05
  Path: /tmp/splice-test-storage/test-file.txt
  Deleted file: /tmp/splice-test-storage/test-file.txt
[FileManager] File c14188f69fb05da6aaec60140d01ea05 removed from tracking

[90mstdout[2m | tests/file-manager.test.ts[2m > [22m[2mFileManager[2m > [22m[2mFile Storage[2m > [22m[2mshould store a file and return unique ID
[22m[39m[FileManager] Shutdown complete

[90mstdout[2m | tests/file-manager.test.ts[2m > [22m[2mFileManager[2m > [22m[2mFile Storage[2m > [22m[2mshould generate unique IDs for different files
[22m[39m[FileManager] Created storage directory: /tmp/splice-test-storage

[90mstdout[2m | tests/file-manager.test.ts[2m > [22m[2mFileManager[2m > [22m[2mFile Storage[2m > [22m[2mshould generate unique IDs for different files
[22m[39m[FileManager] Storing file: /tmp/splice-test-storage/file1.txt
  TTL: 3600s (60 minutes)
  File ID: 9c03282189f13cb4d11d685061385115
  Size: 0.00 MB
  Created: 2025-11-25T23:32:13.323Z
  Expires: 2025-11-26T00:32:13.323Z
[FileManager] File stored successfully. Total files: 1

[90mstdout[2m | tests/file-manager.test.ts[2m > [22m[2mFileManager[2m > [22m[2mFile Storage[2m > [22m[2mshould generate unique IDs for different files
[22m[39m[FileManager] Storing file: /tmp/splice-test-storage/file2.txt
  TTL: 3600s (60 minutes)
  File ID: 9bcd96a0543cbd62f9e788bcc9b80133
  Size: 0.00 MB
  Created: 2025-11-25T23:32:13.323Z
  Expires: 2025-11-26T00:32:13.323Z
[FileManager] File stored successfully. Total files: 2

[90mstdout[2m | tests/file-manager.test.ts[2m > [22m[2mFileManager[2m > [22m[2mFile Storage[2m > [22m[2mshould generate unique IDs for different files
[22m[39m[FileManager] Shutting down...
[FileManager] Deleting file 9c03282189f13cb4d11d685061385115
  Path: /tmp/splice-test-storage/file1.txt
  Deleted file: /tmp/splice-test-storage/file1.txt
[FileManager] File 9c03282189f13cb4d11d685061385115 removed from tracking

[90mstdout[2m | tests/file-manager.test.ts[2m > [22m[2mFileManager[2m > [22m[2mFile Storage[2m > [22m[2mshould generate unique IDs for different files
[22m[39m[FileManager] Deleting file 9bcd96a0543cbd62f9e788bcc9b80133
  Path: /tmp/splice-test-storage/file2.txt
  Deleted file: /tmp/splice-test-storage/file2.txt
[FileManager] File 9bcd96a0543cbd62f9e788bcc9b80133 removed from tracking

[90mstdout[2m | tests/file-manager.test.ts[2m > [22m[2mFileManager[2m > [22m[2mFile Storage[2m > [22m[2mshould generate unique IDs for different files
[22m[39m[FileManager] Shutdown complete

[90mstdout[2m | tests/file-manager.test.ts[2m > [22m[2mFileManager[2m > [22m[2mFile Storage[2m > [22m[2mshould throw error when storing non-existent file
[22m[39m[FileManager] Created storage directory: /tmp/splice-test-storage

[90mstdout[2m | tests/file-manager.test.ts[2m > [22m[2mFileManager[2m > [22m[2mFile Storage[2m > [22m[2mshould throw error when storing non-existent file
[22m[39m[FileManager] Storing file: /tmp/splice-test-storage/does-not-exist.txt
  TTL: 3600s (60 minutes)

[90mstderr[2m | tests/file-manager.test.ts[2m > [22m[2mFileManager[2m > [22m[2mFile Storage[2m > [22m[2mshould throw error when storing non-existent file
[22m[39m[FileManager] File not found: /tmp/splice-test-storage/does-not-exist.txt

[90mstdout[2m | tests/file-manager.test.ts[2m > [22m[2mFileManager[2m > [22m[2mFile Storage[2m > [22m[2mshould throw error when storing non-existent file
[22m[39m[FileManager] Shutting down...
[FileManager] Shutdown complete

[90mstdout[2m | tests/file-manager.test.ts[2m > [22m[2mFileManager[2m > [22m[2mFile Storage[2m > [22m[2mshould store file with custom TTL
[22m[39m[FileManager] Created storage directory: /tmp/splice-test-storage

[90mstdout[2m | tests/file-manager.test.ts[2m > [22m[2mFileManager[2m > [22m[2mFile Storage[2m > [22m[2mshould store file with custom TTL
[22m[39m[FileManager] Storing file: /tmp/splice-test-storage/test-file.txt
  TTL: 5s (0.08333333333333333 minutes)
  File ID: 83ea5c55aefc1bc6e1c5320764134e2b
  Size: 0.00 MB
  Created: 2025-11-25T23:32:13.326Z
  Expires: 2025-11-25T23:32:18.326Z
[FileManager] File stored successfully. Total files: 1

[90mstdout[2m | tests/file-manager.test.ts[2m > [22m[2mFileManager[2m > [22m[2mFile Storage[2m > [22m[2mshould store file with custom TTL
[22m[39m[FileManager] Shutting down...
[FileManager] Deleting file 83ea5c55aefc1bc6e1c5320764134e2b
  Path: /tmp/splice-test-storage/test-file.txt
  Deleted file: /tmp/splice-test-storage/test-file.txt
[FileManager] File 83ea5c55aefc1bc6e1c5320764134e2b removed from tracking

[90mstdout[2m | tests/file-manager.test.ts[2m > [22m[2mFileManager[2m > [22m[2mFile Storage[2m > [22m[2mshould store file with custom TTL
[22m[39m[FileManager] Shutdown complete

[90mstdout[2m | tests/file-manager.test.ts[2m > [22m[2mFileManager[2m > [22m[2mFile Storage[2m > [22m[2mshould track file count
[22m[39m[FileManager] Created storage directory: /tmp/splice-test-storage

[90mstdout[2m | tests/file-manager.test.ts[2m > [22m[2mFileManager[2m > [22m[2mFile Storage[2m > [22m[2mshould track file count
[22m[39m[FileManager] Storing file: /tmp/splice-test-storage/test-file.txt
  TTL: 3600s (60 minutes)
  File ID: 48b7b33967a50dda4f60451e453e25ae
  Size: 0.00 MB
  Created: 2025-11-25T23:32:13.328Z
  Expires: 2025-11-26T00:32:13.328Z
[FileManager] File stored successfully. Total files: 1

[90mstdout[2m | tests/file-manager.test.ts[2m > [22m[2mFileManager[2m > [22m[2mFile Storage[2m > [22m[2mshould track file count
[22m[39m[FileManager] Shutting down...
[FileManager] Deleting file 48b7b33967a50dda4f60451e453e25ae
  Path: /tmp/splice-test-storage/test-file.txt
  Deleted file: /tmp/splice-test-storage/test-file.txt
[FileManager] File 48b7b33967a50dda4f60451e453e25ae removed from tracking

[90mstdout[2m | tests/file-manager.test.ts[2m > [22m[2mFileManager[2m > [22m[2mFile Storage[2m > [22m[2mshould track file count
[22m[39m[FileManager] Shutdown complete

[90mstdout[2m | tests/file-manager.test.ts[2m > [22m[2mFileManager[2m > [22m[2mFile Retrieval[2m > [22m[2mshould retrieve stored file by ID
[22m[39m[FileManager] Created storage directory: /tmp/splice-test-storage

[90mstdout[2m | tests/file-manager.test.ts[2m > [22m[2mFileManager[2m > [22m[2mFile Retrieval[2m > [22m[2mshould retrieve stored file by ID
[22m[39m[FileManager] Storing file: /tmp/splice-test-storage/test-file.txt
  TTL: 3600s (60 minutes)
  File ID: d4b59ea78765bd068d523677c1efe3b9
  Size: 0.00 MB
  Created: 2025-11-25T23:32:13.330Z
  Expires: 2025-11-26T00:32:13.330Z
[FileManager] File stored successfully. Total files: 1

[90mstdout[2m | tests/file-manager.test.ts[2m > [22m[2mFileManager[2m > [22m[2mFile Retrieval[2m > [22m[2mshould retrieve stored file by ID
[22m[39m[FileManager] Shutting down...
[FileManager] Deleting file d4b59ea78765bd068d523677c1efe3b9
  Path: /tmp/splice-test-storage/test-file.txt
  Deleted file: /tmp/splice-test-storage/test-file.txt
[FileManager] File d4b59ea78765bd068d523677c1efe3b9 removed from tracking

[90mstdout[2m | tests/file-manager.test.ts[2m > [22m[2mFileManager[2m > [22m[2mFile Retrieval[2m > [22m[2mshould retrieve stored file by ID
[22m[39m[FileManager] Shutdown complete

[90mstdout[2m | tests/file-manager.test.ts[2m > [22m[2mFileManager[2m > [22m[2mFile Retrieval[2m > [22m[2mshould return null for non-existent file ID
[22m[39m[FileManager] Created storage directory: /tmp/splice-test-storage

[90mstdout[2m | tests/file-manager.test.ts[2m > [22m[2mFileManager[2m > [22m[2mFile Retrieval[2m > [22m[2mshould return null for non-existent file ID
[22m[39m[FileManager] Shutting down...
[FileManager] Shutdown complete

[90mstdout[2m | tests/file-manager.test.ts[2m > [22m[2mFileManager[2m > [22m[2mFile Retrieval[2m > [22m[2mshould return null if file was deleted from disk
[22m[39m[FileManager] Created storage directory: /tmp/splice-test-storage

[90mstdout[2m | tests/file-manager.test.ts[2m > [22m[2mFileManager[2m > [22m[2mFile Retrieval[2m > [22m[2mshould return null if file was deleted from disk
[22m[39m[FileManager] Storing file: /tmp/splice-test-storage/test-file.txt
  TTL: 3600s (60 minutes)
  File ID: 01ebd02ca05f32fdd8183f580e8ce6fd
  Size: 0.00 MB
  Created: 2025-11-25T23:32:13.335Z
  Expires: 2025-11-26T00:32:13.335Z
[FileManager] File stored successfully. Total files: 1

[90mstdout[2m | tests/file-manager.test.ts[2m > [22m[2mFileManager[2m > [22m[2mFile Retrieval[2m > [22m[2mshould return null if file was deleted from disk
[22m[39m[FileManager] Shutting down...
[FileManager] Shutdown complete

[90mstdout[2m | tests/file-manager.test.ts[2m > [22m[2mFileManager[2m > [22m[2mFile Retrieval[2m > [22m[2mshould retrieve all stored files
[22m[39m[FileManager] Created storage directory: /tmp/splice-test-storage

[90mstdout[2m | tests/file-manager.test.ts[2m > [22m[2mFileManager[2m > [22m[2mFile Retrieval[2m > [22m[2mshould retrieve all stored files
[22m[39m[FileManager] Storing file: /tmp/splice-test-storage/file1.txt
  TTL: 3600s (60 minutes)
  File ID: 2381069335e702355a30f19867a714b9
  Size: 0.00 MB
  Created: 2025-11-25T23:32:13.336Z
  Expires: 2025-11-26T00:32:13.336Z
[FileManager] File stored successfully. Total files: 1

[90mstdout[2m | tests/file-manager.test.ts[2m > [22m[2mFileManager[2m > [22m[2mFile Retrieval[2m > [22m[2mshould retrieve all stored files
[22m[39m[FileManager] Storing file: /tmp/splice-test-storage/file2.txt
  TTL: 3600s (60 minutes)
  File ID: ad4405c06f38adf0d8d962486a81144a
  Size: 0.00 MB
  Created: 2025-11-25T23:32:13.336Z
  Expires: 2025-11-26T00:32:13.336Z
[FileManager] File stored successfully. Total files: 2

[90mstdout[2m | tests/file-manager.test.ts[2m > [22m[2mFileManager[2m > [22m[2mFile Retrieval[2m > [22m[2mshould retrieve all stored files
[22m[39m[FileManager] Shutting down...
[FileManager] Deleting file 2381069335e702355a30f19867a714b9
  Path: /tmp/splice-test-storage/file1.txt
  Deleted file: /tmp/splice-test-storage/file1.txt
[FileManager] File 2381069335e702355a30f19867a714b9 removed from tracking

[90mstdout[2m | tests/file-manager.test.ts[2m > [22m[2mFileManager[2m > [22m[2mFile Retrieval[2m > [22m[2mshould retrieve all stored files
[22m[39m[FileManager] Deleting file ad4405c06f38adf0d8d962486a81144a
  Path: /tmp/splice-test-storage/file2.txt
  Deleted file: /tmp/splice-test-storage/file2.txt
[FileManager] File ad4405c06f38adf0d8d962486a81144a removed from tracking

[90mstdout[2m | tests/file-manager.test.ts[2m > [22m[2mFileManager[2m > [22m[2mFile Retrieval[2m > [22m[2mshould retrieve all stored files
[22m[39m[FileManager] Shutdown complete

[90mstdout[2m | tests/file-manager.test.ts[2m > [22m[2mFileManager[2m > [22m[2mExpiration Logic[2m > [22m[2mshould return null for expired file
[22m[39m[FileManager] Created storage directory: /tmp/splice-test-storage

[90mstdout[2m | tests/file-manager.test.ts[2m > [22m[2mFileManager[2m > [22m[2mExpiration Logic[2m > [22m[2mshould return null for expired file
[22m[39m[FileManager] Storing file: /tmp/splice-test-storage/test-file.txt
  TTL: 0.001s (0.000016666666666666667 minutes)
  File ID: d8b99efdb53cb1c4f15fb4bf22c1c4f0
  Size: 0.00 MB
  Created: 2025-11-25T23:32:13.337Z
  Expires: 2025-11-25T23:32:13.338Z
[FileManager] File stored successfully. Total files: 1

[90mstdout[2m | tests/file-manager.test.ts[2m > [22m[2mFileManager[2m > [22m[2mExpiration Logic[2m > [22m[2mshould return null for expired file
[22m[39m[FileManager] Deleting file d8b99efdb53cb1c4f15fb4bf22c1c4f0
  Path: /tmp/splice-test-storage/test-file.txt
  Deleted file: /tmp/splice-test-storage/test-file.txt
[FileManager] File d8b99efdb53cb1c4f15fb4bf22c1c4f0 removed from tracking

[90mstdout[2m | tests/file-manager.test.ts[2m > [22m[2mFileManager[2m > [22m[2mExpiration Logic[2m > [22m[2mshould return null for expired file
[22m[39m[FileManager] Shutting down...
[FileManager] Shutdown complete

[90mstdout[2m | tests/file-manager.test.ts[2m > [22m[2mFileManager[2m > [22m[2mExpiration Logic[2m > [22m[2mshould not return expired file even if it exists on disk
[22m[39m[FileManager] Created storage directory: /tmp/splice-test-storage

[90mstdout[2m | tests/file-manager.test.ts[2m > [22m[2mFileManager[2m > [22m[2mExpiration Logic[2m > [22m[2mshould not return expired file even if it exists on disk
[22m[39m[FileManager] Storing file: /tmp/splice-test-storage/test-file.txt
  TTL: 0.001s (0.000016666666666666667 minutes)
  File ID: cc4c3cd4ce9712190efba57b589fec04
  Size: 0.00 MB
  Created: 2025-11-25T23:32:13.354Z
  Expires: 2025-11-25T23:32:13.355Z
[FileManager] File stored successfully. Total files: 1

[90mstdout[2m | tests/file-manager.test.ts[2m > [22m[2mFileManager[2m > [22m[2mExpiration Logic[2m > [22m[2mshould not return expired file even if it exists on disk
[22m[39m[FileManager] Deleting file cc4c3cd4ce9712190efba57b589fec04
  Path: /tmp/splice-test-storage/test-file.txt
  Deleted file: /tmp/splice-test-storage/test-file.txt
[FileManager] File cc4c3cd4ce9712190efba57b589fec04 removed from tracking

[90mstdout[2m | tests/file-manager.test.ts[2m > [22m[2mFileManager[2m > [22m[2mExpiration Logic[2m > [22m[2mshould not return expired file even if it exists on disk
[22m[39m[FileManager] Shutting down...
[FileManager] Shutdown complete

[90mstdout[2m | tests/file-manager.test.ts[2m > [22m[2mFileManager[2m > [22m[2mExpiration Logic[2m > [22m[2mshould store expiration metadata correctly
[22m[39m[FileManager] Created storage directory: /tmp/splice-test-storage

[90mstdout[2m | tests/file-manager.test.ts[2m > [22m[2mFileManager[2m > [22m[2mExpiration Logic[2m > [22m[2mshould store expiration metadata correctly
[22m[39m[FileManager] Storing file: /tmp/splice-test-storage/test-file.txt
  TTL: 60s (1 minutes)
  File ID: ebd2bad0b42b6e9623b992b9047bfc17
  Size: 0.00 MB
  Created: 2025-11-25T23:32:13.367Z
  Expires: 2025-11-25T23:33:13.367Z
[FileManager] File stored successfully. Total files: 1

[90mstdout[2m | tests/file-manager.test.ts[2m > [22m[2mFileManager[2m > [22m[2mExpiration Logic[2m > [22m[2mshould store expiration metadata correctly
[22m[39m[FileManager] Shutting down...
[FileManager] Deleting file ebd2bad0b42b6e9623b992b9047bfc17
  Path: /tmp/splice-test-storage/test-file.txt
  Deleted file: /tmp/splice-test-storage/test-file.txt
[FileManager] File ebd2bad0b42b6e9623b992b9047bfc17 removed from tracking

[90mstdout[2m | tests/file-manager.test.ts[2m > [22m[2mFileManager[2m > [22m[2mExpiration Logic[2m > [22m[2mshould store expiration metadata correctly
[22m[39m[FileManager] Shutdown complete

[90mstdout[2m | tests/file-manager.test.ts[2m > [22m[2mFileManager[2m > [22m[2mFile Deletion[2m > [22m[2mshould delete file by ID
[22m[39m[FileManager] Created storage directory: /tmp/splice-test-storage

[90mstdout[2m | tests/file-manager.test.ts[2m > [22m[2mFileManager[2m > [22m[2mFile Deletion[2m > [22m[2mshould delete file by ID
[22m[39m[FileManager] Storing file: /tmp/splice-test-storage/test-file.txt
  TTL: 3600s (60 minutes)
  File ID: 848fd303b0935380d7b47aea23044c9e
  Size: 0.00 MB
  Created: 2025-11-25T23:32:13.368Z
  Expires: 2025-11-26T00:32:13.368Z
[FileManager] File stored successfully. Total files: 1

[90mstdout[2m | tests/file-manager.test.ts[2m > [22m[2mFileManager[2m > [22m[2mFile Deletion[2m > [22m[2mshould delete file by ID
[22m[39m[FileManager] Deleting file 848fd303b0935380d7b47aea23044c9e
  Path: /tmp/splice-test-storage/test-file.txt
  Deleted file: /tmp/splice-test-storage/test-file.txt
[FileManager] File 848fd303b0935380d7b47aea23044c9e removed from tracking

[90mstdout[2m | tests/file-manager.test.ts[2m > [22m[2mFileManager[2m > [22m[2mFile Deletion[2m > [22m[2mshould delete file by ID
[22m[39m[FileManager] Shutting down...
[FileManager] Shutdown complete

[90mstdout[2m | tests/file-manager.test.ts[2m > [22m[2mFileManager[2m > [22m[2mFile Deletion[2m > [22m[2mshould delete file from disk
[22m[39m[FileManager] Created storage directory: /tmp/splice-test-storage

[90mstdout[2m | tests/file-manager.test.ts[2m > [22m[2mFileManager[2m > [22m[2mFile Deletion[2m > [22m[2mshould delete file from disk
[22m[39m[FileManager] Storing file: /tmp/splice-test-storage/test-file.txt
  TTL: 3600s (60 minutes)
  File ID: 3860e0944991cbacb09747c2a129849f
  Size: 0.00 MB
  Created: 2025-11-25T23:32:13.369Z
  Expires: 2025-11-26T00:32:13.369Z
[FileManager] File stored successfully. Total files: 1

[90mstdout[2m | tests/file-manager.test.ts[2m > [22m[2mFileManager[2m > [22m[2mFile Deletion[2m > [22m[2mshould delete file from disk
[22m[39m[FileManager] Deleting file 3860e0944991cbacb09747c2a129849f
  Path: /tmp/splice-test-storage/test-file.txt
  Deleted file: /tmp/splice-test-storage/test-file.txt
[FileManager] File 3860e0944991cbacb09747c2a129849f removed from tracking

[90mstdout[2m | tests/file-manager.test.ts[2m > [22m[2mFileManager[2m > [22m[2mFile Deletion[2m > [22m[2mshould delete file from disk
[22m[39m[FileManager] Shutting down...
[FileManager] Shutdown complete

[90mstdout[2m | tests/file-manager.test.ts[2m > [22m[2mFileManager[2m > [22m[2mFile Deletion[2m > [22m[2mshould handle deletion of non-existent file gracefully
[22m[39m[FileManager] Created storage directory: /tmp/splice-test-storage

[90mstderr[2m | tests/file-manager.test.ts[2m > [22m[2mFileManager[2m > [22m[2mFile Deletion[2m > [22m[2mshould handle deletion of non-existent file gracefully
[22m[39m[FileManager] Attempted to delete non-existent file: non-existent-id

[90mstdout[2m | tests/file-manager.test.ts[2m > [22m[2mFileManager[2m > [22m[2mFile Deletion[2m > [22m[2mshould handle deletion of non-existent file gracefully
[22m[39m[FileManager] Shutting down...
[FileManager] Shutdown complete

[90mstdout[2m | tests/file-manager.test.ts[2m > [22m[2mFileManager[2m > [22m[2mFile Deletion[2m > [22m[2mshould delete directory recursively
[22m[39m[FileManager] Created storage directory: /tmp/splice-test-storage

[90mstdout[2m | tests/file-manager.test.ts[2m > [22m[2mFileManager[2m > [22m[2mFile Deletion[2m > [22m[2mshould delete directory recursively
[22m[39m[FileManager] Storing file: /tmp/splice-test-storage/test-dir
  TTL: 3600s (60 minutes)
  File ID: be92cb7200dc28b4d9a010286ec08607
  Size: 0.00 MB
  Created: 2025-11-25T23:32:13.370Z
  Expires: 2025-11-26T00:32:13.370Z
[FileManager] File stored successfully. Total files: 1

[90mstdout[2m | tests/file-manager.test.ts[2m > [22m[2mFileManager[2m > [22m[2mFile Deletion[2m > [22m[2mshould delete directory recursively
[22m[39m[FileManager] Deleting file be92cb7200dc28b4d9a010286ec08607
  Path: /tmp/splice-test-storage/test-dir
  Deleted directory: /tmp/splice-test-storage/test-dir
[FileManager] File be92cb7200dc28b4d9a010286ec08607 removed from tracking

[90mstdout[2m | tests/file-manager.test.ts[2m > [22m[2mFileManager[2m > [22m[2mFile Deletion[2m > [22m[2mshould delete directory recursively
[22m[39m[FileManager] Shutting down...
[FileManager] Shutdown complete

[90mstdout[2m | tests/file-manager.test.ts[2m > [22m[2mFileManager[2m > [22m[2mFile Deletion[2m > [22m[2mshould decrease file count after deletion
[22m[39m[FileManager] Created storage directory: /tmp/splice-test-storage

[90mstdout[2m | tests/file-manager.test.ts[2m > [22m[2mFileManager[2m > [22m[2mFile Deletion[2m > [22m[2mshould decrease file count after deletion
[22m[39m[FileManager] Storing file: /tmp/splice-test-storage/test-file.txt
  TTL: 3600s (60 minutes)
  File ID: 18b391498c19a5b1aa18fbf7556eb14b
  Size: 0.00 MB
  Created: 2025-11-25T23:32:13.372Z
  Expires: 2025-11-26T00:32:13.372Z
[FileManager] File stored successfully. Total files: 1

[90mstdout[2m | tests/file-manager.test.ts[2m > [22m[2mFileManager[2m > [22m[2mFile Deletion[2m > [22m[2mshould decrease file count after deletion
[22m[39m[FileManager] Deleting file 18b391498c19a5b1aa18fbf7556eb14b
  Path: /tmp/splice-test-storage/test-file.txt
  Deleted file: /tmp/splice-test-storage/test-file.txt
[FileManager] File 18b391498c19a5b1aa18fbf7556eb14b removed from tracking

[90mstdout[2m | tests/file-manager.test.ts[2m > [22m[2mFileManager[2m > [22m[2mFile Deletion[2m > [22m[2mshould decrease file count after deletion
[22m[39m[FileManager] Shutting down...
[FileManager] Shutdown complete

[90mstdout[2m | tests/file-manager.test.ts[2m > [22m[2mFileManager[2m > [22m[2mCleanup Process[2m > [22m[2mshould clean up expired files
[22m[39m[FileManager] Created storage directory: /tmp/splice-test-storage

[90mstdout[2m | tests/file-manager.test.ts[2m > [22m[2mFileManager[2m > [22m[2mCleanup Process[2m > [22m[2mshould clean up expired files
[22m[39m[FileManager] Storing file: /tmp/splice-test-storage/file1.txt
  TTL: 0.001s (0.000016666666666666667 minutes)
  File ID: 0a9a93e0be1570fa00f90ba1fd03379e
  Size: 0.00 MB
  Created: 2025-11-25T23:32:13.373Z
  Expires: 2025-11-25T23:32:13.374Z
[FileManager] File stored successfully. Total files: 1

[90mstdout[2m | tests/file-manager.test.ts[2m > [22m[2mFileManager[2m > [22m[2mCleanup Process[2m > [22m[2mshould clean up expired files
[22m[39m[FileManager] Storing file: /tmp/splice-test-storage/file2.txt
  TTL: 60s (1 minutes)
  File ID: 227074b2bed0e189b08c4a90fa95ccbd
  Size: 0.00 MB
  Created: 2025-11-25T23:32:13.373Z
  Expires: 2025-11-25T23:33:13.373Z
[FileManager] File stored successfully. Total files: 2

[90mstdout[2m | tests/file-manager.test.ts[2m > [22m[2mFileManager[2m > [22m[2mCleanup Process[2m > [22m[2mshould clean up expired files
[22m[39m[FileManager] Starting cleanup process at 2025-11-25T23:32:13.384Z
  Total files tracked: 2
  Found expired file: 0a9a93e0be1570fa00f90ba1fd03379e
    Path: /tmp/splice-test-storage/file1.txt
    Size: 0.00 MB
    Expired at: 2025-11-25T23:32:13.374Z
[FileManager] Found 1 expired file(s) to clean up
[FileManager] Deleting file 0a9a93e0be1570fa00f90ba1fd03379e
  Path: /tmp/splice-test-storage/file1.txt
  Deleted file: /tmp/splice-test-storage/file1.txt
[FileManager] File 0a9a93e0be1570fa00f90ba1fd03379e removed from tracking

[90mstdout[2m | tests/file-manager.test.ts[2m > [22m[2mFileManager[2m > [22m[2mCleanup Process[2m > [22m[2mshould clean up expired files
[22m[39m  Deleted file: 0a9a93e0be1570fa00f90ba1fd03379e
[FileManager] Cleanup complete
  Files cleaned: 1
  Space freed: 0.00 MB
  Duration: 1ms
  Remaining files: 1

[90mstdout[2m | tests/file-manager.test.ts[2m > [22m[2mFileManager[2m > [22m[2mCleanup Process[2m > [22m[2mshould clean up expired files
[22m[39m[FileManager] Shutting down...
[FileManager] Deleting file 227074b2bed0e189b08c4a90fa95ccbd
  Path: /tmp/splice-test-storage/file2.txt
  Deleted file: /tmp/splice-test-storage/file2.txt
[FileManager] File 227074b2bed0e189b08c4a90fa95ccbd removed from tracking

[90mstdout[2m | tests/file-manager.test.ts[2m > [22m[2mFileManager[2m > [22m[2mCleanup Process[2m > [22m[2mshould clean up expired files
[22m[39m[FileManager] Shutdown complete

[90mstdout[2m | tests/file-manager.test.ts[2m > [22m[2mFileManager[2m > [22m[2mCleanup Process[2m > [22m[2mshould return 0 when no files are expired
[22m[39m[FileManager] Created storage directory: /tmp/splice-test-storage

[90mstdout[2m | tests/file-manager.test.ts[2m > [22m[2mFileManager[2m > [22m[2mCleanup Process[2m > [22m[2mshould return 0 when no files are expired
[22m[39m[FileManager] Storing file: /tmp/splice-test-storage/test-file.txt
  TTL: 60s (1 minutes)
  File ID: 4bd022fa74f157f4408d0752977bb87e
  Size: 0.00 MB
  Created: 2025-11-25T23:32:13.386Z
  Expires: 2025-11-25T23:33:13.386Z
[FileManager] File stored successfully. Total files: 1

[90mstdout[2m | tests/file-manager.test.ts[2m > [22m[2mFileManager[2m > [22m[2mCleanup Process[2m > [22m[2mshould return 0 when no files are expired
[22m[39m[FileManager] Starting cleanup process at 2025-11-25T23:32:13.386Z
  Total files tracked: 1
[FileManager] No expired files found

[90mstdout[2m | tests/file-manager.test.ts[2m > [22m[2mFileManager[2m > [22m[2mCleanup Process[2m > [22m[2mshould return 0 when no files are expired
[22m[39m[FileManager] Shutting down...
[FileManager] Deleting file 4bd022fa74f157f4408d0752977bb87e
  Path: /tmp/splice-test-storage/test-file.txt
  Deleted file: /tmp/splice-test-storage/test-file.txt
[FileManager] File 4bd022fa74f157f4408d0752977bb87e removed from tracking

[90mstdout[2m | tests/file-manager.test.ts[2m > [22m[2mFileManager[2m > [22m[2mCleanup Process[2m > [22m[2mshould return 0 when no files are expired
[22m[39m[FileManager] Shutdown complete

[90mstdout[2m | tests/file-manager.test.ts[2m > [22m[2mFileManager[2m > [22m[2mCleanup Process[2m > [22m[2mshould clean up multiple expired files
[22m[39m[FileManager] Created storage directory: /tmp/splice-test-storage

[90mstdout[2m | tests/file-manager.test.ts[2m > [22m[2mFileManager[2m > [22m[2mCleanup Process[2m > [22m[2mshould clean up multiple expired files
[22m[39m[FileManager] Storing file: /tmp/splice-test-storage/file0.txt
  TTL: 0.001s (0.000016666666666666667 minutes)
  File ID: 58e50fb708914c3fe0cc03c14f00794a
  Size: 0.00 MB
  Created: 2025-11-25T23:32:13.386Z
  Expires: 2025-11-25T23:32:13.387Z
[FileManager] File stored successfully. Total files: 1

[90mstdout[2m | tests/file-manager.test.ts[2m > [22m[2mFileManager[2m > [22m[2mCleanup Process[2m > [22m[2mshould clean up multiple expired files
[22m[39m[FileManager] Storing file: /tmp/splice-test-storage/file1.txt
  TTL: 0.001s (0.000016666666666666667 minutes)
  File ID: 91c64e3ba8f51c039ab864078f200e9a
  Size: 0.00 MB
  Created: 2025-11-25T23:32:13.387Z
  Expires: 2025-11-25T23:32:13.388Z
[FileManager] File stored successfully. Total files: 2

[90mstdout[2m | tests/file-manager.test.ts[2m > [22m[2mFileManager[2m > [22m[2mCleanup Process[2m > [22m[2mshould clean up multiple expired files
[22m[39m[FileManager] Storing file: /tmp/splice-test-storage/file2.txt
  TTL: 0.001s (0.000016666666666666667 minutes)
  File ID: c27328856b8f3b3c8088708e658b7d83
  Size: 0.00 MB
  Created: 2025-11-25T23:32:13.387Z
  Expires: 2025-11-25T23:32:13.388Z
[FileManager] File stored successfully. Total files: 3

[90mstdout[2m | tests/file-manager.test.ts[2m > [22m[2mFileManager[2m > [22m[2mCleanup Process[2m > [22m[2mshould clean up multiple expired files
[22m[39m[FileManager] Starting cleanup process at 2025-11-25T23:32:13.398Z
  Total files tracked: 3
  Found expired file: 58e50fb708914c3fe0cc03c14f00794a
    Path: /tmp/splice-test-storage/file0.txt
    Size: 0.00 MB
    Expired at: 2025-11-25T23:32:13.387Z
  Found expired file: 91c64e3ba8f51c039ab864078f200e9a
    Path: /tmp/splice-test-storage/file1.txt
    Size: 0.00 MB
    Expired at: 2025-11-25T23:32:13.388Z
  Found expired file: c27328856b8f3b3c8088708e658b7d83
    Path: /tmp/splice-test-storage/file2.txt
    Size: 0.00 MB
    Expired at: 2025-11-25T23:32:13.388Z
[FileManager] Found 3 expired file(s) to clean up
[FileManager] Deleting file 58e50fb708914c3fe0cc03c14f00794a
  Path: /tmp/splice-test-storage/file0.txt
  Deleted file: /tmp/splice-test-storage/file0.txt
[FileManager] File 58e50fb708914c3fe0cc03c14f00794a removed from tracking

[90mstdout[2m | tests/file-manager.test.ts[2m > [22m[2mFileManager[2m > [22m[2mCleanup Process[2m > [22m[2mshould clean up multiple expired files
[22m[39m  Deleted file: 58e50fb708914c3fe0cc03c14f00794a
[FileManager] Deleting file 91c64e3ba8f51c039ab864078f200e9a
  Path: /tmp/splice-test-storage/file1.txt
  Deleted file: /tmp/splice-test-storage/file1.txt
[FileManager] File 91c64e3ba8f51c039ab864078f200e9a removed from tracking

[90mstdout[2m | tests/file-manager.test.ts[2m > [22m[2mFileManager[2m > [22m[2mCleanup Process[2m > [22m[2mshould clean up multiple expired files
[22m[39m  Deleted file: 91c64e3ba8f51c039ab864078f200e9a
[FileManager] Deleting file c27328856b8f3b3c8088708e658b7d83
  Path: /tmp/splice-test-storage/file2.txt
  Deleted file: /tmp/splice-test-storage/file2.txt
[FileManager] File c27328856b8f3b3c8088708e658b7d83 removed from tracking

[90mstdout[2m | tests/file-manager.test.ts[2m > [22m[2mFileManager[2m > [22m[2mCleanup Process[2m > [22m[2mshould clean up multiple expired files
[22m[39m  Deleted file: c27328856b8f3b3c8088708e658b7d83
[FileManager] Cleanup complete
  Files cleaned: 3
  Space freed: 0.00 MB
  Duration: 2ms
  Remaining files: 0

[90mstdout[2m | tests/file-manager.test.ts[2m > [22m[2mFileManager[2m > [22m[2mCleanup Process[2m > [22m[2mshould clean up multiple expired files
[22m[39m[FileManager] Shutting down...
[FileManager] Shutdown complete

[90mstdout[2m | tests/file-manager.test.ts[2m > [22m[2mFileManager[2m > [22m[2mCleanup Process[2m > [22m[2mshould handle cleanup errors gracefully
[22m[39m[FileManager] Created storage directory: /tmp/splice-test-storage

[90mstdout[2m | tests/file-manager.test.ts[2m > [22m[2mFileManager[2m > [22m[2mCleanup Process[2m > [22m[2mshould handle cleanup errors gracefully
[22m[39m[FileManager] Storing file: /tmp/splice-test-storage/test-file.txt
  TTL: 0.001s (0.000016666666666666667 minutes)
  File ID: c44e836e7f17f920b641417a65e5a098
  Size: 0.00 MB
  Created: 2025-11-25T23:32:13.401Z
  Expires: 2025-11-25T23:32:13.402Z
[FileManager] File stored successfully. Total files: 1

[90mstderr[2m | tests/file-manager.test.ts[2m > [22m[2mFileManager[2m > [22m[2mCleanup Process[2m > [22m[2mshould handle cleanup errors gracefully
[22m[39m  File not found on disk: /tmp/splice-test-storage/test-file.txt

[90mstdout[2m | tests/file-manager.test.ts[2m > [22m[2mFileManager[2m > [22m[2mCleanup Process[2m > [22m[2mshould handle cleanup errors gracefully
[22m[39m[FileManager] Starting cleanup process at 2025-11-25T23:32:13.413Z
  Total files tracked: 1
  Found expired file: c44e836e7f17f920b641417a65e5a098
    Path: /tmp/splice-test-storage/test-file.txt
    Size: 0.00 MB
    Expired at: 2025-11-25T23:32:13.402Z
[FileManager] Found 1 expired file(s) to clean up
[FileManager] Deleting file c44e836e7f17f920b641417a65e5a098
  Path: /tmp/splice-test-storage/test-file.txt
[FileManager] File c44e836e7f17f920b641417a65e5a098 removed from tracking

[90mstdout[2m | tests/file-manager.test.ts[2m > [22m[2mFileManager[2m > [22m[2mCleanup Process[2m > [22m[2mshould handle cleanup errors gracefully
[22m[39m  Deleted file: c44e836e7f17f920b641417a65e5a098
[FileManager] Cleanup complete
  Files cleaned: 1
  Space freed: 0.00 MB
  Duration: 0ms
  Remaining files: 0

[90mstdout[2m | tests/file-manager.test.ts[2m > [22m[2mFileManager[2m > [22m[2mCleanup Process[2m > [22m[2mshould handle cleanup errors gracefully
[22m[39m[FileManager] Shutting down...
[FileManager] Shutdown complete

[90mstdout[2m | tests/file-manager.test.ts[2m > [22m[2mFileManager[2m > [22m[2mDownload URL Generation[2m > [22m[2mshould generate download URL with file ID
[22m[39m[FileManager] Created storage directory: /tmp/splice-test-storage

[90mstdout[2m | tests/file-manager.test.ts[2m > [22m[2mFileManager[2m > [22m[2mDownload URL Generation[2m > [22m[2mshould generate download URL with file ID
[22m[39m[FileManager] Storing file: /tmp/splice-test-storage/test-file.txt
  TTL: 3600s (60 minutes)
  File ID: ab43270f3096ea54a06d81417d5fba7d
  Size: 0.00 MB
  Created: 2025-11-25T23:32:13.417Z
  Expires: 2025-11-26T00:32:13.417Z
[FileManager] File stored successfully. Total files: 1

[90mstdout[2m | tests/file-manager.test.ts[2m > [22m[2mFileManager[2m > [22m[2mDownload URL Generation[2m > [22m[2mshould generate download URL with file ID
[22m[39m[FileManager] Shutting down...
[FileManager] Deleting file ab43270f3096ea54a06d81417d5fba7d
  Path: /tmp/splice-test-storage/test-file.txt
  Deleted file: /tmp/splice-test-storage/test-file.txt
[FileManager] File ab43270f3096ea54a06d81417d5fba7d removed from tracking

[90mstdout[2m | tests/file-manager.test.ts[2m > [22m[2mFileManager[2m > [22m[2mDownload URL Generation[2m > [22m[2mshould generate download URL with file ID
[22m[39m[FileManager] Shutdown complete

[90mstdout[2m | tests/file-manager.test.ts[2m > [22m[2mFileManager[2m > [22m[2mDownload URL Generation[2m > [22m[2mshould generate different URLs for different files
[22m[39m[FileManager] Created storage directory: /tmp/splice-test-storage

[90mstdout[2m | tests/file-manager.test.ts[2m > [22m[2mFileManager[2m > [22m[2mDownload URL Generation[2m > [22m[2mshould generate different URLs for different files
[22m[39m[FileManager] Storing file: /tmp/splice-test-storage/file1.txt
  TTL: 3600s (60 minutes)
  File ID: 8ee3306fe96e66843ebdafda16356cb7
  Size: 0.00 MB
  Created: 2025-11-25T23:32:13.418Z
  Expires: 2025-11-26T00:32:13.418Z
[FileManager] File stored successfully. Total files: 1

[90mstdout[2m | tests/file-manager.test.ts[2m > [22m[2mFileManager[2m > [22m[2mDownload URL Generation[2m > [22m[2mshould generate different URLs for different files
[22m[39m[FileManager] Storing file: /tmp/splice-test-storage/file2.txt
  TTL: 3600s (60 minutes)
  File ID: aeaebd14b97408621a40c112758514a8
  Size: 0.00 MB
  Created: 2025-11-25T23:32:13.418Z
  Expires: 2025-11-26T00:32:13.418Z
[FileManager] File stored successfully. Total files: 2

[90mstdout[2m | tests/file-manager.test.ts[2m > [22m[2mFileManager[2m > [22m[2mDownload URL Generation[2m > [22m[2mshould generate different URLs for different files
[22m[39m[FileManager] Shutting down...
[FileManager] Deleting file 8ee3306fe96e66843ebdafda16356cb7
  Path: /tmp/splice-test-storage/file1.txt
  Deleted file: /tmp/splice-test-storage/file1.txt
[FileManager] File 8ee3306fe96e66843ebdafda16356cb7 removed from tracking

[90mstdout[2m | tests/file-manager.test.ts[2m > [22m[2mFileManager[2m > [22m[2mDownload URL Generation[2m > [22m[2mshould generate different URLs for different files
[22m[39m[FileManager] Deleting file aeaebd14b97408621a40c112758514a8
  Path: /tmp/splice-test-storage/file2.txt
  Deleted file: /tmp/splice-test-storage/file2.txt
[FileManager] File aeaebd14b97408621a40c112758514a8 removed from tracking

[90mstdout[2m | tests/file-manager.test.ts[2m > [22m[2mFileManager[2m > [22m[2mDownload URL Generation[2m > [22m[2mshould generate different URLs for different files
[22m[39m[FileManager] Shutdown complete

[90mstdout[2m | tests/file-manager.test.ts[2m > [22m[2mFileManager[2m > [22m[2mDownload URL Generation[2m > [22m[2mshould use configured base URL
[22m[39m[FileManager] Created storage directory: /tmp/splice-test-storage

[90mstdout[2m | tests/file-manager.test.ts[2m > [22m[2mFileManager[2m > [22m[2mDownload URL Generation[2m > [22m[2mshould use configured base URL
[22m[39m[FileManager] Shutting down...
[FileManager] Shutdown complete

[90mstdout[2m | tests/file-manager.test.ts[2m > [22m[2mFileManager[2m > [22m[2mAutomatic Cleanup Process[2m > [22m[2mshould start cleanup process
[22m[39m[FileManager] Created storage directory: /tmp/splice-test-storage

[90mstdout[2m | tests/file-manager.test.ts[2m > [22m[2mFileManager[2m > [22m[2mAutomatic Cleanup Process[2m > [22m[2mshould start cleanup process
[22m[39m[FileManager] Starting cleanup process (interval: 1s)
[FileManager] Starting cleanup process at 2025-11-25T23:32:13.419Z
  Total files tracked: 0
[FileManager] No expired files found

[90mstdout[2m | tests/file-manager.test.ts[2m > [22m[2mFileManager[2m > [22m[2mAutomatic Cleanup Process[2m > [22m[2mshould start cleanup process
[22m[39m[FileManager] Shutting down...
[FileManager] Cleanup process stopped
[FileManager] Shutdown complete

[90mstdout[2m | tests/file-manager.test.ts[2m > [22m[2mFileManager[2m > [22m[2mAutomatic Cleanup Process[2m > [22m[2mshould stop cleanup process
[22m[39m[FileManager] Created storage directory: /tmp/splice-test-storage

[90mstdout[2m | tests/file-manager.test.ts[2m > [22m[2mFileManager[2m > [22m[2mAutomatic Cleanup Process[2m > [22m[2mshould stop cleanup process
[22m[39m[FileManager] Starting cleanup process (interval: 1s)
[FileManager] Starting cleanup process at 2025-11-25T23:32:13.420Z
  Total files tracked: 0
[FileManager] No expired files found
[FileManager] Cleanup process stopped

[90mstdout[2m | tests/file-manager.test.ts[2m > [22m[2mFileManager[2m > [22m[2mAutomatic Cleanup Process[2m > [22m[2mshould stop cleanup process
[22m[39m[FileManager] Shutting down...
[FileManager] Shutdown complete

[90mstdout[2m | tests/file-manager.test.ts[2m > [22m[2mFileManager[2m > [22m[2mAutomatic Cleanup Process[2m > [22m[2mshould not start duplicate cleanup process
[22m[39m[FileManager] Created storage directory: /tmp/splice-test-storage

[90mstdout[2m | tests/file-manager.test.ts[2m > [22m[2mFileManager[2m > [22m[2mAutomatic Cleanup Process[2m > [22m[2mshould not start duplicate cleanup process
[22m[39m[FileManager] Starting cleanup process (interval: 1s)
[FileManager] Starting cleanup process at 2025-11-25T23:32:13.420Z
  Total files tracked: 0
[FileManager] No expired files found
[FileManager] Cleanup process stopped

[90mstderr[2m | tests/file-manager.test.ts[2m > [22m[2mFileManager[2m > [22m[2mAutomatic Cleanup Process[2m > [22m[2mshould not start duplicate cleanup process
[22m[39m[FileManager] Cleanup process already running

[90mstdout[2m | tests/file-manager.test.ts[2m > [22m[2mFileManager[2m > [22m[2mAutomatic Cleanup Process[2m > [22m[2mshould not start duplicate cleanup process
[22m[39m[FileManager] Shutting down...
[FileManager] Shutdown complete

[90mstdout[2m | tests/file-manager.test.ts[2m > [22m[2mFileManager[2m > [22m[2mShutdown[2m > [22m[2mshould clean up all files on shutdown
[22m[39m[FileManager] Created storage directory: /tmp/splice-test-storage

[90mstdout[2m | tests/file-manager.test.ts[2m > [22m[2mFileManager[2m > [22m[2mShutdown[2m > [22m[2mshould clean up all files on shutdown
[22m[39m[FileManager] Storing file: /tmp/splice-test-storage/file1.txt
  TTL: 3600s (60 minutes)
  File ID: e8b060f7d4de8ec175ab2a475c56631e
  Size: 0.00 MB
  Created: 2025-11-25T23:32:13.421Z
  Expires: 2025-11-26T00:32:13.421Z
[FileManager] File stored successfully. Total files: 1

[90mstdout[2m | tests/file-manager.test.ts[2m > [22m[2mFileManager[2m > [22m[2mShutdown[2m > [22m[2mshould clean up all files on shutdown
[22m[39m[FileManager] Storing file: /tmp/splice-test-storage/file2.txt
  TTL: 3600s (60 minutes)
  File ID: 6ddb8af13371b2053bf8a99029c412ba
  Size: 0.00 MB
  Created: 2025-11-25T23:32:13.421Z
  Expires: 2025-11-26T00:32:13.421Z
[FileManager] File stored successfully. Total files: 2

[90mstdout[2m | tests/file-manager.test.ts[2m > [22m[2mFileManager[2m > [22m[2mShutdown[2m > [22m[2mshould clean up all files on shutdown
[22m[39m[FileManager] Shutting down...
[FileManager] Deleting file e8b060f7d4de8ec175ab2a475c56631e
  Path: /tmp/splice-test-storage/file1.txt
  Deleted file: /tmp/splice-test-storage/file1.txt
[FileManager] File e8b060f7d4de8ec175ab2a475c56631e removed from tracking

[90mstdout[2m | tests/file-manager.test.ts[2m > [22m[2mFileManager[2m > [22m[2mShutdown[2m > [22m[2mshould clean up all files on shutdown
[22m[39m[FileManager] Deleting file 6ddb8af13371b2053bf8a99029c412ba
  Path: /tmp/splice-test-storage/file2.txt
  Deleted file: /tmp/splice-test-storage/file2.txt
[FileManager] File 6ddb8af13371b2053bf8a99029c412ba removed from tracking

[90mstdout[2m | tests/file-manager.test.ts[2m > [22m[2mFileManager[2m > [22m[2mShutdown[2m > [22m[2mshould clean up all files on shutdown
[22m[39m[FileManager] Shutdown complete

[90mstdout[2m | tests/file-manager.test.ts[2m > [22m[2mFileManager[2m > [22m[2mShutdown[2m > [22m[2mshould clean up all files on shutdown
[22m[39m[FileManager] Shutting down...
[FileManager] Shutdown complete

[90mstdout[2m | tests/file-manager.test.ts[2m > [22m[2mFileManager[2m > [22m[2mShutdown[2m > [22m[2mshould stop cleanup process on shutdown
[22m[39m[FileManager] Created storage directory: /tmp/splice-test-storage

[90mstdout[2m | tests/file-manager.test.ts[2m > [22m[2mFileManager[2m > [22m[2mShutdown[2m > [22m[2mshould stop cleanup process on shutdown
[22m[39m[FileManager] Starting cleanup process (interval: 1s)
[FileManager] Starting cleanup process at 2025-11-25T23:32:13.422Z
  Total files tracked: 0
[FileManager] No expired files found
[FileManager] Shutting down...
[FileManager] Cleanup process stopped
[FileManager] Shutdown complete

[90mstdout[2m | tests/file-manager.test.ts[2m > [22m[2mFileManager[2m > [22m[2mShutdown[2m > [22m[2mshould stop cleanup process on shutdown
[22m[39m[FileManager] Shutting down...
[FileManager] Shutdown complete

 [32m✓[39m tests/file-manager.test.ts [2m([22m[2m29 tests[22m[2m)[22m[32m 109[2mms[22m[39m
 [32m✓[39m tests/workflow-navigation.test.tsx [2m([22m[2m26 tests[22m[2m)[22m[33m 386[2mms[22m[39m
[90mstdout[2m | tests/quick-demo.test.tsx[2m > [22m[2mQuickDemo Component[2m > [22m[2mshows completion message when demo finishes
[22m[39m[QuickDemo] Navigated to explorer

 [32m✓[39m tests/spec-validation-error-display.test.tsx [2m([22m[2m12 tests[22m[2m)[22m[33m 368[2mms[22m[39m
DOMException [AbortError]: The operation was aborted.
    at Fetch.onAsyncTaskManagerAbort (file:///Users/darhlilove/Documents/Production%20Apps/Others/splice/node_modules/.pnpm/happy-dom@20.0.10/node_modules/happy-dom/lib/fetch/Fetch.js:546:23)
    at Object.<anonymous> (file:///Users/darhlilove/Documents/Production%20Apps/Others/splice/node_modules/.pnpm/happy-dom@20.0.10/node_modules/happy-dom/lib/fetch/Fetch.js:416:101)
    at AsyncTaskManager.abortAll (file:///Users/darhlilove/Documents/Production%20Apps/Others/splice/node_modules/.pnpm/happy-dom@20.0.10/node_modules/happy-dom/lib/async-task-manager/AsyncTaskManager.js:292:30)
    at AsyncTaskManager.abort (file:///Users/darhlilove/Documents/Production%20Apps/Others/splice/node_modules/.pnpm/happy-dom@20.0.10/node_modules/happy-dom/lib/async-task-manager/AsyncTaskManager.js:52:21)
    at DetachedBrowserFrame.abort (file:///Users/darhlilove/Documents/Production%20Apps/Others/splice/node_modules/.pnpm/happy-dom@20.0.10/node_modules/happy-dom/lib/browser/detached-browser/DetachedBrowserFrame.js:112:58)
    at DetachedWindowAPI.abort (file:///Users/darhlilove/Documents/Production%20Apps/Others/splice/node_modules/.pnpm/happy-dom@20.0.10/node_modules/happy-dom/lib/window/DetachedWindowAPI.js:51:35)
    at teardownWindow (file:///Users/darhlilove/Documents/Production%20Apps/Others/splice/node_modules/.pnpm/vitest@4.0.9_@types+debug@4.1.12_@types+node@20.19.25_@vitest+ui@4.0.9_happy-dom@20.0.1_7c72bdaaa4a9e746b667d8dd70ab3981/node_modules/vitest/dist/chunks/index.BfmpdV5p.js:331:22)
    at Object.teardown (file:///Users/darhlilove/Documents/Production%20Apps/Others/splice/node_modules/.pnpm/vitest@4.0.9_@types+debug@4.1.12_@types+node@20.19.25_@vitest+ui@4.0.9_happy-dom@20.0.1_7c72bdaaa4a9e746b667d8dd70ab3981/node_modules/vitest/dist/chunks/index.BfmpdV5p.js:392:10)
    at file:///Users/darhlilove/Documents/Production%20Apps/Others/splice/node_modules/.pnpm/vitest@4.0.9_@types+debug@4.1.12_@types+node@20.19.25_@vitest+ui@4.0.9_happy-dom@20.0.1_7c72bdaaa4a9e746b667d8dd70ab3981/node_modules/vitest/dist/chunks/base.CiIV2DDC.js:114:13
    at process.onMessage (file:///Users/darhlilove/Documents/Production%20Apps/Others/splice/node_modules/.pnpm/vitest@4.0.9_@types+debug@4.1.12_@types+node@20.19.25_@vitest+ui@4.0.9_happy-dom@20.0.1_7c72bdaaa4a9e746b667d8dd70ab3981/node_modules/vitest/dist/chunks/init.BQhNfT0h.js:264:28)
[90mstdout[2m | tests/request-execution-integration.test.ts[2m > [22m[2mRequest Execution Integration Tests[2m > [22m[2m11.1 Test with real APIs[2m > [22m[2mshould execute GET request successfully
[22m[39m[Request Executor] Request config: {
  url: [32m'https://petstore.swagger.io/v2/pet/1'[39m,
  method: [32m'GET'[39m,
  headers: { [32m'Content-Type'[39m: [32m'application/json'[39m },
  hasBody: [33mfalse[39m,
  bodyType: [32m'undefined'[39m
}
[Request Executor] Sending to proxy: {
  url: [32m'https://petstore.swagger.io/v2/pet/1'[39m,
  method: [32m'GET'[39m,
  headers: { [32m'Content-Type'[39m: [32m'application/json'[39m },
  body: [90mundefined[39m,
  useMock: [90mundefined[39m,
  mockServerUrl: [90mundefined[39m
}

[90mstdout[2m | tests/request-execution-integration.test.ts[2m > [22m[2mRequest Execution Integration Tests[2m > [22m[2m11.1 Test with real APIs[2m > [22m[2mshould execute GET request successfully
[22m[39m[Request Executor] Response data created: {
  status: [33m200[39m,
  bodyType: [32m'object'[39m,
  body: { id: [33m1[39m, name: [32m'Fluffy'[39m, status: [32m'available'[39m },
  contentType: [32m'application/json'[39m
}

[90mstdout[2m | tests/request-execution-integration.test.ts[2m > [22m[2mRequest Execution Integration Tests[2m > [22m[2m11.1 Test with real APIs[2m > [22m[2mshould execute POST request with request body
[22m[39m[Request Executor] Request config: {
  url: [32m'https://petstore.swagger.io/v2/pet'[39m,
  method: [32m'POST'[39m,
  headers: { [32m'Content-Type'[39m: [32m'application/json'[39m },
  hasBody: [33mtrue[39m,
  bodyType: [32m'string'[39m
}
[Request Executor] Sending to proxy: {
  url: [32m'https://petstore.swagger.io/v2/pet'[39m,
  method: [32m'POST'[39m,
  headers: { [32m'Content-Type'[39m: [32m'application/json'[39m },
  body: [32m'{"name":"Buddy","status":"available"}'[39m,
  useMock: [90mundefined[39m,
  mockServerUrl: [90mundefined[39m
}

[90mstdout[2m | tests/request-execution-integration.test.ts[2m > [22m[2mRequest Execution Integration Tests[2m > [22m[2m11.1 Test with real APIs[2m > [22m[2mshould execute POST request with request body
[22m[39m[Request Executor] Response data created: {
  status: [33m201[39m,
  bodyType: [32m'object'[39m,
  body: { id: [33m123[39m, name: [32m'Buddy'[39m, status: [32m'available'[39m },
  contentType: [32m'application/json'[39m
}

[90mstdout[2m | tests/request-execution-integration.test.ts[2m > [22m[2mRequest Execution Integration Tests[2m > [22m[2m11.1 Test with real APIs[2m > [22m[2mshould execute PUT request
[22m[39m[Request Executor] Request config: {
  url: [32m'https://petstore.swagger.io/v2/pet'[39m,
  method: [32m'PUT'[39m,
  headers: { [32m'Content-Type'[39m: [32m'application/json'[39m },
  hasBody: [33mtrue[39m,
  bodyType: [32m'string'[39m
}
[Request Executor] Sending to proxy: {
  url: [32m'https://petstore.swagger.io/v2/pet'[39m,
  method: [32m'PUT'[39m,
  headers: { [32m'Content-Type'[39m: [32m'application/json'[39m },
  body: [32m'{"id":1,"name":"Updated Name"}'[39m,
  useMock: [90mundefined[39m,
  mockServerUrl: [90mundefined[39m
}

[90mstdout[2m | tests/request-execution-integration.test.ts[2m > [22m[2mRequest Execution Integration Tests[2m > [22m[2m11.1 Test with real APIs[2m > [22m[2mshould execute PUT request
[22m[39m[Request Executor] Response data created: {
  status: [33m200[39m,
  bodyType: [32m'object'[39m,
  body: { id: [33m1[39m, name: [32m'Updated Name'[39m },
  contentType: [32m'application/json'[39m
}

[90mstdout[2m | tests/request-execution-integration.test.ts[2m > [22m[2mRequest Execution Integration Tests[2m > [22m[2m11.1 Test with real APIs[2m > [22m[2mshould execute DELETE request
[22m[39m[Request Executor] Request config: {
  url: [32m'https://petstore.swagger.io/v2/pet/1'[39m,
  method: [32m'DELETE'[39m,
  headers: { [32m'Content-Type'[39m: [32m'application/json'[39m },
  hasBody: [33mfalse[39m,
  bodyType: [32m'undefined'[39m
}
[Request Executor] Sending to proxy: {
  url: [32m'https://petstore.swagger.io/v2/pet/1'[39m,
  method: [32m'DELETE'[39m,
  headers: { [32m'Content-Type'[39m: [32m'application/json'[39m },
  body: [90mundefined[39m,
  useMock: [90mundefined[39m,
  mockServerUrl: [90mundefined[39m
}

[90mstdout[2m | tests/request-execution-integration.test.ts[2m > [22m[2mRequest Execution Integration Tests[2m > [22m[2m11.1 Test with real APIs[2m > [22m[2mshould execute DELETE request
[22m[39m[Request Executor] Response data created: {
  status: [33m204[39m,
  bodyType: [32m'object'[39m,
  body: [1mnull[22m,
  contentType: [32m'text/plain'[39m
}

[90mstdout[2m | tests/request-execution-integration.test.ts[2m > [22m[2mRequest Execution Integration Tests[2m > [22m[2m11.1 Test with real APIs[2m > [22m[2mshould handle query parameters
[22m[39m[Request Executor] Request config: {
  url: [32m'https://petstore.swagger.io/v2/pet/findByStatus?status=available'[39m,
  method: [32m'GET'[39m,
  headers: { [32m'Content-Type'[39m: [32m'application/json'[39m },
  hasBody: [33mfalse[39m,
  bodyType: [32m'undefined'[39m
}
[Request Executor] Sending to proxy: {
  url: [32m'https://petstore.swagger.io/v2/pet/findByStatus?status=available'[39m,
  method: [32m'GET'[39m,
  headers: { [32m'Content-Type'[39m: [32m'application/json'[39m },
  body: [90mundefined[39m,
  useMock: [90mundefined[39m,
  mockServerUrl: [90mundefined[39m
}

[90mstdout[2m | tests/request-execution-integration.test.ts[2m > [22m[2mRequest Execution Integration Tests[2m > [22m[2m11.1 Test with real APIs[2m > [22m[2mshould handle query parameters
[22m[39m[Request Executor] Response data created: {
  status: [33m200[39m,
  bodyType: [32m'object'[39m,
  body: [ { id: [33m1[39m, status: [32m'available'[39m } ],
  contentType: [32m'application/json'[39m
}

[90mstdout[2m | tests/request-execution-integration.test.ts[2m > [22m[2mRequest Execution Integration Tests[2m > [22m[2m11.1 Test with real APIs[2m > [22m[2mshould handle API key authentication
[22m[39m[Request Executor] Request config: {
  url: [32m'https://api.example.com/pet/1'[39m,
  method: [32m'GET'[39m,
  headers: { [32m'Content-Type'[39m: [32m'application/json'[39m },
  hasBody: [33mfalse[39m,
  bodyType: [32m'undefined'[39m
}
[Request Executor] Sending to proxy: {
  url: [32m'https://api.example.com/pet/1'[39m,
  method: [32m'GET'[39m,
  headers: { [32m'Content-Type'[39m: [32m'application/json'[39m },
  body: [90mundefined[39m,
  useMock: [90mundefined[39m,
  mockServerUrl: [90mundefined[39m
}

[90mstdout[2m | tests/request-execution-integration.test.ts[2m > [22m[2mRequest Execution Integration Tests[2m > [22m[2m11.1 Test with real APIs[2m > [22m[2mshould handle API key authentication
[22m[39m[Request Executor] Response data created: {
  status: [33m200[39m,
  bodyType: [32m'object'[39m,
  body: { id: [33m1[39m, name: [32m'Authenticated Pet'[39m },
  contentType: [32m'application/json'[39m
}

[90mstdout[2m | tests/request-execution-integration.test.ts[2m > [22m[2mRequest Execution Integration Tests[2m > [22m[2m11.1 Test with real APIs[2m > [22m[2mshould handle Bearer token authentication
[22m[39m[Request Executor] Request config: {
  url: [32m'https://api.example.com/user/profile'[39m,
  method: [32m'GET'[39m,
  headers: { [32m'Content-Type'[39m: [32m'application/json'[39m },
  hasBody: [33mfalse[39m,
  bodyType: [32m'undefined'[39m
}
[Request Executor] Sending to proxy: {
  url: [32m'https://api.example.com/user/profile'[39m,
  method: [32m'GET'[39m,
  headers: { [32m'Content-Type'[39m: [32m'application/json'[39m },
  body: [90mundefined[39m,
  useMock: [90mundefined[39m,
  mockServerUrl: [90mundefined[39m
}

[90mstdout[2m | tests/request-execution-integration.test.ts[2m > [22m[2mRequest Execution Integration Tests[2m > [22m[2m11.1 Test with real APIs[2m > [22m[2mshould handle Bearer token authentication
[22m[39m[Request Executor] Response data created: {
  status: [33m200[39m,
  bodyType: [32m'object'[39m,
  body: { id: [33m1[39m, username: [32m'testuser'[39m },
  contentType: [32m'application/json'[39m
}

[90mstdout[2m | tests/request-execution-integration.test.ts[2m > [22m[2mRequest Execution Integration Tests[2m > [22m[2m11.2 Test error scenarios[2m > [22m[2mshould handle invalid URL format
[22m[39m[Request Executor] Request config: {
  url: [32m'not-a-valid-url/test'[39m,
  method: [32m'GET'[39m,
  headers: { [32m'Content-Type'[39m: [32m'application/json'[39m },
  hasBody: [33mfalse[39m,
  bodyType: [32m'undefined'[39m
}
[Request Executor] Sending to proxy: {
  url: [32m'not-a-valid-url/test'[39m,
  method: [32m'GET'[39m,
  headers: { [32m'Content-Type'[39m: [32m'application/json'[39m },
  body: [90mundefined[39m,
  useMock: [90mundefined[39m,
  mockServerUrl: [90mundefined[39m
}

[90mstdout[2m | tests/request-execution-integration.test.ts[2m > [22m[2mRequest Execution Integration Tests[2m > [22m[2m11.2 Test error scenarios[2m > [22m[2mshould handle timeout errors
[22m[39m[Request Executor] Request config: {
  url: [32m'https://api.example.com/slow-endpoint'[39m,
  method: [32m'GET'[39m,
  headers: { [32m'Content-Type'[39m: [32m'application/json'[39m },
  hasBody: [33mfalse[39m,
  bodyType: [32m'undefined'[39m
}
[Request Executor] Sending to proxy: {
  url: [32m'https://api.example.com/slow-endpoint'[39m,
  method: [32m'GET'[39m,
  headers: { [32m'Content-Type'[39m: [32m'application/json'[39m },
  body: [90mundefined[39m,
  useMock: [90mundefined[39m,
  mockServerUrl: [90mundefined[39m
}

[90mstdout[2m | tests/request-execution-integration.test.ts[2m > [22m[2mRequest Execution Integration Tests[2m > [22m[2m11.2 Test error scenarios[2m > [22m[2mshould handle network errors
[22m[39m[Request Executor] Request config: {
  url: [32m'https://unreachable.example.com/test'[39m,
  method: [32m'GET'[39m,
  headers: { [32m'Content-Type'[39m: [32m'application/json'[39m },
  hasBody: [33mfalse[39m,
  bodyType: [32m'undefined'[39m
}
[Request Executor] Sending to proxy: {
  url: [32m'https://unreachable.example.com/test'[39m,
  method: [32m'GET'[39m,
  headers: { [32m'Content-Type'[39m: [32m'application/json'[39m },
  body: [90mundefined[39m,
  useMock: [90mundefined[39m,
  mockServerUrl: [90mundefined[39m
}

[90mstdout[2m | tests/request-execution-integration.test.ts[2m > [22m[2mRequest Execution Integration Tests[2m > [22m[2m11.2 Test error scenarios[2m > [22m[2mshould handle 4xx client errors
[22m[39m[Request Executor] Request config: {
  url: [32m'https://api.example.com/pet/999999'[39m,
  method: [32m'GET'[39m,
  headers: { [32m'Content-Type'[39m: [32m'application/json'[39m },
  hasBody: [33mfalse[39m,
  bodyType: [32m'undefined'[39m
}
[Request Executor] Sending to proxy: {
  url: [32m'https://api.example.com/pet/999999'[39m,
  method: [32m'GET'[39m,
  headers: { [32m'Content-Type'[39m: [32m'application/json'[39m },
  body: [90mundefined[39m,
  useMock: [90mundefined[39m,
  mockServerUrl: [90mundefined[39m
}

[90mstdout[2m | tests/request-execution-integration.test.ts[2m > [22m[2mRequest Execution Integration Tests[2m > [22m[2m11.2 Test error scenarios[2m > [22m[2mshould handle 4xx client errors
[22m[39m[Request Executor] Response data created: {
  status: [33m404[39m,
  bodyType: [32m'object'[39m,
  body: { error: [32m'Pet not found'[39m },
  contentType: [32m'application/json'[39m
}

[90mstdout[2m | tests/request-execution-integration.test.ts[2m > [22m[2mRequest Execution Integration Tests[2m > [22m[2m11.2 Test error scenarios[2m > [22m[2mshould handle 5xx server errors
[22m[39m[Request Executor] Request config: {
  url: [32m'https://api.example.com/test'[39m,
  method: [32m'GET'[39m,
  headers: { [32m'Content-Type'[39m: [32m'application/json'[39m },
  hasBody: [33mfalse[39m,
  bodyType: [32m'undefined'[39m
}
[Request Executor] Sending to proxy: {
  url: [32m'https://api.example.com/test'[39m,
  method: [32m'GET'[39m,
  headers: { [32m'Content-Type'[39m: [32m'application/json'[39m },
  body: [90mundefined[39m,
  useMock: [90mundefined[39m,
  mockServerUrl: [90mundefined[39m
}

[90mstdout[2m | tests/request-execution-integration.test.ts[2m > [22m[2mRequest Execution Integration Tests[2m > [22m[2m11.2 Test error scenarios[2m > [22m[2mshould handle 5xx server errors
[22m[39m[Request Executor] Response data created: {
  status: [33m500[39m,
  bodyType: [32m'object'[39m,
  body: { error: [32m'Server error occurred'[39m },
  contentType: [32m'application/json'[39m
}

 [32m✓[39m tests/sdk-generation-progress.test.tsx [2m([22m[2m11 tests[22m[2m)[22m[32m 280[2mms[22m[39m
 [32m✓[39m tests/request-execution-integration.test.ts [2m([22m[2m34 tests[22m[2m)[22m[32m 121[2mms[22m[39m
 [32m✓[39m tests/mock-server-status.test.tsx [2m([22m[2m6 tests[22m[2m)[22m[32m 98[2mms[22m[39m
DOMException [AbortError]: The operation was aborted.
    at Fetch.onAsyncTaskManagerAbort (file:///Users/darhlilove/Documents/Production%20Apps/Others/splice/node_modules/.pnpm/happy-dom@20.0.10/node_modules/happy-dom/lib/fetch/Fetch.js:546:23)
    at Object.<anonymous> (file:///Users/darhlilove/Documents/Production%20Apps/Others/splice/node_modules/.pnpm/happy-dom@20.0.10/node_modules/happy-dom/lib/fetch/Fetch.js:416:101)
    at AsyncTaskManager.abortAll (file:///Users/darhlilove/Documents/Production%20Apps/Others/splice/node_modules/.pnpm/happy-dom@20.0.10/node_modules/happy-dom/lib/async-task-manager/AsyncTaskManager.js:292:30)
    at AsyncTaskManager.abort (file:///Users/darhlilove/Documents/Production%20Apps/Others/splice/node_modules/.pnpm/happy-dom@20.0.10/node_modules/happy-dom/lib/async-task-manager/AsyncTaskManager.js:52:21)
    at DetachedBrowserFrame.abort (file:///Users/darhlilove/Documents/Production%20Apps/Others/splice/node_modules/.pnpm/happy-dom@20.0.10/node_modules/happy-dom/lib/browser/detached-browser/DetachedBrowserFrame.js:112:58)
    at DetachedWindowAPI.abort (file:///Users/darhlilove/Documents/Production%20Apps/Others/splice/node_modules/.pnpm/happy-dom@20.0.10/node_modules/happy-dom/lib/window/DetachedWindowAPI.js:51:35)
    at teardownWindow (file:///Users/darhlilove/Documents/Production%20Apps/Others/splice/node_modules/.pnpm/vitest@4.0.9_@types+debug@4.1.12_@types+node@20.19.25_@vitest+ui@4.0.9_happy-dom@20.0.1_7c72bdaaa4a9e746b667d8dd70ab3981/node_modules/vitest/dist/chunks/index.BfmpdV5p.js:331:22)
    at Object.teardown (file:///Users/darhlilove/Documents/Production%20Apps/Others/splice/node_modules/.pnpm/vitest@4.0.9_@types+debug@4.1.12_@types+node@20.19.25_@vitest+ui@4.0.9_happy-dom@20.0.1_7c72bdaaa4a9e746b667d8dd70ab3981/node_modules/vitest/dist/chunks/index.BfmpdV5p.js:392:10)
    at file:///Users/darhlilove/Documents/Production%20Apps/Others/splice/node_modules/.pnpm/vitest@4.0.9_@types+debug@4.1.12_@types+node@20.19.25_@vitest+ui@4.0.9_happy-dom@20.0.1_7c72bdaaa4a9e746b667d8dd70ab3981/node_modules/vitest/dist/chunks/base.CiIV2DDC.js:114:13
    at process.onMessage (file:///Users/darhlilove/Documents/Production%20Apps/Others/splice/node_modules/.pnpm/vitest@4.0.9_@types+debug@4.1.12_@types+node@20.19.25_@vitest+ui@4.0.9_happy-dom@20.0.1_7c72bdaaa4a9e746b667d8dd70ab3981/node_modules/vitest/dist/chunks/init.BQhNfT0h.js:264:28)
DOMException [AbortError]: The operation was aborted.
    at Fetch.onAsyncTaskManagerAbort (file:///Users/darhlilove/Documents/Production%20Apps/Others/splice/node_modules/.pnpm/happy-dom@20.0.10/node_modules/happy-dom/lib/fetch/Fetch.js:546:23)
    at Object.<anonymous> (file:///Users/darhlilove/Documents/Production%20Apps/Others/splice/node_modules/.pnpm/happy-dom@20.0.10/node_modules/happy-dom/lib/fetch/Fetch.js:416:101)
    at AsyncTaskManager.abortAll (file:///Users/darhlilove/Documents/Production%20Apps/Others/splice/node_modules/.pnpm/happy-dom@20.0.10/node_modules/happy-dom/lib/async-task-manager/AsyncTaskManager.js:292:30)
    at AsyncTaskManager.abort (file:///Users/darhlilove/Documents/Production%20Apps/Others/splice/node_modules/.pnpm/happy-dom@20.0.10/node_modules/happy-dom/lib/async-task-manager/AsyncTaskManager.js:52:21)
    at DetachedBrowserFrame.abort (file:///Users/darhlilove/Documents/Production%20Apps/Others/splice/node_modules/.pnpm/happy-dom@20.0.10/node_modules/happy-dom/lib/browser/detached-browser/DetachedBrowserFrame.js:112:58)
    at DetachedWindowAPI.abort (file:///Users/darhlilove/Documents/Production%20Apps/Others/splice/node_modules/.pnpm/happy-dom@20.0.10/node_modules/happy-dom/lib/window/DetachedWindowAPI.js:51:35)
    at teardownWindow (file:///Users/darhlilove/Documents/Production%20Apps/Others/splice/node_modules/.pnpm/vitest@4.0.9_@types+debug@4.1.12_@types+node@20.19.25_@vitest+ui@4.0.9_happy-dom@20.0.1_7c72bdaaa4a9e746b667d8dd70ab3981/node_modules/vitest/dist/chunks/index.BfmpdV5p.js:331:22)
    at Object.teardown (file:///Users/darhlilove/Documents/Production%20Apps/Others/splice/node_modules/.pnpm/vitest@4.0.9_@types+debug@4.1.12_@types+node@20.19.25_@vitest+ui@4.0.9_happy-dom@20.0.1_7c72bdaaa4a9e746b667d8dd70ab3981/node_modules/vitest/dist/chunks/index.BfmpdV5p.js:392:10)
    at file:///Users/darhlilove/Documents/Production%20Apps/Others/splice/node_modules/.pnpm/vitest@4.0.9_@types+debug@4.1.12_@types+node@20.19.25_@vitest+ui@4.0.9_happy-dom@20.0.1_7c72bdaaa4a9e746b667d8dd70ab3981/node_modules/vitest/dist/chunks/base.CiIV2DDC.js:114:13
    at process.onMessage (file:///Users/darhlilove/Documents/Production%20Apps/Others/splice/node_modules/.pnpm/vitest@4.0.9_@types+debug@4.1.12_@types+node@20.19.25_@vitest+ui@4.0.9_happy-dom@20.0.1_7c72bdaaa4a9e746b667d8dd70ab3981/node_modules/vitest/dist/chunks/init.BQhNfT0h.js:264:28)
DOMException [AbortError]: The operation was aborted.
    at Fetch.onAsyncTaskManagerAbort (file:///Users/darhlilove/Documents/Production%20Apps/Others/splice/node_modules/.pnpm/happy-dom@20.0.10/node_modules/happy-dom/lib/fetch/Fetch.js:546:23)
    at Object.<anonymous> (file:///Users/darhlilove/Documents/Production%20Apps/Others/splice/node_modules/.pnpm/happy-dom@20.0.10/node_modules/happy-dom/lib/fetch/Fetch.js:416:101)
    at AsyncTaskManager.abortAll (file:///Users/darhlilove/Documents/Production%20Apps/Others/splice/node_modules/.pnpm/happy-dom@20.0.10/node_modules/happy-dom/lib/async-task-manager/AsyncTaskManager.js:292:30)
    at AsyncTaskManager.abort (file:///Users/darhlilove/Documents/Production%20Apps/Others/splice/node_modules/.pnpm/happy-dom@20.0.10/node_modules/happy-dom/lib/async-task-manager/AsyncTaskManager.js:52:21)
    at DetachedBrowserFrame.abort (file:///Users/darhlilove/Documents/Production%20Apps/Others/splice/node_modules/.pnpm/happy-dom@20.0.10/node_modules/happy-dom/lib/browser/detached-browser/DetachedBrowserFrame.js:112:58)
    at DetachedWindowAPI.abort (file:///Users/darhlilove/Documents/Production%20Apps/Others/splice/node_modules/.pnpm/happy-dom@20.0.10/node_modules/happy-dom/lib/window/DetachedWindowAPI.js:51:35)
    at teardownWindow (file:///Users/darhlilove/Documents/Production%20Apps/Others/splice/node_modules/.pnpm/vitest@4.0.9_@types+debug@4.1.12_@types+node@20.19.25_@vitest+ui@4.0.9_happy-dom@20.0.1_7c72bdaaa4a9e746b667d8dd70ab3981/node_modules/vitest/dist/chunks/index.BfmpdV5p.js:331:22)
    at Object.teardown (file:///Users/darhlilove/Documents/Production%20Apps/Others/splice/node_modules/.pnpm/vitest@4.0.9_@types+debug@4.1.12_@types+node@20.19.25_@vitest+ui@4.0.9_happy-dom@20.0.1_7c72bdaaa4a9e746b667d8dd70ab3981/node_modules/vitest/dist/chunks/index.BfmpdV5p.js:392:10)
    at file:///Users/darhlilove/Documents/Production%20Apps/Others/splice/node_modules/.pnpm/vitest@4.0.9_@types+debug@4.1.12_@types+node@20.19.25_@vitest+ui@4.0.9_happy-dom@20.0.1_7c72bdaaa4a9e746b667d8dd70ab3981/node_modules/vitest/dist/chunks/base.CiIV2DDC.js:114:13
    at process.onMessage (file:///Users/darhlilove/Documents/Production%20Apps/Others/splice/node_modules/.pnpm/vitest@4.0.9_@types+debug@4.1.12_@types+node@20.19.25_@vitest+ui@4.0.9_happy-dom@20.0.1_7c72bdaaa4a9e746b667d8dd70ab3981/node_modules/vitest/dist/chunks/init.BQhNfT0h.js:264:28)
DOMException [AbortError]: The operation was aborted.
    at Fetch.onAsyncTaskManagerAbort (file:///Users/darhlilove/Documents/Production%20Apps/Others/splice/node_modules/.pnpm/happy-dom@20.0.10/node_modules/happy-dom/lib/fetch/Fetch.js:546:23)
    at Object.<anonymous> (file:///Users/darhlilove/Documents/Production%20Apps/Others/splice/node_modules/.pnpm/happy-dom@20.0.10/node_modules/happy-dom/lib/fetch/Fetch.js:416:101)
    at AsyncTaskManager.abortAll (file:///Users/darhlilove/Documents/Production%20Apps/Others/splice/node_modules/.pnpm/happy-dom@20.0.10/node_modules/happy-dom/lib/async-task-manager/AsyncTaskManager.js:292:30)
    at AsyncTaskManager.abort (file:///Users/darhlilove/Documents/Production%20Apps/Others/splice/node_modules/.pnpm/happy-dom@20.0.10/node_modules/happy-dom/lib/async-task-manager/AsyncTaskManager.js:52:21)
    at DetachedBrowserFrame.abort (file:///Users/darhlilove/Documents/Production%20Apps/Others/splice/node_modules/.pnpm/happy-dom@20.0.10/node_modules/happy-dom/lib/browser/detached-browser/DetachedBrowserFrame.js:112:58)
    at DetachedWindowAPI.abort (file:///Users/darhlilove/Documents/Production%20Apps/Others/splice/node_modules/.pnpm/happy-dom@20.0.10/node_modules/happy-dom/lib/window/DetachedWindowAPI.js:51:35)
    at teardownWindow (file:///Users/darhlilove/Documents/Production%20Apps/Others/splice/node_modules/.pnpm/vitest@4.0.9_@types+debug@4.1.12_@types+node@20.19.25_@vitest+ui@4.0.9_happy-dom@20.0.1_7c72bdaaa4a9e746b667d8dd70ab3981/node_modules/vitest/dist/chunks/index.BfmpdV5p.js:331:22)
    at Object.teardown (file:///Users/darhlilove/Documents/Production%20Apps/Others/splice/node_modules/.pnpm/vitest@4.0.9_@types+debug@4.1.12_@types+node@20.19.25_@vitest+ui@4.0.9_happy-dom@20.0.1_7c72bdaaa4a9e746b667d8dd70ab3981/node_modules/vitest/dist/chunks/index.BfmpdV5p.js:392:10)
    at file:///Users/darhlilove/Documents/Production%20Apps/Others/splice/node_modules/.pnpm/vitest@4.0.9_@types+debug@4.1.12_@types+node@20.19.25_@vitest+ui@4.0.9_happy-dom@20.0.1_7c72bdaaa4a9e746b667d8dd70ab3981/node_modules/vitest/dist/chunks/base.CiIV2DDC.js:114:13
    at process.onMessage (file:///Users/darhlilove/Documents/Production%20Apps/Others/splice/node_modules/.pnpm/vitest@4.0.9_@types+debug@4.1.12_@types+node@20.19.25_@vitest+ui@4.0.9_happy-dom@20.0.1_7c72bdaaa4a9e746b667d8dd70ab3981/node_modules/vitest/dist/chunks/init.BQhNfT0h.js:264:28)
DOMException [AbortError]: The operation was aborted.
    at Fetch.onAsyncTaskManagerAbort (file:///Users/darhlilove/Documents/Production%20Apps/Others/splice/node_modules/.pnpm/happy-dom@20.0.10/node_modules/happy-dom/lib/fetch/Fetch.js:546:23)
    at Object.<anonymous> (file:///Users/darhlilove/Documents/Production%20Apps/Others/splice/node_modules/.pnpm/happy-dom@20.0.10/node_modules/happy-dom/lib/fetch/Fetch.js:416:101)
    at AsyncTaskManager.abortAll (file:///Users/darhlilove/Documents/Production%20Apps/Others/splice/node_modules/.pnpm/happy-dom@20.0.10/node_modules/happy-dom/lib/async-task-manager/AsyncTaskManager.js:292:30)
    at AsyncTaskManager.abort (file:///Users/darhlilove/Documents/Production%20Apps/Others/splice/node_modules/.pnpm/happy-dom@20.0.10/node_modules/happy-dom/lib/async-task-manager/AsyncTaskManager.js:52:21)
    at DetachedBrowserFrame.abort (file:///Users/darhlilove/Documents/Production%20Apps/Others/splice/node_modules/.pnpm/happy-dom@20.0.10/node_modules/happy-dom/lib/browser/detached-browser/DetachedBrowserFrame.js:112:58)
    at DetachedWindowAPI.abort (file:///Users/darhlilove/Documents/Production%20Apps/Others/splice/node_modules/.pnpm/happy-dom@20.0.10/node_modules/happy-dom/lib/window/DetachedWindowAPI.js:51:35)
    at teardownWindow (file:///Users/darhlilove/Documents/Production%20Apps/Others/splice/node_modules/.pnpm/vitest@4.0.9_@types+debug@4.1.12_@types+node@20.19.25_@vitest+ui@4.0.9_happy-dom@20.0.1_7c72bdaaa4a9e746b667d8dd70ab3981/node_modules/vitest/dist/chunks/index.BfmpdV5p.js:331:22)
    at Object.teardown (file:///Users/darhlilove/Documents/Production%20Apps/Others/splice/node_modules/.pnpm/vitest@4.0.9_@types+debug@4.1.12_@types+node@20.19.25_@vitest+ui@4.0.9_happy-dom@20.0.1_7c72bdaaa4a9e746b667d8dd70ab3981/node_modules/vitest/dist/chunks/index.BfmpdV5p.js:392:10)
    at file:///Users/darhlilove/Documents/Production%20Apps/Others/splice/node_modules/.pnpm/vitest@4.0.9_@types+debug@4.1.12_@types+node@20.19.25_@vitest+ui@4.0.9_happy-dom@20.0.1_7c72bdaaa4a9e746b667d8dd70ab3981/node_modules/vitest/dist/chunks/base.CiIV2DDC.js:114:13
    at process.onMessage (file:///Users/darhlilove/Documents/Production%20Apps/Others/splice/node_modules/.pnpm/vitest@4.0.9_@types+debug@4.1.12_@types+node@20.19.25_@vitest+ui@4.0.9_happy-dom@20.0.1_7c72bdaaa4a9e746b667d8dd70ab3981/node_modules/vitest/dist/chunks/init.BQhNfT0h.js:264:28)
[90mstderr[2m | pollStatus (/Users/darhlilove/Documents/Production Apps/Others/splice/apps/web/components/MockServerStatus.tsx:55:17)
[22m[39mFailed to poll server status: DOMException [NetworkError]: Failed to execute "fetch()" on "Window" with URL "http://localhost:3000/api/mock/status?specId=test-spec": The operation was aborted.
    at Fetch.onError [90m(file:///Users/darhlilove/Documents/Production%20Apps/Others/splice/[39mnode_modules/[4m.pnpm[24m/happy-dom@20.0.10/node_modules/[4mhappy-dom[24m/lib/fetch/Fetch.js:540:21[90m)[39m
[90m    at ClientRequest.emit (node:events:519:28)[39m
[90m    at emitErrorEvent (node:_http_client:105:11)[39m
[90m    at Socket.socketErrorListener (node:_http_client:518:5)[39m
[90m    at Socket.emit (node:events:519:28)[39m
[90m    at emitErrorNT (node:internal/streams/destroy:170:8)[39m
[90m    at emitErrorCloseNT (node:internal/streams/destroy:129:3)[39m
[90m    at processTicksAndRejections (node:internal/process/task_queues:90:21)[39m
Failed to poll server status: DOMException [NetworkError]: Failed to execute "fetch()" on "Window" with URL "http://localhost:3000/api/mock/status?specId=test-spec": The operation was aborted.
    at Fetch.onError [90m(file:///Users/darhlilove/Documents/Production%20Apps/Others/splice/[39mnode_modules/[4m.pnpm[24m/happy-dom@20.0.10/node_modules/[4mhappy-dom[24m/lib/fetch/Fetch.js:540:21[90m)[39m
[90m    at ClientRequest.emit (node:events:519:28)[39m
[90m    at emitErrorEvent (node:_http_client:105:11)[39m
[90m    at Socket.socketErrorListener (node:_http_client:518:5)[39m
[90m    at Socket.emit (node:events:519:28)[39m
[90m    at emitErrorNT (node:internal/streams/destroy:170:8)[39m
[90m    at emitErrorCloseNT (node:internal/streams/destroy:129:3)[39m
[90m    at processTicksAndRejections (node:internal/process/task_queues:90:21)[39m
Failed to poll server status: DOMException [NetworkError]: Failed to execute "fetch()" on "Window" with URL "http://localhost:3000/api/mock/status?specId=test-spec": The operation was aborted.
    at Fetch.onError [90m(file:///Users/darhlilove/Documents/Production%20Apps/Others/splice/[39mnode_modules/[4m.pnpm[24m/happy-dom@20.0.10/node_modules/[4mhappy-dom[24m/lib/fetch/Fetch.js:540:21[90m)[39m
[90m    at ClientRequest.emit (node:events:519:28)[39m
[90m    at emitErrorEvent (node:_http_client:105:11)[39m
[90m    at Socket.socketErrorListener (node:_http_client:518:5)[39m
[90m    at Socket.emit (node:events:519:28)[39m
[90m    at emitErrorNT (node:internal/streams/destroy:170:8)[39m
[90m    at emitErrorCloseNT (node:internal/streams/destroy:129:3)[39m
[90m    at processTicksAndRejections (node:internal/process/task_queues:90:21)[39m
Failed to poll server status: DOMException [NetworkError]: Failed to execute "fetch()" on "Window" with URL "http://localhost:3000/api/mock/status?specId=test-spec": The operation was aborted.
    at Fetch.onError [90m(file:///Users/darhlilove/Documents/Production%20Apps/Others/splice/[39mnode_modules/[4m.pnpm[24m/happy-dom@20.0.10/node_modules/[4mhappy-dom[24m/lib/fetch/Fetch.js:540:21[90m)[39m
[90m    at ClientRequest.emit (node:events:519:28)[39m
[90m    at emitErrorEvent (node:_http_client:105:11)[39m
[90m    at Socket.socketErrorListener (node:_http_client:518:5)[39m
[90m    at Socket.emit (node:events:519:28)[39m
[90m    at emitErrorNT (node:internal/streams/destroy:170:8)[39m
[90m    at emitErrorCloseNT (node:internal/streams/destroy:129:3)[39m
[90m    at processTicksAndRejections (node:internal/process/task_queues:90:21)[39m
Failed to poll server status: DOMException [NetworkError]: Failed to execute "fetch()" on "Window" with URL "http://localhost:3000/api/mock/status?specId=test-spec": The operation was aborted.
    at Fetch.onError [90m(file:///Users/darhlilove/Documents/Production%20Apps/Others/splice/[39mnode_modules/[4m.pnpm[24m/happy-dom@20.0.10/node_modules/[4mhappy-dom[24m/lib/fetch/Fetch.js:540:21[90m)[39m
[90m    at ClientRequest.emit (node:events:519:28)[39m
[90m    at emitErrorEvent (node:_http_client:105:11)[39m
[90m    at Socket.socketErrorListener (node:_http_client:518:5)[39m
[90m    at Socket.emit (node:events:519:28)[39m
[90m    at emitErrorNT (node:internal/streams/destroy:170:8)[39m
[90m    at emitErrorCloseNT (node:internal/streams/destroy:129:3)[39m
[90m    at processTicksAndRejections (node:internal/process/task_queues:90:21)[39m

 [32m✓[39m tests/error-display.test.tsx [2m([22m[2m8 tests[22m[2m)[22m[32m 116[2mms[22m[39m
DOMException [AbortError]: The operation was aborted.
    at Fetch.onAsyncTaskManagerAbort (file:///Users/darhlilove/Documents/Production%20Apps/Others/splice/node_modules/.pnpm/happy-dom@20.0.10/node_modules/happy-dom/lib/fetch/Fetch.js:546:23)
    at Object.<anonymous> (file:///Users/darhlilove/Documents/Production%20Apps/Others/splice/node_modules/.pnpm/happy-dom@20.0.10/node_modules/happy-dom/lib/fetch/Fetch.js:416:101)
    at AsyncTaskManager.abortAll (file:///Users/darhlilove/Documents/Production%20Apps/Others/splice/node_modules/.pnpm/happy-dom@20.0.10/node_modules/happy-dom/lib/async-task-manager/AsyncTaskManager.js:292:30)
    at AsyncTaskManager.abort (file:///Users/darhlilove/Documents/Production%20Apps/Others/splice/node_modules/.pnpm/happy-dom@20.0.10/node_modules/happy-dom/lib/async-task-manager/AsyncTaskManager.js:52:21)
    at DetachedBrowserFrame.abort (file:///Users/darhlilove/Documents/Production%20Apps/Others/splice/node_modules/.pnpm/happy-dom@20.0.10/node_modules/happy-dom/lib/browser/detached-browser/DetachedBrowserFrame.js:112:58)
    at DetachedWindowAPI.abort (file:///Users/darhlilove/Documents/Production%20Apps/Others/splice/node_modules/.pnpm/happy-dom@20.0.10/node_modules/happy-dom/lib/window/DetachedWindowAPI.js:51:35)
    at teardownWindow (file:///Users/darhlilove/Documents/Production%20Apps/Others/splice/node_modules/.pnpm/vitest@4.0.9_@types+debug@4.1.12_@types+node@20.19.25_@vitest+ui@4.0.9_happy-dom@20.0.1_7c72bdaaa4a9e746b667d8dd70ab3981/node_modules/vitest/dist/chunks/index.BfmpdV5p.js:331:22)
    at Object.teardown (file:///Users/darhlilove/Documents/Production%20Apps/Others/splice/node_modules/.pnpm/vitest@4.0.9_@types+debug@4.1.12_@types+node@20.19.25_@vitest+ui@4.0.9_happy-dom@20.0.1_7c72bdaaa4a9e746b667d8dd70ab3981/node_modules/vitest/dist/chunks/index.BfmpdV5p.js:392:10)
    at file:///Users/darhlilove/Documents/Production%20Apps/Others/splice/node_modules/.pnpm/vitest@4.0.9_@types+debug@4.1.12_@types+node@20.19.25_@vitest+ui@4.0.9_happy-dom@20.0.1_7c72bdaaa4a9e746b667d8dd70ab3981/node_modules/vitest/dist/chunks/base.CiIV2DDC.js:114:13
    at process.onMessage (file:///Users/darhlilove/Documents/Production%20Apps/Others/splice/node_modules/.pnpm/vitest@4.0.9_@types+debug@4.1.12_@types+node@20.19.25_@vitest+ui@4.0.9_happy-dom@20.0.1_7c72bdaaa4a9e746b667d8dd70ab3981/node_modules/vitest/dist/chunks/init.BQhNfT0h.js:264:28)
[90mstdout[2m | tests/sdk-generator.test.ts[2m > [22m[2mSDKGenerator[2m > [22m[2mSpec Validation[2m > [22m[2mshould reject spec without openapi or swagger version
[22m[39m[SDKGenerator] Starting generation sdk-1764113535589-4omo3va
  Package: test-sdk@1.0.0
  Language: typescript
  Spec Info: Test API v1.0.0

[90mstderr[2m | tests/sdk-generator.test.ts[2m > [22m[2mSDKGenerator[2m > [22m[2mSpec Validation[2m > [22m[2mshould reject spec without openapi or swagger version
[22m[39m[SDKGenerator] OpenAPI Generator CLI not found

[90mstdout[2m | tests/sdk-generator.test.ts[2m > [22m[2mSDKGenerator[2m > [22m[2mSpec Validation[2m > [22m[2mshould reject spec without openapi or swagger version
[22m[39m[SDKGenerator Metrics] Generation sdk-1764113535589-4omo3va
  Duration: 0.02s
  Success: false
  Active Generations: 0
  Error: OpenAPI Generator not available
  Memory Usage:
    RSS: 105.50 MB
    Heap Used: 36.14 MB
    Heap Total: 58.47 MB

[90mstderr[2m | tests/sdk-generator.test.ts[2m > [22m[2mSDKGenerator[2m > [22m[2mSpec Validation[2m > [22m[2mshould reject spec without openapi or swagger version
[22m[39m[SDKGenerator] OpenAPI Generator not available

[90mstdout[2m | tests/sdk-generator.test.ts[2m > [22m[2mSDKGenerator[2m > [22m[2mSpec Validation[2m > [22m[2mshould reject spec without info object
[22m[39m[SDKGenerator] Starting generation sdk-1764113535614-9g85qch
  Package: test-sdk@1.0.0
  Language: typescript
  Spec Info: Unknown vUnknown

[90mstderr[2m | tests/sdk-generator.test.ts[2m > [22m[2mSDKGenerator[2m > [22m[2mSpec Validation[2m > [22m[2mshould reject spec without info object
[22m[39m[SDKGenerator] OpenAPI Generator CLI not found

[90mstdout[2m | tests/sdk-generator.test.ts[2m > [22m[2mSDKGenerator[2m > [22m[2mSpec Validation[2m > [22m[2mshould reject spec without info object
[22m[39m[SDKGenerator Metrics] Generation sdk-1764113535614-9g85qch
  Duration: 0.01s
  Success: false
  Active Generations: 0
  Error: OpenAPI Generator not available
  Memory Usage:
    RSS: 102.22 MB
    Heap Used: 36.41 MB
    Heap Total: 58.47 MB

[90mstderr[2m | tests/sdk-generator.test.ts[2m > [22m[2mSDKGenerator[2m > [22m[2mSpec Validation[2m > [22m[2mshould reject spec without info object
[22m[39m[SDKGenerator] OpenAPI Generator not available

[90mstdout[2m | tests/sdk-generator.test.ts[2m > [22m[2mSDKGenerator[2m > [22m[2mSpec Validation[2m > [22m[2mshould reject spec without paths
[22m[39m[SDKGenerator] Starting generation sdk-1764113535630-fl55ncz
  Package: test-sdk@1.0.0
  Language: typescript
  Spec Info: Test API v1.0.0

[90mstderr[2m | tests/sdk-generator.test.ts[2m > [22m[2mSDKGenerator[2m > [22m[2mSpec Validation[2m > [22m[2mshould reject spec without paths
[22m[39m[SDKGenerator] OpenAPI Generator CLI not found

[90mstdout[2m | tests/sdk-generator.test.ts[2m > [22m[2mSDKGenerator[2m > [22m[2mSpec Validation[2m > [22m[2mshould reject spec without paths
[22m[39m[SDKGenerator Metrics] Generation sdk-1764113535630-fl55ncz
  Duration: 0.01s
  Success: false
  Active Generations: 0
  Error: OpenAPI Generator not available
  Memory Usage:
    RSS: 102.02 MB
    Heap Used: 36.67 MB
    Heap Total: 58.47 MB

[90mstderr[2m | tests/sdk-generator.test.ts[2m > [22m[2mSDKGenerator[2m > [22m[2mSpec Validation[2m > [22m[2mshould reject spec without paths
[22m[39m[SDKGenerator] OpenAPI Generator not available

[90mstdout[2m | tests/sdk-generator.test.ts[2m > [22m[2mSDKGenerator[2m > [22m[2mSpec Validation[2m > [22m[2mshould reject spec with empty paths
[22m[39m[SDKGenerator] Starting generation sdk-1764113535644-h3ezu5s
  Package: test-sdk@1.0.0
  Language: typescript
  Spec Info: Test API v1.0.0

[90mstderr[2m | tests/sdk-generator.test.ts[2m > [22m[2mSDKGenerator[2m > [22m[2mSpec Validation[2m > [22m[2mshould reject spec with empty paths
[22m[39m[SDKGenerator] OpenAPI Generator CLI not found

[90mstdout[2m | tests/sdk-generator.test.ts[2m > [22m[2mSDKGenerator[2m > [22m[2mSpec Validation[2m > [22m[2mshould reject spec with empty paths
[22m[39m[SDKGenerator Metrics] Generation sdk-1764113535644-h3ezu5s
  Duration: 0.01s
  Success: false
  Active Generations: 0
  Error: OpenAPI Generator not available
  Memory Usage:
    RSS: 102.20 MB
    Heap Used: 36.88 MB
    Heap Total: 58.47 MB

[90mstderr[2m | tests/sdk-generator.test.ts[2m > [22m[2mSDKGenerator[2m > [22m[2mSpec Validation[2m > [22m[2mshould reject spec with empty paths
[22m[39m[SDKGenerator] OpenAPI Generator not available

[90mstdout[2m | tests/sdk-generator.test.ts[2m > [22m[2mSDKGenerator[2m > [22m[2mSpec Validation[2m > [22m[2mshould reject path that doesn't start with /
[22m[39m[SDKGenerator] Starting generation sdk-1764113535654-lrte1cb
  Package: test-sdk@1.0.0
  Language: typescript
  Spec Info: Test API v1.0.0

[90mstderr[2m | tests/sdk-generator.test.ts[2m > [22m[2mSDKGenerator[2m > [22m[2mSpec Validation[2m > [22m[2mshould reject path that doesn't start with /
[22m[39m[SDKGenerator] OpenAPI Generator CLI not found

[90mstdout[2m | tests/sdk-generator.test.ts[2m > [22m[2mSDKGenerator[2m > [22m[2mSpec Validation[2m > [22m[2mshould reject path that doesn't start with /
[22m[39m[SDKGenerator Metrics] Generation sdk-1764113535654-lrte1cb
  Duration: 0.01s
  Success: false
  Active Generations: 0
  Error: OpenAPI Generator not available
  Memory Usage:
    RSS: 102.48 MB
    Heap Used: 37.11 MB
    Heap Total: 58.72 MB

[90mstderr[2m | tests/sdk-generator.test.ts[2m > [22m[2mSDKGenerator[2m > [22m[2mSpec Validation[2m > [22m[2mshould reject path that doesn't start with /
[22m[39m[SDKGenerator] OpenAPI Generator not available

[90mstdout[2m | tests/sdk-generator.test.ts[2m > [22m[2mSDKGenerator[2m > [22m[2mSpec Validation[2m > [22m[2mshould reject path with no operations
[22m[39m[SDKGenerator] Starting generation sdk-1764113535662-f7qyde2
  Package: test-sdk@1.0.0
  Language: typescript
  Spec Info: Test API v1.0.0

[90mstderr[2m | tests/sdk-generator.test.ts[2m > [22m[2mSDKGenerator[2m > [22m[2mSpec Validation[2m > [22m[2mshould reject path with no operations
[22m[39m[SDKGenerator] OpenAPI Generator CLI not found

[90mstdout[2m | tests/sdk-generator.test.ts[2m > [22m[2mSDKGenerator[2m > [22m[2mSpec Validation[2m > [22m[2mshould reject path with no operations
[22m[39m[SDKGenerator Metrics] Generation sdk-1764113535662-f7qyde2
  Duration: 0.01s
  Success: false
  Active Generations: 0
  Error: OpenAPI Generator not available
  Memory Usage:
    RSS: 102.45 MB
    Heap Used: 37.32 MB
    Heap Total: 58.72 MB

[90mstderr[2m | tests/sdk-generator.test.ts[2m > [22m[2mSDKGenerator[2m > [22m[2mSpec Validation[2m > [22m[2mshould reject path with no operations
[22m[39m[SDKGenerator] OpenAPI Generator not available

[90mstdout[2m | tests/sdk-generator.test.ts[2m > [22m[2mSDKGenerator[2m > [22m[2mSpec Validation[2m > [22m[2mshould accept valid minimal spec
[22m[39m[SDKGenerator] Starting generation sdk-1764113535673-0ya23et
  Package: test-sdk@1.0.0
  Language: typescript
  Spec Info: Test API v1.0.0

[90mstderr[2m | tests/sdk-generator.test.ts[2m > [22m[2mSDKGenerator[2m > [22m[2mSpec Validation[2m > [22m[2mshould accept valid minimal spec
[22m[39m[SDKGenerator] OpenAPI Generator CLI not found

[90mstdout[2m | tests/sdk-generator.test.ts[2m > [22m[2mSDKGenerator[2m > [22m[2mSpec Validation[2m > [22m[2mshould accept valid minimal spec
[22m[39m[SDKGenerator Metrics] Generation sdk-1764113535673-0ya23et
  Duration: 0.01s
  Success: false
  Active Generations: 0
  Error: OpenAPI Generator not available
  Memory Usage:
    RSS: 102.67 MB
    Heap Used: 37.51 MB
    Heap Total: 58.72 MB

[90mstderr[2m | tests/sdk-generator.test.ts[2m > [22m[2mSDKGenerator[2m > [22m[2mSpec Validation[2m > [22m[2mshould accept valid minimal spec
[22m[39m[SDKGenerator] OpenAPI Generator not available

[90mstdout[2m | tests/sdk-generator.test.ts[2m > [22m[2mSDKGenerator[2m > [22m[2mConfiguration Validation[2m > [22m[2mshould reject invalid package name
[22m[39m[SDKGenerator] Starting generation sdk-1764113535685-3prat10
  Package: INVALID NAME@1.0.0
  Language: typescript
  Spec Info: Test API v1.0.0

[90mstderr[2m | tests/sdk-generator.test.ts[2m > [22m[2mSDKGenerator[2m > [22m[2mConfiguration Validation[2m > [22m[2mshould reject invalid package name
[22m[39m[SDKGenerator] OpenAPI Generator CLI not found

[90mstdout[2m | tests/sdk-generator.test.ts[2m > [22m[2mSDKGenerator[2m > [22m[2mConfiguration Validation[2m > [22m[2mshould reject invalid package name
[22m[39m[SDKGenerator Metrics] Generation sdk-1764113535685-3prat10
  Duration: 0.01s
  Success: false
  Active Generations: 0
  Error: OpenAPI Generator not available
  Memory Usage:
    RSS: 103.00 MB
    Heap Used: 37.80 MB
    Heap Total: 58.72 MB

[90mstderr[2m | tests/sdk-generator.test.ts[2m > [22m[2mSDKGenerator[2m > [22m[2mConfiguration Validation[2m > [22m[2mshould reject invalid package name
[22m[39m[SDKGenerator] OpenAPI Generator not available

[90mstdout[2m | tests/sdk-generator.test.ts[2m > [22m[2mSDKGenerator[2m > [22m[2mConfiguration Validation[2m > [22m[2mshould reject invalid version
[22m[39m[SDKGenerator] Starting generation sdk-1764113535693-rmqbonh
  Package: test-sdk@invalid
  Language: typescript
  Spec Info: Test API v1.0.0

[90mstderr[2m | tests/sdk-generator.test.ts[2m > [22m[2mSDKGenerator[2m > [22m[2mConfiguration Validation[2m > [22m[2mshould reject invalid version
[22m[39m[SDKGenerator] OpenAPI Generator CLI not found

[90mstdout[2m | tests/sdk-generator.test.ts[2m > [22m[2mSDKGenerator[2m > [22m[2mConfiguration Validation[2m > [22m[2mshould reject invalid version
[22m[39m[SDKGenerator Metrics] Generation sdk-1764113535693-rmqbonh
  Duration: 0.01s
  Success: false
  Active Generations: 0
  Error: OpenAPI Generator not available
  Memory Usage:
    RSS: 103.27 MB
    Heap Used: 38.05 MB
    Heap Total: 58.72 MB

[90mstderr[2m | tests/sdk-generator.test.ts[2m > [22m[2mSDKGenerator[2m > [22m[2mConfiguration Validation[2m > [22m[2mshould reject invalid version
[22m[39m[SDKGenerator] OpenAPI Generator not available

[90mstdout[2m | tests/sdk-generator.test.ts[2m > [22m[2mSDKGenerator[2m > [22m[2mConcurrent Generation Limiting[2m > [22m[2mshould limit concurrent generations to 3
[22m[39m[SDKGenerator] Starting generation sdk-1764113535702-cht46zf
  Package: test-sdk-0@1.0.0
  Language: typescript
  Spec Info: Test API v1.0.0
[SDKGenerator] Starting generation sdk-1764113535703-bo2i6ss
  Package: test-sdk-1@1.0.0
  Language: typescript
  Spec Info: Test API v1.0.0
[SDKGenerator] Starting generation sdk-1764113535704-1w68nn0
  Package: test-sdk-2@1.0.0
  Language: typescript
  Spec Info: Test API v1.0.0
[SDKGenerator] Starting generation sdk-1764113535706-9lhm8eb
  Package: test-sdk-3@1.0.0
  Language: typescript
  Spec Info: Test API v1.0.0

[90mstderr[2m | tests/sdk-generator.test.ts[2m > [22m[2mSDKGenerator[2m > [22m[2mConcurrent Generation Limiting[2m > [22m[2mshould limit concurrent generations to 3
[22m[39m[SDKGenerator] OpenAPI Generator CLI not found

[90mstdout[2m | tests/sdk-generator.test.ts[2m > [22m[2mSDKGenerator[2m > [22m[2mConcurrent Generation Limiting[2m > [22m[2mshould limit concurrent generations to 3
[22m[39m[SDKGenerator Metrics] Generation sdk-1764113535702-cht46zf
  Duration: 0.01s
  Success: false
  Active Generations: 0
  Error: OpenAPI Generator not available
  Memory Usage:
    RSS: 108.05 MB
    Heap Used: 31.41 MB
    Heap Total: 62.97 MB

[90mstderr[2m | tests/sdk-generator.test.ts[2m > [22m[2mSDKGenerator[2m > [22m[2mConcurrent Generation Limiting[2m > [22m[2mshould limit concurrent generations to 3
[22m[39m[SDKGenerator] OpenAPI Generator not available

[90mstderr[2m | tests/sdk-generator.test.ts[2m > [22m[2mSDKGenerator[2m > [22m[2mConcurrent Generation Limiting[2m > [22m[2mshould limit concurrent generations to 3
[22m[39m[SDKGenerator] OpenAPI Generator CLI not found

[90mstdout[2m | tests/sdk-generator.test.ts[2m > [22m[2mSDKGenerator[2m > [22m[2mConcurrent Generation Limiting[2m > [22m[2mshould limit concurrent generations to 3
[22m[39m[SDKGenerator Metrics] Generation sdk-1764113535704-1w68nn0
  Duration: 0.01s
  Success: false
  Active Generations: 0
  Error: OpenAPI Generator not available
  Memory Usage:
    RSS: 108.05 MB
    Heap Used: 31.46 MB
    Heap Total: 62.97 MB

[90mstderr[2m | tests/sdk-generator.test.ts[2m > [22m[2mSDKGenerator[2m > [22m[2mConcurrent Generation Limiting[2m > [22m[2mshould limit concurrent generations to 3
[22m[39m[SDKGenerator] OpenAPI Generator not available

[90mstderr[2m | tests/sdk-generator.test.ts[2m > [22m[2mSDKGenerator[2m > [22m[2mConcurrent Generation Limiting[2m > [22m[2mshould limit concurrent generations to 3
[22m[39m[SDKGenerator] OpenAPI Generator CLI not found

[90mstdout[2m | tests/sdk-generator.test.ts[2m > [22m[2mSDKGenerator[2m > [22m[2mConcurrent Generation Limiting[2m > [22m[2mshould limit concurrent generations to 3
[22m[39m[SDKGenerator Metrics] Generation sdk-1764113535703-bo2i6ss
  Duration: 0.02s
  Success: false
  Active Generations: 0
  Error: OpenAPI Generator not available
  Memory Usage:
    RSS: 108.05 MB
    Heap Used: 31.54 MB
    Heap Total: 62.97 MB

[90mstderr[2m | tests/sdk-generator.test.ts[2m > [22m[2mSDKGenerator[2m > [22m[2mConcurrent Generation Limiting[2m > [22m[2mshould limit concurrent generations to 3
[22m[39m[SDKGenerator] OpenAPI Generator not available

[90mstderr[2m | tests/sdk-generator.test.ts[2m > [22m[2mSDKGenerator[2m > [22m[2mConcurrent Generation Limiting[2m > [22m[2mshould limit concurrent generations to 3
[22m[39m[SDKGenerator] OpenAPI Generator CLI not found

[90mstdout[2m | tests/sdk-generator.test.ts[2m > [22m[2mSDKGenerator[2m > [22m[2mConcurrent Generation Limiting[2m > [22m[2mshould limit concurrent generations to 3
[22m[39m[SDKGenerator Metrics] Generation sdk-1764113535706-9lhm8eb
  Duration: 0.01s
  Success: false
  Active Generations: 0
  Error: OpenAPI Generator not available
  Memory Usage:
    RSS: 108.05 MB
    Heap Used: 31.58 MB
    Heap Total: 62.97 MB

[90mstderr[2m | tests/sdk-generator.test.ts[2m > [22m[2mSDKGenerator[2m > [22m[2mConcurrent Generation Limiting[2m > [22m[2mshould limit concurrent generations to 3
[22m[39m[SDKGenerator] OpenAPI Generator not available

[90mstdout[2m | tests/sdk-generator.test.ts[2m > [22m[2mSDKGenerator[2m > [22m[2mOpenAPI Generator Command Construction[2m > [22m[2mshould include required parameters in command
[22m[39m[SDKGenerator] Starting generation sdk-1764113535720-anr7cjo
  Package: my-test-sdk@2.0.0
  Language: typescript
  Spec Info: Test API v1.0.0

[90mstderr[2m | tests/sdk-generator.test.ts[2m > [22m[2mSDKGenerator[2m > [22m[2mOpenAPI Generator Command Construction[2m > [22m[2mshould include required parameters in command
[22m[39m[SDKGenerator] OpenAPI Generator CLI not found

[90mstdout[2m | tests/sdk-generator.test.ts[2m > [22m[2mSDKGenerator[2m > [22m[2mOpenAPI Generator Command Construction[2m > [22m[2mshould include required parameters in command
[22m[39m[SDKGenerator Metrics] Generation sdk-1764113535720-anr7cjo
  Duration: 0.01s
  Success: false
  Active Generations: 0
  Error: OpenAPI Generator not available
  Memory Usage:
    RSS: 108.06 MB
    Heap Used: 31.80 MB
    Heap Total: 62.97 MB

[90mstderr[2m | tests/sdk-generator.test.ts[2m > [22m[2mSDKGenerator[2m > [22m[2mOpenAPI Generator Command Construction[2m > [22m[2mshould include required parameters in command
[22m[39m[SDKGenerator] OpenAPI Generator not available

[90mstdout[2m | tests/sdk-generator.test.ts[2m > [22m[2mSDKGenerator[2m > [22m[2mProgress Tracking[2m > [22m[2mshould call progress callback during generation
[22m[39m[SDKGenerator] Starting generation sdk-1764113535729-7hvyjqu
  Package: test-sdk@1.0.0
  Language: typescript
  Spec Info: Test API v1.0.0

[90mstderr[2m | tests/sdk-generator.test.ts[2m > [22m[2mSDKGenerator[2m > [22m[2mProgress Tracking[2m > [22m[2mshould call progress callback during generation
[22m[39m[SDKGenerator] OpenAPI Generator CLI not found

[90mstdout[2m | tests/sdk-generator.test.ts[2m > [22m[2mSDKGenerator[2m > [22m[2mProgress Tracking[2m > [22m[2mshould call progress callback during generation
[22m[39m[SDKGenerator Metrics] Generation sdk-1764113535729-7hvyjqu
  Duration: 0.01s
  Success: false
  Active Generations: 0
  Error: OpenAPI Generator not available
  Memory Usage:
    RSS: 108.11 MB
    Heap Used: 32.05 MB
    Heap Total: 62.97 MB

[90mstderr[2m | tests/sdk-generator.test.ts[2m > [22m[2mSDKGenerator[2m > [22m[2mProgress Tracking[2m > [22m[2mshould call progress callback during generation
[22m[39m[SDKGenerator] OpenAPI Generator not available

 [32m✓[39m tests/sdk-generator.test.ts [2m([22m[2m14 tests[22m[2m)[22m[32m 154[2mms[22m[39m
[90mstderr[2m | tests/schema-example.test.ts[2m > [22m[2mformatExampleAsJSON[2m > [22m[2mshould return empty object for invalid input
[22m[39mError formatting example: TypeError: Converting circular structure to JSON
    --> starting at object with constructor 'Object'
    --- property 'self' closes the circle
    at JSON.stringify (<anonymous>)
    at formatExampleAsJSON [90m(/Users/darhlilove/Documents/Production Apps/Others/splice/[39mapps/web/lib/schema-example.ts:143:17[90m)[39m
    at [90m/Users/darhlilove/Documents/Production Apps/Others/splice/[39mtests/schema-example.test.ts:322:20
    at [90mfile:///Users/darhlilove/Documents/Production%20Apps/Others/splice/[39mnode_modules/[4m.pnpm[24m/@vitest+runner@4.0.9/node_modules/[4m@vitest[24m/runner/dist/index.js:157:11
    at [90mfile:///Users/darhlilove/Documents/Production%20Apps/Others/splice/[39mnode_modules/[4m.pnpm[24m/@vitest+runner@4.0.9/node_modules/[4m@vitest[24m/runner/dist/index.js:753:26
    at [90mfile:///Users/darhlilove/Documents/Production%20Apps/Others/splice/[39mnode_modules/[4m.pnpm[24m/@vitest+runner@4.0.9/node_modules/[4m@vitest[24m/runner/dist/index.js:1636:20
    at new Promise (<anonymous>)
    at runWithTimeout [90m(file:///Users/darhlilove/Documents/Production%20Apps/Others/splice/[39mnode_modules/[4m.pnpm[24m/@vitest+runner@4.0.9/node_modules/[4m@vitest[24m/runner/dist/index.js:1602:10[90m)[39m
    at runTest [90m(file:///Users/darhlilove/Documents/Production%20Apps/Others/splice/[39mnode_modules/[4m.pnpm[24m/@vitest+runner@4.0.9/node_modules/[4m@vitest[24m/runner/dist/index.js:1309:12[90m)[39m
[90m    at processTicksAndRejections (node:internal/process/task_queues:105:5)[39m

 [32m✓[39m tests/schema-example.test.ts [2m([22m[2m28 tests[22m[2m)[22m[32m 11[2mms[22m[39m
 [32m✓[39m tests/parameter-input.test.tsx [2m([22m[2m9 tests[22m[2m)[22m[32m 99[2mms[22m[39m
 [32m✓[39m tests/request-storage.test.ts [2m([22m[2m12 tests[22m[2m)[22m[32m 6[2mms[22m[39m
[90mstderr[2m | tests/quick-demo.test.tsx[2m > [22m[2mQuickDemo Component[2m > [22m[2mshows completion message when demo finishes
[22m[39m[QuickDemo] Failed to start mock server: Error: No spec loaded
    at Object.action [90m(/Users/darhlilove/Documents/Production Apps/Others/splice/[39mapps/web/components/QuickDemo.tsx:142:15[90m)[39m
    at [90m/Users/darhlilove/Documents/Production Apps/Others/splice/[39mapps/web/components/QuickDemo.tsx:302:20
[QuickDemo] Continuing demo without mock server

[90mstderr[2m | tests/mock-server-integration.test.ts[2m > [22m[2mMock Server Integration Tests[2m > [22m[2mFull Server Lifecycle[2m > [22m[2mshould stop running server
[22m[39mPort 4010 conflict detected (attempt 1/10), trying next port...

 [32m✓[39m tests/recent-specs-storage.test.ts [2m([22m[2m10 tests[22m[2m)[22m[32m 9[2mms[22m[39m
 [32m✓[39m tests/workflow-context.test.tsx [2m([22m[2m16 tests[22m[2m)[22m[32m 44[2mms[22m[39m
[90mstdout[2m | tests/sdk-generation-error-scenarios.test.ts[2m > [22m[2mSDK Generation Error Scenarios[2m > [22m[2mInvalid Spec Handling[2m > [22m[2mshould handle spec with missing required fields
[22m[39m[SDKGenerator] Starting generation sdk-1764113536533-4x0zgwk
  Package: test-sdk@1.0.0
  Language: typescript
  Spec Info: Unknown vUnknown

[90mstderr[2m | tests/sdk-generation-error-scenarios.test.ts[2m > [22m[2mSDK Generation Error Scenarios[2m > [22m[2mInvalid Spec Handling[2m > [22m[2mshould handle spec with missing required fields
[22m[39m[SDKGenerator] OpenAPI Generator CLI not found

[90mstderr[2m | tests/sdk-generation-error-scenarios.test.ts[2m > [22m[2mSDK Generation Error Scenarios[2m > [22m[2mInvalid Spec Handling[2m > [22m[2mshould handle spec with missing required fields
[22m[39m[SDKGenerator] OpenAPI Generator not available

[90mstdout[2m | tests/sdk-generation-error-scenarios.test.ts[2m > [22m[2mSDK Generation Error Scenarios[2m > [22m[2mInvalid Spec Handling[2m > [22m[2mshould handle spec with missing required fields
[22m[39m[SDKGenerator Metrics] Generation sdk-1764113536533-4x0zgwk
  Duration: 0.01s
  Success: false
  Active Generations: 0
  Error: OpenAPI Generator not available
  Memory Usage:
    RSS: 122.72 MB
    Heap Used: 36.19 MB
    Heap Total: 58.22 MB

[90mstdout[2m | tests/sdk-generation-error-scenarios.test.ts[2m > [22m[2mSDK Generation Error Scenarios[2m > [22m[2mInvalid Spec Handling[2m > [22m[2mshould handle spec with invalid path format
[22m[39m[SDKGenerator] Starting generation sdk-1764113536547-cd2s4t0
  Package: test-sdk@1.0.0
  Language: typescript
  Spec Info: Test v1.0.0

[90mstdout[2m | tests/sdk-generation-error-scenarios.test.ts[2m > [22m[2mSDK Generation Error Scenarios[2m > [22m[2mInvalid Spec Handling[2m > [22m[2mshould handle spec with invalid path format
[22m[39m[SDKGenerator Metrics] Generation sdk-1764113536547-cd2s4t0
  Duration: 0.00s
  Success: false
  Active Generations: 0
  Error: OpenAPI Generator not available
  Memory Usage:
    RSS: 122.86 MB
    Heap Used: 36.33 MB
    Heap Total: 58.22 MB

[90mstderr[2m | tests/sdk-generation-error-scenarios.test.ts[2m > [22m[2mSDK Generation Error Scenarios[2m > [22m[2mInvalid Spec Handling[2m > [22m[2mshould handle spec with invalid path format
[22m[39m[SDKGenerator] OpenAPI Generator not available

[90mstdout[2m | tests/sdk-generation-error-scenarios.test.ts[2m > [22m[2mSDK Generation Error Scenarios[2m > [22m[2mInvalid Spec Handling[2m > [22m[2mshould handle spec with no operations
[22m[39m[SDKGenerator] Starting generation sdk-1764113536548-jc7l9nz
  Package: test-sdk@1.0.0
  Language: typescript
  Spec Info: Test v1.0.0

[90mstdout[2m | tests/sdk-generation-error-scenarios.test.ts[2m > [22m[2mSDK Generation Error Scenarios[2m > [22m[2mInvalid Spec Handling[2m > [22m[2mshould handle spec with no operations
[22m[39m[SDKGenerator Metrics] Generation sdk-1764113536548-jc7l9nz
  Duration: 0.00s
  Success: false
  Active Generations: 0
  Error: OpenAPI Generator not available
  Memory Usage:
    RSS: 122.95 MB
    Heap Used: 36.43 MB
    Heap Total: 58.22 MB

[90mstderr[2m | tests/sdk-generation-error-scenarios.test.ts[2m > [22m[2mSDK Generation Error Scenarios[2m > [22m[2mInvalid Spec Handling[2m > [22m[2mshould handle spec with no operations
[22m[39m[SDKGenerator] OpenAPI Generator not available

[90mstdout[2m | tests/sdk-generation-error-scenarios.test.ts[2m > [22m[2mSDK Generation Error Scenarios[2m > [22m[2mInvalid Config Handling[2m > [22m[2mshould handle invalid package name
[22m[39m[SDKGenerator] Starting generation sdk-1764113536549-xpxyhsf
  Package: INVALID PACKAGE NAME@1.0.0
  Language: typescript
  Spec Info: Test API v1.0.0

[90mstderr[2m | tests/sdk-generation-error-scenarios.test.ts[2m > [22m[2mSDK Generation Error Scenarios[2m > [22m[2mInvalid Config Handling[2m > [22m[2mshould handle invalid package name
[22m[39m[SDKGenerator] OpenAPI Generator not available

[90mstdout[2m | tests/sdk-generation-error-scenarios.test.ts[2m > [22m[2mSDK Generation Error Scenarios[2m > [22m[2mInvalid Config Handling[2m > [22m[2mshould handle invalid package name
[22m[39m[SDKGenerator Metrics] Generation sdk-1764113536549-xpxyhsf
  Duration: 0.00s
  Success: false
  Active Generations: 0
  Error: OpenAPI Generator not available
  Memory Usage:
    RSS: 123.09 MB
    Heap Used: 36.56 MB
    Heap Total: 58.22 MB

[90mstdout[2m | tests/sdk-generation-error-scenarios.test.ts[2m > [22m[2mSDK Generation Error Scenarios[2m > [22m[2mInvalid Config Handling[2m > [22m[2mshould handle invalid version format
[22m[39m[SDKGenerator] Starting generation sdk-1764113536550-kwo8e5x
  Package: test-sdk@not-a-version
  Language: typescript
  Spec Info: Test API v1.0.0

[90mstdout[2m | tests/sdk-generation-error-scenarios.test.ts[2m > [22m[2mSDK Generation Error Scenarios[2m > [22m[2mInvalid Config Handling[2m > [22m[2mshould handle invalid version format
[22m[39m[SDKGenerator Metrics] Generation sdk-1764113536550-kwo8e5x
  Duration: 0.00s
  Success: false
  Active Generations: 0
  Error: OpenAPI Generator not available
  Memory Usage:
    RSS: 123.17 MB
    Heap Used: 36.66 MB
    Heap Total: 58.22 MB

[90mstderr[2m | tests/sdk-generation-error-scenarios.test.ts[2m > [22m[2mSDK Generation Error Scenarios[2m > [22m[2mInvalid Config Handling[2m > [22m[2mshould handle invalid version format
[22m[39m[SDKGenerator] OpenAPI Generator not available

[90mstdout[2m | tests/sdk-generation-error-scenarios.test.ts[2m > [22m[2mSDK Generation Error Scenarios[2m > [22m[2mInvalid Config Handling[2m > [22m[2mshould handle empty package name
[22m[39m[SDKGenerator] Starting generation sdk-1764113536550-tza5r4r
  Package: @1.0.0
  Language: typescript
  Spec Info: Test API v1.0.0

[90mstdout[2m | tests/sdk-generation-error-scenarios.test.ts[2m > [22m[2mSDK Generation Error Scenarios[2m > [22m[2mInvalid Config Handling[2m > [22m[2mshould handle empty package name
[22m[39m[SDKGenerator Metrics] Generation sdk-1764113536550-tza5r4r
  Duration: 0.00s
  Success: false
  Active Generations: 0
  Error: OpenAPI Generator not available
  Memory Usage:
    RSS: 123.30 MB
    Heap Used: 36.77 MB
    Heap Total: 58.22 MB

[90mstderr[2m | tests/sdk-generation-error-scenarios.test.ts[2m > [22m[2mSDK Generation Error Scenarios[2m > [22m[2mInvalid Config Handling[2m > [22m[2mshould handle empty package name
[22m[39m[SDKGenerator] OpenAPI Generator not available

[90mstdout[2m | tests/sdk-generation-error-scenarios.test.ts[2m > [22m[2mSDK Generation Error Scenarios[2m > [22m[2mInvalid Config Handling[2m > [22m[2mshould handle invalid description length
[22m[39m[SDKGenerator] Starting generation sdk-1764113536551-n99i14m
  Package: test-sdk@1.0.0
  Language: typescript
  Spec Info: Test API v1.0.0

[90mstdout[2m | tests/sdk-generation-error-scenarios.test.ts[2m > [22m[2mSDK Generation Error Scenarios[2m > [22m[2mInvalid Config Handling[2m > [22m[2mshould handle invalid description length
[22m[39m[SDKGenerator Metrics] Generation sdk-1764113536551-n99i14m
  Duration: 0.00s
  Success: false
  Active Generations: 0
  Error: OpenAPI Generator not available
  Memory Usage:
    RSS: 123.41 MB
    Heap Used: 36.85 MB
    Heap Total: 58.22 MB

[90mstderr[2m | tests/sdk-generation-error-scenarios.test.ts[2m > [22m[2mSDK Generation Error Scenarios[2m > [22m[2mInvalid Config Handling[2m > [22m[2mshould handle invalid description length
[22m[39m[SDKGenerator] OpenAPI Generator not available

[90mstdout[2m | tests/sdk-generation-error-scenarios.test.ts[2m > [22m[2mSDK Generation Error Scenarios[2m > [22m[2mConcurrent Generation Limiting[2m > [22m[2mshould enforce concurrent generation limit
[22m[39m[SDKGenerator] Starting generation sdk-1764113536551-8n2srrs
  Package: test-sdk-0@1.0.0
  Language: typescript
  Spec Info: Test API v1.0.0
[SDKGenerator] Starting generation sdk-1764113536551-mz24kye
  Package: test-sdk-1@1.0.0
  Language: typescript
  Spec Info: Test API v1.0.0
[SDKGenerator] Starting generation sdk-1764113536551-vqv0uq2
  Package: test-sdk-2@1.0.0
  Language: typescript
  Spec Info: Test API v1.0.0
[SDKGenerator] Starting generation sdk-1764113536551-lqnueph
  Package: test-sdk-3@1.0.0
  Language: typescript
  Spec Info: Test API v1.0.0
[SDKGenerator] Starting generation sdk-1764113536551-ecwwlzl
  Package: test-sdk-4@1.0.0
  Language: typescript
  Spec Info: Test API v1.0.0
[SDKGenerator Metrics] Generation sdk-1764113536551-8n2srrs
  Duration: 0.00s
  Success: false
  Active Generations: 0
  Error: OpenAPI Generator not available
  Memory Usage:
    RSS: 123.58 MB
    Heap Used: 36.98 MB
    Heap Total: 58.22 MB
[SDKGenerator Metrics] Generation sdk-1764113536551-mz24kye
  Duration: 0.00s
  Success: false
  Active Generations: 0
  Error: OpenAPI Generator not available
  Memory Usage:
    RSS: 123.59 MB
    Heap Used: 36.99 MB
    Heap Total: 58.22 MB
[SDKGenerator Metrics] Generation sdk-1764113536551-vqv0uq2
  Duration: 0.00s
  Success: false
  Active Generations: 0
  Error: OpenAPI Generator not available
  Memory Usage:
    RSS: 123.59 MB
    Heap Used: 37.01 MB
    Heap Total: 58.22 MB
[SDKGenerator Metrics] Generation sdk-1764113536551-lqnueph
  Duration: 0.00s
  Success: false
  Active Generations: 0
  Error: OpenAPI Generator not available
  Memory Usage:
    RSS: 123.61 MB
    Heap Used: 37.02 MB
    Heap Total: 58.22 MB
[SDKGenerator Metrics] Generation sdk-1764113536551-ecwwlzl
  Duration: 0.00s
  Success: false
  Active Generations: 0
  Error: OpenAPI Generator not available
  Memory Usage:
    RSS: 123.63 MB
    Heap Used: 37.04 MB
    Heap Total: 58.22 MB

[90mstderr[2m | tests/sdk-generation-error-scenarios.test.ts[2m > [22m[2mSDK Generation Error Scenarios[2m > [22m[2mConcurrent Generation Limiting[2m > [22m[2mshould enforce concurrent generation limit
[22m[39m[SDKGenerator] OpenAPI Generator not available
[SDKGenerator] OpenAPI Generator not available
[SDKGenerator] OpenAPI Generator not available
[SDKGenerator] OpenAPI Generator not available
[SDKGenerator] OpenAPI Generator not available

[90mstdout[2m | tests/sdk-generation-error-scenarios.test.ts[2m > [22m[2mSDK Generation Error Scenarios[2m > [22m[2mOpenAPI Generator Availability[2m > [22m[2mshould provide installation instructions when generator not available
[22m[39m[SDKGenerator] Starting generation sdk-1764113536552-5av960l
  Package: test-sdk@1.0.0
  Language: typescript
  Spec Info: Test API v1.0.0

[90mstdout[2m | tests/sdk-generation-error-scenarios.test.ts[2m > [22m[2mSDK Generation Error Scenarios[2m > [22m[2mOpenAPI Generator Availability[2m > [22m[2mshould provide installation instructions when generator not available
[22m[39m[SDKGenerator Metrics] Generation sdk-1764113536552-5av960l
  Duration: 0.00s
  Success: false
  Active Generations: 0
  Error: OpenAPI Generator not available
  Memory Usage:
    RSS: 123.83 MB
    Heap Used: 37.24 MB
    Heap Total: 58.22 MB

[90mstderr[2m | tests/sdk-generation-error-scenarios.test.ts[2m > [22m[2mSDK Generation Error Scenarios[2m > [22m[2mOpenAPI Generator Availability[2m > [22m[2mshould provide installation instructions when generator not available
[22m[39m[SDKGenerator] OpenAPI Generator not available

[90mstdout[2m | tests/sdk-generation-error-scenarios.test.ts[2m > [22m[2mSDK Generation Error Scenarios[2m > [22m[2mProgress Tracking[2m > [22m[2mshould provide progress updates during generation
[22m[39m[SDKGenerator] Starting generation sdk-1764113536552-9wp0sng
  Package: test-progress@1.0.0
  Language: typescript
  Spec Info: Test API v1.0.0

[90mstdout[2m | tests/sdk-generation-error-scenarios.test.ts[2m > [22m[2mSDK Generation Error Scenarios[2m > [22m[2mProgress Tracking[2m > [22m[2mshould provide progress updates during generation
[22m[39m[SDKGenerator Metrics] Generation sdk-1764113536552-9wp0sng
  Duration: 0.00s
  Success: false
  Active Generations: 0
  Error: OpenAPI Generator not available
  Memory Usage:
    RSS: 123.95 MB
    Heap Used: 37.35 MB
    Heap Total: 58.22 MB

[90mstderr[2m | tests/sdk-generation-error-scenarios.test.ts[2m > [22m[2mSDK Generation Error Scenarios[2m > [22m[2mProgress Tracking[2m > [22m[2mshould provide progress updates during generation
[22m[39m[SDKGenerator] OpenAPI Generator not available

[90mstdout[2m | tests/sdk-generation-error-scenarios.test.ts[2m > [22m[2mSDK Generation Error Scenarios[2m > [22m[2mError Message Quality[2m > [22m[2mshould provide clear error messages for validation failures
[22m[39m[SDKGenerator] Starting generation sdk-1764113536552-3w7v1zp
  Package: test-sdk@1.0.0
  Language: typescript
  Spec Info: Unknown vUnknown

[90mstdout[2m | tests/sdk-generation-error-scenarios.test.ts[2m > [22m[2mSDK Generation Error Scenarios[2m > [22m[2mError Message Quality[2m > [22m[2mshould provide clear error messages for validation failures
[22m[39m[SDKGenerator Metrics] Generation sdk-1764113536552-3w7v1zp
  Duration: 0.00s
  Success: false
  Active Generations: 0
  Error: OpenAPI Generator not available
  Memory Usage:
    RSS: 124.05 MB
    Heap Used: 37.43 MB
    Heap Total: 58.22 MB

[90mstderr[2m | tests/sdk-generation-error-scenarios.test.ts[2m > [22m[2mSDK Generation Error Scenarios[2m > [22m[2mError Message Quality[2m > [22m[2mshould provide clear error messages for validation failures
[22m[39m[SDKGenerator] OpenAPI Generator not available

[90mstdout[2m | tests/sdk-generation-error-scenarios.test.ts[2m > [22m[2mSDK Generation Error Scenarios[2m > [22m[2mError Message Quality[2m > [22m[2mshould provide actionable error messages
[22m[39m[SDKGenerator] Starting generation sdk-1764113536552-5ldeg34
  Package: INVALID@bad-version
  Language: typescript
  Spec Info: Test v1.0.0

[90mstdout[2m | tests/sdk-generation-error-scenarios.test.ts[2m > [22m[2mSDK Generation Error Scenarios[2m > [22m[2mError Message Quality[2m > [22m[2mshould provide actionable error messages
[22m[39m[SDKGenerator Metrics] Generation sdk-1764113536552-5ldeg34
  Duration: 0.00s
  Success: false
  Active Generations: 0
  Error: OpenAPI Generator not available
  Memory Usage:
    RSS: 124.16 MB
    Heap Used: 37.52 MB
    Heap Total: 58.22 MB

[90mstderr[2m | tests/sdk-generation-error-scenarios.test.ts[2m > [22m[2mSDK Generation Error Scenarios[2m > [22m[2mError Message Quality[2m > [22m[2mshould provide actionable error messages
[22m[39m[SDKGenerator] OpenAPI Generator not available

 [32m✓[39m tests/sdk-generation-error-scenarios.test.ts [2m([22m[2m13 tests[22m[2m)[22m[32m 21[2mms[22m[39m
 [32m✓[39m tests/sdk-config-validator.test.ts [2m([22m[2m58 tests[22m[2m)[22m[32m 14[2mms[22m[39m
[90mstdout[2m | tests/quick-demo.test.tsx[2m > [22m[2mQuickDemo Component[2m > [22m[2mshows completion message when demo finishes
[22m[39m[QuickDemo] Started mock server

 [32m✓[39m tests/sdk-workflow-integration.test.ts [2m([22m[2m11 tests[22m[2m)[22m[32m 12[2mms[22m[39m
 [32m✓[39m tests/request-state.test.ts [2m([22m[2m12 tests[22m[2m)[22m[32m 6[2mms[22m[39m
 [32m✓[39m tests/parameter-validation.test.ts [2m([22m[2m20 tests[22m[2m)[22m[32m 4[2mms[22m[39m
 [32m✓[39m packages/openapi/src/__tests__/mock-manager-error-parsing.test.ts [2m([22m[2m3 tests[22m[2m)[22m[32m 3[2mms[22m[39m
[90mstdout[2m | tests/mock-server-integration.test.ts[2m > [22m[2mMock Server Integration Tests[2m > [22m[2mFull Server Lifecycle[2m > [22m[2mshould stop running server
[22m[39m[Prism petstore-stop-test] Process exited with code null and signal SIGTERM after 0.00s

[90mstderr[2m | tests/mock-server-integration.test.ts[2m > [22m[2mMock Server Integration Tests[2m > [22m[2mFull Server Lifecycle[2m > [22m[2mshould stop running server
[22m[39m[Prism petstore-stop-test] CRASH DETECTED: {
  reason: [32m'Process terminated by signal SIGTERM'[39m,
  exitCode: [1mnull[22m,
  signal: [32m'SIGTERM'[39m,
  uptime: [32m'0.00s'[39m,
  pid: [33m8297[39m,
  timestamp: [32m'2025-11-25T23:32:17.610Z'[39m
}

 [2m[90m↓[39m[22m tests/sdk-generation-integration.test.ts [2m([22m[2m5 tests[22m[2m | [22m[33m5 skipped[39m[2m)[22m
[90mstderr[2m | tests/quick-demo.test.tsx[2m > [22m[2mQuickDemo Component[2m > [22m[2mshows completion message when demo finishes
[22m[39m[QuickDemo] Failed to start mock server: TypeError: Cannot read properties of undefined (reading 'ok')
    at Object.action [90m(/Users/darhlilove/Documents/Production Apps/Others/splice/[39mapps/web/components/QuickDemo.tsx:158:21[90m)[39m
    at [90m/Users/darhlilove/Documents/Production Apps/Others/splice/[39mapps/web/components/QuickDemo.tsx:302:9
[QuickDemo] Continuing demo without mock server

[90mstderr[2m | tests/mock-server-integration.test.ts[2m > [22m[2mMock Server Integration Tests[2m > [22m[2mFull Server Lifecycle[2m > [22m[2mshould handle multiple start/stop cycles
[22m[39mPort 4010 conflict detected (attempt 1/10), trying next port...

 [31m❯[39m tests/sdk-config-form.test.tsx [2m([22m[2m28 tests[22m[2m | [22m[31m3 failed[39m[2m)[22m[33m 10461[2mms[22m[39m
       [32m✓[39m should render all required form fields[32m 100[2mms[22m[39m
       [32m✓[39m should render submit button[32m 45[2mms[22m[39m
       [32m✓[39m should display helpful placeholder text - Requirements: 1.4[32m 30[2mms[22m[39m
       [32m✓[39m should render with initial config values[32m 26[2mms[22m[39m
       [32m✓[39m should show loading state when loading prop is true[32m 25[2mms[22m[39m
       [33m[2m✓[22m[39m should validate package name on blur - Requirements: 1.2 [33m 322[2mms[22m[39m
       [32m✓[39m should show error for empty package name - Requirements: 1.2[32m 223[2mms[22m[39m
       [33m[2m✓[22m[39m should show error for package name with invalid characters - Requirements: 1.2 [33m 550[2mms[22m[39m
       [32m✓[39m should show error for package name starting with hyphen - Requirements: 1.2[32m 211[2mms[22m[39m
       [32m✓[39m should accept valid package name - Requirements: 1.2[32m 300[2mms[22m[39m
       [32m✓[39m should validate version on blur - Requirements: 1.3[32m 166[2mms[22m[39m
       [32m✓[39m should show error for empty version - Requirements: 1.3[32m 97[2mms[22m[39m
       [32m✓[39m should accept valid semantic version - Requirements: 1.3[32m 216[2mms[22m[39m
       [32m✓[39m should accept semantic version with pre-release suffix - Requirements: 1.3[32m 195[2mms[22m[39m
[31m       [31m×[31m should enforce 500 character limit on description - Requirements: 1.4[39m[33m 5007[2mms[22m[39m
[31m       [31m×[31m should display character count for description - Requirements: 1.4[39m[32m 178[2mms[22m[39m
       [32m✓[39m should disable submit button when form is invalid - Requirements: 1.5[32m 16[2mms[22m[39m
       [32m✓[39m should enable submit button when form is valid - Requirements: 1.5[32m 221[2mms[22m[39m
[31m       [31m×[31m should call onSubmit with valid config - Requirements: 1.5[39m[33m 1923[2mms[22m[39m
       [32m✓[39m should not call onSubmit when form is invalid - Requirements: 1.5[32m 118[2mms[22m[39m
       [32m✓[39m should omit optional fields if not provided - Requirements: 1.5[32m 129[2mms[22m[39m
       [32m✓[39m should validate all fields on submit - Requirements: 1.5[32m 88[2mms[22m[39m
       [32m✓[39m should display inline error for invalid package name - Requirements: 1.2[32m 55[2mms[22m[39m
       [32m✓[39m should display inline error for invalid version - Requirements: 1.3[32m 41[2mms[22m[39m
       [32m✓[39m should clear error when field becomes valid - Requirements: 1.2[32m 112[2mms[22m[39m
       [32m✓[39m should highlight invalid fields with border color - Requirements: 1.2, 1.3[32m 48[2mms[22m[39m
       [32m✓[39m should show TypeScript as selected language[32m 6[2mms[22m[39m
       [32m✓[39m should disable form fields when loading[32m 9[2mms[22m[39m
[90mstdout[2m | tests/mock-server-integration.test.ts[2m > [22m[2mMock Server Integration Tests[2m > [22m[2mFull Server Lifecycle[2m > [22m[2mshould handle multiple start/stop cycles
[22m[39m[Prism petstore-cycle-test] Process exited with code null and signal SIGTERM after 0.00s

[90mstderr[2m | tests/mock-server-integration.test.ts[2m > [22m[2mMock Server Integration Tests[2m > [22m[2mFull Server Lifecycle[2m > [22m[2mshould handle multiple start/stop cycles
[22m[39m[Prism petstore-cycle-test] CRASH DETECTED: {
  reason: [32m'Process terminated by signal SIGTERM'[39m,
  exitCode: [1mnull[22m,
  signal: [32m'SIGTERM'[39m,
  uptime: [32m'0.00s'[39m,
  pid: [33m8321[39m,
  timestamp: [32m'2025-11-25T23:32:19.157Z'[39m
}

[90mstderr[2m | tests/mock-server-integration.test.ts[2m > [22m[2mMock Server Integration Tests[2m > [22m[2mFull Server Lifecycle[2m > [22m[2mshould handle multiple start/stop cycles
[22m[39mPort 4010 conflict detected (attempt 1/10), trying next port...

[90mstdout[2m | tests/mock-server-integration.test.ts[2m > [22m[2mMock Server Integration Tests[2m > [22m[2mFull Server Lifecycle[2m > [22m[2mshould handle multiple start/stop cycles
[22m[39m[Prism petstore-cycle-test] Process exited with code null and signal SIGTERM after 0.00s

[90mstderr[2m | tests/mock-server-integration.test.ts[2m > [22m[2mMock Server Integration Tests[2m > [22m[2mFull Server Lifecycle[2m > [22m[2mshould handle multiple start/stop cycles
[22m[39m[Prism petstore-cycle-test] CRASH DETECTED: {
  reason: [32m'Process terminated by signal SIGTERM'[39m,
  exitCode: [1mnull[22m,
  signal: [32m'SIGTERM'[39m,
  uptime: [32m'0.00s'[39m,
  pid: [33m8339[39m,
  timestamp: [32m'2025-11-25T23:32:20.602Z'[39m
}

[90mstderr[2m | tests/mock-server-integration.test.ts[2m > [22m[2mMock Server Integration Tests[2m > [22m[2mRequest Routing[2m > [22m[2mshould route requests to mock server
[22m[39mPort 4010 conflict detected (attempt 1/10), trying next port...

[90mstdout[2m | tests/quick-demo.test.tsx[2m > [22m[2mQuickDemo Component[2m > [22m[2mshows completion message when demo finishes
[22m[39m[QuickDemo] Executed sample request

[90mstdout[2m | tests/quick-demo.test.tsx[2m > [22m[2mQuickDemo Component[2m > [22m[2mshows completion message when demo finishes
[22m[39m[QuickDemo] Executed sample request

[90mstdout[2m | tests/mock-server-integration.test.ts[2m > [22m[2mMock Server Integration Tests[2m > [22m[2mRequest Routing[2m > [22m[2mshould route requests to mock server
[22m[39m[Prism petstore-routing-test]: [6:32:23 PM] › [HTTP SERVER] get /pets ℹ  info      Request received

GET http://localhost:4011/pets 404 (Not Found)
[90mstderr[2m | tests/mock-server-integration.test.ts[2m > [22m[2mMock Server Integration Tests[2m > [22m[2mRequest Routing[2m > [22m[2mshould route requests to mock server
[22m[39mRequest to mock server failed: Request failed with status code 404

[90mstdout[2m | tests/mock-server-integration.test.ts[2m > [22m[2mMock Server Integration Tests[2m > [22m[2mRequest Routing[2m > [22m[2mshould handle different HTTP methods
[22m[39m[Prism petstore-routing-test]: [6:32:23 PM] › [HTTP SERVER] get /pets ✖  error     Request terminated with error: https://stoplight.io/prism/errors#NO_PATH_MATCHED_ERROR: Route not resolved, no path matched

[90mstdout[2m | tests/quick-demo.test.tsx[2m > [22m[2mQuickDemo Component[2m > [22m[2mshows completion message when demo finishes
[22m[39m[QuickDemo] Executed sample request

[90mstderr[2m | tests/mock-server-integration.test.ts[2m > [22m[2mMock Server Integration Tests[2m > [22m[2mRequest Routing[2m > [22m[2mshould handle different HTTP methods
[22m[39mPort 4010 conflict detected (attempt 1/10), trying next port...

[90mstderr[2m | tests/mock-server-integration.test.ts[2m > [22m[2mMock Server Integration Tests[2m > [22m[2mRequest Routing[2m > [22m[2mshould handle different HTTP methods
[22m[39mPort 4011 conflict detected (attempt 2/10), trying next port...

[90mstderr[2m | tests/quick-demo.test.tsx[2m > [22m[2mQuickDemo Component[2m > [22m[2mshows completion message when demo finishes
[22m[39m[QuickDemo] Failed to generate SDK: Error: No spec loaded
    at Object.action [90m(/Users/darhlilove/Documents/Production Apps/Others/splice/[39mapps/web/components/QuickDemo.tsx:208:15[90m)[39m
    at [90m/Users/darhlilove/Documents/Production Apps/Others/splice/[39mapps/web/components/QuickDemo.tsx:302:9

[90mstderr[2m | tests/quick-demo.test.tsx[2m > [22m[2mQuickDemo Component[2m > [22m[2mshows completion message when demo finishes
[22m[39m[QuickDemo] Demo failed: Error: Failed to generate SDK
    at Object.action [90m(/Users/darhlilove/Documents/Production Apps/Others/splice/[39mapps/web/components/QuickDemo.tsx:230:13[90m)[39m
    at [90m/Users/darhlilove/Documents/Production Apps/Others/splice/[39mapps/web/components/QuickDemo.tsx:302:9

[90mstdout[2m | tests/mock-server-integration.test.ts[2m > [22m[2mMock Server Integration Tests[2m > [22m[2mRequest Routing[2m > [22m[2mshould handle different HTTP methods
[22m[39m[Prism petstore-methods-test]: [6:32:28 PM] › [HTTP SERVER] get /pets ℹ  info      Request received

GET http://localhost:4012/pets 404 (Not Found)
[90mstderr[2m | tests/mock-server-integration.test.ts[2m > [22m[2mMock Server Integration Tests[2m > [22m[2mRequest Routing[2m > [22m[2mshould handle different HTTP methods
[22m[39mHTTP method test failed: Request failed with status code 404

[90mstdout[2m | tests/mock-server-integration.test.ts[2m > [22m[2mMock Server Integration Tests[2m > [22m[2mError Recovery[2m > [22m[2mshould handle invalid spec path
[22m[39m[Prism petstore-methods-test]: [6:32:28 PM] › [HTTP SERVER] get /pets ✖  error     Request terminated with error: https://stoplight.io/prism/errors#NO_PATH_MATCHED_ERROR: Route not resolved, no path matched

[90mstdout[2m | tests/quick-demo.test.tsx[2m > [22m[2mQuickDemo Component[2m > [22m[2mshows completion message when demo finishes
[22m[39m[QuickDemo] Generated sample SDK

[90mstderr[2m | tests/mock-server-integration.test.ts[2m > [22m[2mMock Server Integration Tests[2m > [22m[2mError Recovery[2m > [22m[2mshould handle invalid spec path
[22m[39m[Prism invalid-spec-test] Raw error: {
  stack: 'ResolverError: Error opening file "/nonexistent/spec.json" \n' +
    "ENOENT: no such file or directory, open '/nonexistent/spec.json'\n" +
    '    at ReadFileContext.callback (/Users/darhlilove/.nvm/versions/node/v22.19.0/lib/node_modules/@stoplight/prism-cli/node_modules/@stoplight/json-schema-ref-parser/lib/resolvers/file.js:52:20)\n' +
    '    at FSReqCallback.readFileAfterOpen [as oncomplete] (node:fs:298:13)',
  code: 'ERESOLVER',
  message: 'Error opening file "/nonexistent/spec.json" \n' +
    "ENOENT: no such file or directory, open '/nonexistent/spec.json'",
  source: '/nonexistent/spec.json',
  path: null,
  toJSON: [Function: toJSON],
  ioErrorCode: 'ENOENT',
  name: 'ResolverError',
  toString: [Function: toString]
}


[90mstdout[2m | tests/mock-server-integration.test.ts[2m > [22m[2mMock Server Integration Tests[2m > [22m[2mError Recovery[2m > [22m[2mshould handle invalid spec path
[22m[39m[Prism invalid-spec-test] Parsed error: Invalid OpenAPI specification: Unable to resolve schema references. Please check that all $ref pointers are valid.

[90mstdout[2m | tests/quick-demo.test.tsx[2m > [22m[2mQuickDemo Component[2m > [22m[2mshows completion message when demo finishes
[22m[39m[QuickDemo] Generated sample SDK

[90mstderr[2m | tests/mock-server-integration.test.ts[2m > [22m[2mMock Server Integration Tests[2m > [22m[2mError Recovery[2m > [22m[2mshould handle port conflicts gracefully
[22m[39mPort 4050 conflict detected (attempt 1/10), trying next port...

[90mstderr[2m | tests/mock-server-integration.test.ts[2m > [22m[2mMock Server Integration Tests[2m > [22m[2mError Recovery[2m > [22m[2mshould return existing server if already running
[22m[39mPort 4010 conflict detected (attempt 1/10), trying next port...

[90mstderr[2m | tests/mock-server-integration.test.ts[2m > [22m[2mMock Server Integration Tests[2m > [22m[2mError Recovery[2m > [22m[2mshould return existing server if already running
[22m[39mPort 4011 conflict detected (attempt 2/10), trying next port...

[90mstderr[2m | tests/mock-server-integration.test.ts[2m > [22m[2mMock Server Integration Tests[2m > [22m[2mError Recovery[2m > [22m[2mshould return existing server if already running
[22m[39mPort 4012 conflict detected (attempt 3/10), trying next port...

[90mstderr[2m | tests/mock-server-integration.test.ts[2m > [22m[2mMock Server Integration Tests[2m > [22m[2mConcurrent Server Management[2m > [22m[2mshould manage multiple servers simultaneously
[22m[39mPort 4010 conflict detected (attempt 1/10), trying next port...

[90mstderr[2m | tests/mock-server-integration.test.ts[2m > [22m[2mMock Server Integration Tests[2m > [22m[2mConcurrent Server Management[2m > [22m[2mshould manage multiple servers simultaneously
[22m[39mPort 4011 conflict detected (attempt 1/10), trying next port...

[90mstderr[2m | tests/mock-server-integration.test.ts[2m > [22m[2mMock Server Integration Tests[2m > [22m[2mConcurrent Server Management[2m > [22m[2mshould manage multiple servers simultaneously
[22m[39mPort 4011 conflict detected (attempt 2/10), trying next port...

[90mstderr[2m | tests/mock-server-integration.test.ts[2m > [22m[2mMock Server Integration Tests[2m > [22m[2mConcurrent Server Management[2m > [22m[2mshould manage multiple servers simultaneously
[22m[39mPort 4012 conflict detected (attempt 2/10), trying next port...

[90mstderr[2m | tests/mock-server-integration.test.ts[2m > [22m[2mMock Server Integration Tests[2m > [22m[2mConcurrent Server Management[2m > [22m[2mshould manage multiple servers simultaneously
[22m[39mPort 4012 conflict detected (attempt 3/10), trying next port...

[90mstderr[2m | tests/mock-server-integration.test.ts[2m > [22m[2mMock Server Integration Tests[2m > [22m[2mConcurrent Server Management[2m > [22m[2mshould manage multiple servers simultaneously
[22m[39mPort 4013 conflict detected (attempt 3/10), trying next port...

 [31m❯[39m tests/quick-demo.test.tsx [2m([22m[2m8 tests[22m[2m | [22m[31m2 failed[39m[2m)[22m[33m 27133[2mms[22m[39m
     [32m✓[39m renders the demo component with initial state[32m 73[2mms[22m[39m
     [32m✓[39m displays all demo steps[32m 43[2mms[22m[39m
     [32m✓[39m shows progress bar[32m 23[2mms[22m[39m
[31m     [31m×[31m starts demo when Start Demo button is clicked[39m[33m 1060[2mms[22m[39m
[31m     [31m×[31m calls onExit when exit button is clicked[39m[33m 1074[2mms[22m[39m
     [32m✓[39m displays error message when demo fails[32m 40[2mms[22m[39m
     [33m[2m✓[22m[39m shows completion message when demo finishes [33m 24812[2mms[22m[39m
     [32m✓[39m displays step count and progress percentage[32m 6[2mms[22m[39m
[90mstderr[2m | tests/mock-server-integration.test.ts[2m > [22m[2mMock Server Integration Tests[2m > [22m[2mConcurrent Server Management[2m > [22m[2mshould manage multiple servers simultaneously
[22m[39mPort 4013 conflict detected (attempt 4/10), trying next port...

[90mstderr[2m | tests/mock-server-integration.test.ts[2m > [22m[2mMock Server Integration Tests[2m > [22m[2mConcurrent Server Management[2m > [22m[2mshould manage multiple servers simultaneously
[22m[39mPort 4014 conflict detected (attempt 5/10), trying next port...

[90mstdout[2m | tests/mock-server-integration.test.ts[2m > [22m[2mMock Server Integration Tests[2m > [22m[2mConcurrent Server Management[2m > [22m[2mshould manage multiple servers simultaneously
[22m[39m[Prism petstore-concurrent-2] Process exited with code null and signal SIGTERM after 1.29s

[90mstderr[2m | tests/mock-server-integration.test.ts[2m > [22m[2mMock Server Integration Tests[2m > [22m[2mConcurrent Server Management[2m > [22m[2mshould manage multiple servers simultaneously
[22m[39m[Prism petstore-concurrent-2] CRASH DETECTED: {
  reason: [32m'Process terminated by signal SIGTERM'[39m,
  exitCode: [1mnull[22m,
  signal: [32m'SIGTERM'[39m,
  uptime: [32m'1.29s'[39m,
  pid: [33m8530[39m,
  timestamp: [32m'2025-11-25T23:32:37.405Z'[39m
}

[90mstdout[2m | tests/mock-server-integration.test.ts[2m > [22m[2mMock Server Integration Tests[2m > [22m[2mConcurrent Server Management[2m > [22m[2mshould manage multiple servers simultaneously
[22m[39m[Prism petstore-concurrent-1] Process exited with code null and signal SIGTERM after 0.00s

[90mstderr[2m | tests/mock-server-integration.test.ts[2m > [22m[2mMock Server Integration Tests[2m > [22m[2mConcurrent Server Management[2m > [22m[2mshould manage multiple servers simultaneously
[22m[39m[Prism petstore-concurrent-1] CRASH DETECTED: {
  reason: [32m'Process terminated by signal SIGTERM'[39m,
  exitCode: [1mnull[22m,
  signal: [32m'SIGTERM'[39m,
  uptime: [32m'0.00s'[39m,
  pid: [33m8548[39m,
  timestamp: [32m'2025-11-25T23:32:37.405Z'[39m
}

[90mstderr[2m | tests/mock-server-integration.test.ts[2m > [22m[2mMock Server Integration Tests[2m > [22m[2mServer Health Monitoring[2m > [22m[2mshould track server uptime
[22m[39mPort 4010 conflict detected (attempt 1/10), trying next port...

[90mstderr[2m | tests/mock-server-integration.test.ts[2m > [22m[2mMock Server Integration Tests[2m > [22m[2mServer Health Monitoring[2m > [22m[2mshould track server uptime
[22m[39mPort 4011 conflict detected (attempt 2/10), trying next port...

[90mstderr[2m | tests/mock-server-integration.test.ts[2m > [22m[2mMock Server Integration Tests[2m > [22m[2mServer Health Monitoring[2m > [22m[2mshould track server uptime
[22m[39mPort 4012 conflict detected (attempt 3/10), trying next port...

[90mstderr[2m | tests/mock-server-integration.test.ts[2m > [22m[2mMock Server Integration Tests[2m > [22m[2mServer Health Monitoring[2m > [22m[2mshould track server uptime
[22m[39mPort 4013 conflict detected (attempt 4/10), trying next port...

[90mstdout[2m | tests/mock-server-integration.test.ts[2m > [22m[2mMock Server Integration Tests
[22m[39m[Prism petstore-info-test] Process exited with code null and signal SIGTERM after 26.77s

[90mstderr[2m | tests/mock-server-integration.test.ts[2m > [22m[2mMock Server Integration Tests
[22m[39m[Prism petstore-info-test] CRASH DETECTED: {
  reason: [32m'Process terminated by signal SIGTERM'[39m,
  exitCode: [1mnull[22m,
  signal: [32m'SIGTERM'[39m,
  uptime: [32m'26.77s'[39m,
  pid: [33m8250[39m,
  timestamp: [32m'2025-11-25T23:32:41.624Z'[39m
}

[90mstdout[2m | tests/mock-server-integration.test.ts[2m > [22m[2mMock Server Integration Tests
[22m[39m[Prism petstore-routing-test] Process exited with code null and signal SIGTERM after 19.67s

[90mstderr[2m | tests/mock-server-integration.test.ts[2m > [22m[2mMock Server Integration Tests
[22m[39m[Prism petstore-routing-test] CRASH DETECTED: {
  reason: [32m'Process terminated by signal SIGTERM'[39m,
  exitCode: [1mnull[22m,
  signal: [32m'SIGTERM'[39m,
  uptime: [32m'19.67s'[39m,
  pid: [33m8357[39m,
  timestamp: [32m'2025-11-25T23:32:41.636Z'[39m
}

[90mstdout[2m | tests/mock-server-integration.test.ts[2m > [22m[2mMock Server Integration Tests
[22m[39m[Prism petstore-methods-test] Process exited with code null and signal SIGTERM after 15.59s

[90mstderr[2m | tests/mock-server-integration.test.ts[2m > [22m[2mMock Server Integration Tests
[22m[39m[Prism petstore-methods-test] CRASH DETECTED: {
  reason: [32m'Process terminated by signal SIGTERM'[39m,
  exitCode: [1mnull[22m,
  signal: [32m'SIGTERM'[39m,
  uptime: [32m'15.59s'[39m,
  pid: [33m8384[39m,
  timestamp: [32m'2025-11-25T23:32:41.642Z'[39m
}

[90mstdout[2m | tests/mock-server-integration.test.ts[2m > [22m[2mMock Server Integration Tests
[22m[39m[Prism petstore-port-test-1] Process exited with code null and signal SIGTERM after 12.27s

[90mstderr[2m | tests/mock-server-integration.test.ts[2m > [22m[2mMock Server Integration Tests
[22m[39m[Prism petstore-port-test-1] CRASH DETECTED: {
  reason: [32m'Process terminated by signal SIGTERM'[39m,
  exitCode: [1mnull[22m,
  signal: [32m'SIGTERM'[39m,
  uptime: [32m'12.27s'[39m,
  pid: [33m8402[39m,
  timestamp: [32m'2025-11-25T23:32:41.655Z'[39m
}

[90mstdout[2m | tests/mock-server-integration.test.ts[2m > [22m[2mMock Server Integration Tests
[22m[39m[Prism petstore-port-test-2] Process exited with code null and signal SIGTERM after 10.94s

[90mstderr[2m | tests/mock-server-integration.test.ts[2m > [22m[2mMock Server Integration Tests
[22m[39m[Prism petstore-port-test-2] CRASH DETECTED: {
  reason: [32m'Process terminated by signal SIGTERM'[39m,
  exitCode: [1mnull[22m,
  signal: [32m'SIGTERM'[39m,
  uptime: [32m'10.94s'[39m,
  pid: [33m8420[39m,
  timestamp: [32m'2025-11-25T23:32:41.660Z'[39m
}

[90mstdout[2m | tests/mock-server-integration.test.ts[2m > [22m[2mMock Server Integration Tests
[22m[39m[Prism petstore-existing-test] Process exited with code null and signal SIGTERM after 8.37s

[90mstderr[2m | tests/mock-server-integration.test.ts[2m > [22m[2mMock Server Integration Tests
[22m[39m[Prism petstore-existing-test] CRASH DETECTED: {
  reason: [32m'Process terminated by signal SIGTERM'[39m,
  exitCode: [1mnull[22m,
  signal: [32m'SIGTERM'[39m,
  uptime: [32m'8.37s'[39m,
  pid: [33m8458[39m,
  timestamp: [32m'2025-11-25T23:32:41.666Z'[39m
}

[90mstdout[2m | tests/mock-server-integration.test.ts[2m > [22m[2mMock Server Integration Tests
[22m[39m[Prism petstore-uptime-test] Process exited with code null and signal SIGTERM after 1.07s

[90mstderr[2m | tests/mock-server-integration.test.ts[2m > [22m[2mMock Server Integration Tests
[22m[39m[Prism petstore-uptime-test] CRASH DETECTED: {
  reason: [32m'Process terminated by signal SIGTERM'[39m,
  exitCode: [1mnull[22m,
  signal: [32m'SIGTERM'[39m,
  uptime: [32m'1.07s'[39m,
  pid: [33m8593[39m,
  timestamp: [32m'2025-11-25T23:32:41.670Z'[39m
}

 [32m✓[39m tests/mock-server-integration.test.ts [2m([22m[2m12 tests[22m[2m)[22m[33m 33574[2mms[22m[39m
       [33m[2m✓[22m[39m should start mock server successfully [33m 1679[2mms[22m[39m
       [33m[2m✓[22m[39m should retrieve server info after start [33m 2465[2mms[22m[39m
       [33m[2m✓[22m[39m should stop running server [33m 2760[2mms[22m[39m
       [33m[2m✓[22m[39m should handle multiple start/stop cycles [33m 2991[2mms[22m[39m
       [33m[2m✓[22m[39m should route requests to mock server [33m 3399[2mms[22m[39m
       [33m[2m✓[22m[39m should handle different HTTP methods [33m 4076[2mms[22m[39m
       [33m[2m✓[22m[39m should handle invalid spec path [33m 663[2mms[22m[39m
       [33m[2m✓[22m[39m should handle port conflicts gracefully [33m 1976[2mms[22m[39m
       [33m[2m✓[22m[39m should return existing server if already running [33m 2578[2mms[22m[39m
       [33m[2m✓[22m[39m should manage multiple servers simultaneously [33m 4109[2mms[22m[39m
       [33m[2m✓[22m[39m should track server uptime [33m 4200[2mms[22m[39m

[31m⎯⎯⎯⎯⎯⎯[39m[1m[41m Failed Tests 33 [49m[22m[31m⎯⎯⎯⎯⎯⎯⎯[39m

[41m[1m FAIL [22m[49m tests/body-validation.test.ts[2m > [22mvalidateRequestBody[2m > [22mRequired body validation[2m > [22mshould fail when required body is empty string
[31m[1mTypeError[22m: Cannot use 'in' operator to search for '$ref' in [39m
[36m [2m❯[22m validateValueAgainstSchema apps/web/lib/body-validation.ts:[2m81:7[22m[39m
    [90m 79| [39m
    [90m 80| [39m  [90m// Skip validation for $ref (would need schema resolution)[39m
    [90m 81| [39m  [35mif[39m ([32m"$ref"[39m [35min[39m schema [33m&&[39m schema[33m.[39m$ref) {
    [90m   | [39m      [31m^[39m
    [90m 82| [39m    [35mreturn[39m errors[33m;[39m
    [90m 83| [39m  }
[90m [2m❯[22m validateRequestBody apps/web/lib/body-validation.ts:[2m48:28[22m[39m
[90m [2m❯[22m tests/body-validation.test.ts:[2m21:22[22m[39m

[31m[2m⎯⎯⎯⎯⎯⎯⎯⎯⎯⎯⎯⎯⎯⎯⎯⎯⎯⎯⎯⎯⎯⎯⎯[1/33]⎯[22m[39m

[41m[1m FAIL [22m[49m tests/body-validation.test.ts[2m > [22mvalidateRequestBody[2m > [22mRequired body validation[2m > [22mshould pass when optional body is empty
[31m[1mTypeError[22m: Cannot use 'in' operator to search for '$ref' in {}[39m
[36m [2m❯[22m validateValueAgainstSchema apps/web/lib/body-validation.ts:[2m81:7[22m[39m
    [90m 79| [39m
    [90m 80| [39m  [90m// Skip validation for $ref (would need schema resolution)[39m
    [90m 81| [39m  [35mif[39m ([32m"$ref"[39m [35min[39m schema [33m&&[39m schema[33m.[39m$ref) {
    [90m   | [39m      [31m^[39m
    [90m 82| [39m    [35mreturn[39m errors[33m;[39m
    [90m 83| [39m  }
[90m [2m❯[22m validateRequestBody apps/web/lib/body-validation.ts:[2m48:28[22m[39m
[90m [2m❯[22m tests/body-validation.test.ts:[2m38:22[22m[39m

[31m[2m⎯⎯⎯⎯⎯⎯⎯⎯⎯⎯⎯⎯⎯⎯⎯⎯⎯⎯⎯⎯⎯⎯⎯[2/33]⎯[22m[39m

[41m[1m FAIL [22m[49m tests/body-validation.test.ts[2m > [22mvalidateRequestBody[2m > [22mJSON syntax validation[2m > [22mshould fail when JSON syntax is invalid
[31m[1mTypeError[22m: Cannot use 'in' operator to search for '$ref' in { invalid json }[39m
[36m [2m❯[22m validateValueAgainstSchema apps/web/lib/body-validation.ts:[2m81:7[22m[39m
    [90m 79| [39m
    [90m 80| [39m  [90m// Skip validation for $ref (would need schema resolution)[39m
    [90m 81| [39m  [35mif[39m ([32m"$ref"[39m [35min[39m schema [33m&&[39m schema[33m.[39m$ref) {
    [90m   | [39m      [31m^[39m
    [90m 82| [39m    [35mreturn[39m errors[33m;[39m
    [90m 83| [39m  }
[90m [2m❯[22m validateRequestBody apps/web/lib/body-validation.ts:[2m48:28[22m[39m
[90m [2m❯[22m tests/body-validation.test.ts:[2m55:22[22m[39m

[31m[2m⎯⎯⎯⎯⎯⎯⎯⎯⎯⎯⎯⎯⎯⎯⎯⎯⎯⎯⎯⎯⎯⎯⎯[3/33]⎯[22m[39m

[41m[1m FAIL [22m[49m tests/body-validation.test.ts[2m > [22mvalidateRequestBody[2m > [22mJSON syntax validation[2m > [22mshould pass when JSON syntax is valid
[31m[1mTypeError[22m: Cannot use 'in' operator to search for '$ref' in {"name": "test"}[39m
[36m [2m❯[22m validateValueAgainstSchema apps/web/lib/body-validation.ts:[2m81:7[22m[39m
    [90m 79| [39m
    [90m 80| [39m  [90m// Skip validation for $ref (would need schema resolution)[39m
    [90m 81| [39m  [35mif[39m ([32m"$ref"[39m [35min[39m schema [33m&&[39m schema[33m.[39m$ref) {
    [90m   | [39m      [31m^[39m
    [90m 82| [39m    [35mreturn[39m errors[33m;[39m
    [90m 83| [39m  }
[90m [2m❯[22m validateRequestBody apps/web/lib/body-validation.ts:[2m48:28[22m[39m
[90m [2m❯[22m tests/body-validation.test.ts:[2m74:22[22m[39m

[31m[2m⎯⎯⎯⎯⎯⎯⎯⎯⎯⎯⎯⎯⎯⎯⎯⎯⎯⎯⎯⎯⎯⎯⎯[4/33]⎯[22m[39m

[41m[1m FAIL [22m[49m tests/body-validation.test.ts[2m > [22mvalidateRequestBody[2m > [22mType validation[2m > [22mshould fail when type does not match schema
[31m[1mTypeError[22m: Cannot use 'in' operator to search for '$ref' in {"name": "test"}[39m
[36m [2m❯[22m validateValueAgainstSchema apps/web/lib/body-validation.ts:[2m81:7[22m[39m
    [90m 79| [39m
    [90m 80| [39m  [90m// Skip validation for $ref (would need schema resolution)[39m
    [90m 81| [39m  [35mif[39m ([32m"$ref"[39m [35min[39m schema [33m&&[39m schema[33m.[39m$ref) {
    [90m   | [39m      [31m^[39m
    [90m 82| [39m    [35mreturn[39m errors[33m;[39m
    [90m 83| [39m  }
[90m [2m❯[22m validateRequestBody apps/web/lib/body-validation.ts:[2m48:28[22m[39m
[90m [2m❯[22m tests/body-validation.test.ts:[2m94:22[22m[39m

[31m[2m⎯⎯⎯⎯⎯⎯⎯⎯⎯⎯⎯⎯⎯⎯⎯⎯⎯⎯⎯⎯⎯⎯⎯[5/33]⎯[22m[39m

[41m[1m FAIL [22m[49m tests/body-validation.test.ts[2m > [22mvalidateRequestBody[2m > [22mType validation[2m > [22mshould pass when type matches schema
[31m[1mTypeError[22m: Cannot use 'in' operator to search for '$ref' in {"name": "test"}[39m
[36m [2m❯[22m validateValueAgainstSchema apps/web/lib/body-validation.ts:[2m81:7[22m[39m
    [90m 79| [39m
    [90m 80| [39m  [90m// Skip validation for $ref (would need schema resolution)[39m
    [90m 81| [39m  [35mif[39m ([32m"$ref"[39m [35min[39m schema [33m&&[39m schema[33m.[39m$ref) {
    [90m   | [39m      [31m^[39m
    [90m 82| [39m    [35mreturn[39m errors[33m;[39m
    [90m 83| [39m  }
[90m [2m❯[22m validateRequestBody apps/web/lib/body-validation.ts:[2m48:28[22m[39m
[90m [2m❯[22m tests/body-validation.test.ts:[2m113:22[22m[39m

[31m[2m⎯⎯⎯⎯⎯⎯⎯⎯⎯⎯⎯⎯⎯⎯⎯⎯⎯⎯⎯⎯⎯⎯⎯[6/33]⎯[22m[39m

[41m[1m FAIL [22m[49m tests/body-validation.test.ts[2m > [22mvalidateRequestBody[2m > [22mString validation[2m > [22mshould fail when string is too short
[31m[1mTypeError[22m: Cannot use 'in' operator to search for '$ref' in "short"[39m
[36m [2m❯[22m validateValueAgainstSchema apps/web/lib/body-validation.ts:[2m81:7[22m[39m
    [90m 79| [39m
    [90m 80| [39m  [90m// Skip validation for $ref (would need schema resolution)[39m
    [90m 81| [39m  [35mif[39m ([32m"$ref"[39m [35min[39m schema [33m&&[39m schema[33m.[39m$ref) {
    [90m   | [39m      [31m^[39m
    [90m 82| [39m    [35mreturn[39m errors[33m;[39m
    [90m 83| [39m  }
[90m [2m❯[22m validateRequestBody apps/web/lib/body-validation.ts:[2m48:28[22m[39m
[90m [2m❯[22m tests/body-validation.test.ts:[2m136:22[22m[39m

[31m[2m⎯⎯⎯⎯⎯⎯⎯⎯⎯⎯⎯⎯⎯⎯⎯⎯⎯⎯⎯⎯⎯⎯⎯[7/33]⎯[22m[39m

[41m[1m FAIL [22m[49m tests/body-validation.test.ts[2m > [22mvalidateRequestBody[2m > [22mString validation[2m > [22mshould fail when string is too long
[31m[1mTypeError[22m: Cannot use 'in' operator to search for '$ref' in "toolong"[39m
[36m [2m❯[22m validateValueAgainstSchema apps/web/lib/body-validation.ts:[2m81:7[22m[39m
    [90m 79| [39m
    [90m 80| [39m  [90m// Skip validation for $ref (would need schema resolution)[39m
    [90m 81| [39m  [35mif[39m ([32m"$ref"[39m [35min[39m schema [33m&&[39m schema[33m.[39m$ref) {
    [90m   | [39m      [31m^[39m
    [90m 82| [39m    [35mreturn[39m errors[33m;[39m
    [90m 83| [39m  }
[90m [2m❯[22m validateRequestBody apps/web/lib/body-validation.ts:[2m48:28[22m[39m
[90m [2m❯[22m tests/body-validation.test.ts:[2m158:22[22m[39m

[31m[2m⎯⎯⎯⎯⎯⎯⎯⎯⎯⎯⎯⎯⎯⎯⎯⎯⎯⎯⎯⎯⎯⎯⎯[8/33]⎯[22m[39m

[41m[1m FAIL [22m[49m tests/body-validation.test.ts[2m > [22mvalidateRequestBody[2m > [22mString validation[2m > [22mshould fail when string does not match pattern
[31m[1mTypeError[22m: Cannot use 'in' operator to search for '$ref' in "ABC123"[39m
[36m [2m❯[22m validateValueAgainstSchema apps/web/lib/body-validation.ts:[2m81:7[22m[39m
    [90m 79| [39m
    [90m 80| [39m  [90m// Skip validation for $ref (would need schema resolution)[39m
    [90m 81| [39m  [35mif[39m ([32m"$ref"[39m [35min[39m schema [33m&&[39m schema[33m.[39m$ref) {
    [90m   | [39m      [31m^[39m
    [90m 82| [39m    [35mreturn[39m errors[33m;[39m
    [90m 83| [39m  }
[90m [2m❯[22m validateRequestBody apps/web/lib/body-validation.ts:[2m48:28[22m[39m
[90m [2m❯[22m tests/body-validation.test.ts:[2m180:22[22m[39m

[31m[2m⎯⎯⎯⎯⎯⎯⎯⎯⎯⎯⎯⎯⎯⎯⎯⎯⎯⎯⎯⎯⎯⎯⎯[9/33]⎯[22m[39m

[41m[1m FAIL [22m[49m tests/body-validation.test.ts[2m > [22mvalidateRequestBody[2m > [22mString validation[2m > [22mshould fail when string not in enum
[31m[1mTypeError[22m: Cannot use 'in' operator to search for '$ref' in "invalid"[39m
[36m [2m❯[22m validateValueAgainstSchema apps/web/lib/body-validation.ts:[2m81:7[22m[39m
    [90m 79| [39m
    [90m 80| [39m  [90m// Skip validation for $ref (would need schema resolution)[39m
    [90m 81| [39m  [35mif[39m ([32m"$ref"[39m [35min[39m schema [33m&&[39m schema[33m.[39m$ref) {
    [90m   | [39m      [31m^[39m
    [90m 82| [39m    [35mreturn[39m errors[33m;[39m
    [90m 83| [39m  }
[90m [2m❯[22m validateRequestBody apps/web/lib/body-validation.ts:[2m48:28[22m[39m
[90m [2m❯[22m tests/body-validation.test.ts:[2m202:22[22m[39m

[31m[2m⎯⎯⎯⎯⎯⎯⎯⎯⎯⎯⎯⎯⎯⎯⎯⎯⎯⎯⎯⎯⎯⎯[10/33]⎯[22m[39m

[41m[1m FAIL [22m[49m tests/body-validation.test.ts[2m > [22mvalidateRequestBody[2m > [22mNumber validation[2m > [22mshould validate number properties in object
[31m[1mTypeError[22m: Cannot use 'in' operator to search for '$ref' in {"age": 15}[39m
[36m [2m❯[22m validateValueAgainstSchema apps/web/lib/body-validation.ts:[2m81:7[22m[39m
    [90m 79| [39m
    [90m 80| [39m  [90m// Skip validation for $ref (would need schema resolution)[39m
    [90m 81| [39m  [35mif[39m ([32m"$ref"[39m [35min[39m schema [33m&&[39m schema[33m.[39m$ref) {
    [90m   | [39m      [31m^[39m
    [90m 82| [39m    [35mreturn[39m errors[33m;[39m
    [90m 83| [39m  }
[90m [2m❯[22m validateRequestBody apps/web/lib/body-validation.ts:[2m48:28[22m[39m
[90m [2m❯[22m tests/body-validation.test.ts:[2m232:22[22m[39m

[31m[2m⎯⎯⎯⎯⎯⎯⎯⎯⎯⎯⎯⎯⎯⎯⎯⎯⎯⎯⎯⎯⎯⎯[11/33]⎯[22m[39m

[41m[1m FAIL [22m[49m tests/body-validation.test.ts[2m > [22mvalidateRequestBody[2m > [22mObject validation[2m > [22mshould fail when required property is missing
[31m[1mTypeError[22m: Cannot use 'in' operator to search for '$ref' in {"name": "John"}[39m
[36m [2m❯[22m validateValueAgainstSchema apps/web/lib/body-validation.ts:[2m81:7[22m[39m
    [90m 79| [39m
    [90m 80| [39m  [90m// Skip validation for $ref (would need schema resolution)[39m
    [90m 81| [39m  [35mif[39m ([32m"$ref"[39m [35min[39m schema [33m&&[39m schema[33m.[39m$ref) {
    [90m   | [39m      [31m^[39m
    [90m 82| [39m    [35mreturn[39m errors[33m;[39m
    [90m 83| [39m  }
[90m [2m❯[22m validateRequestBody apps/web/lib/body-validation.ts:[2m48:28[22m[39m
[90m [2m❯[22m tests/body-validation.test.ts:[2m260:22[22m[39m

[31m[2m⎯⎯⎯⎯⎯⎯⎯⎯⎯⎯⎯⎯⎯⎯⎯⎯⎯⎯⎯⎯⎯⎯[12/33]⎯[22m[39m

[41m[1m FAIL [22m[49m tests/body-validation.test.ts[2m > [22mvalidateRequestBody[2m > [22mObject validation[2m > [22mshould validate nested properties
[31m[1mTypeError[22m: Cannot use 'in' operator to search for '$ref' in {"user": {"name": "ab"}}[39m
[36m [2m❯[22m validateValueAgainstSchema apps/web/lib/body-validation.ts:[2m81:7[22m[39m
    [90m 79| [39m
    [90m 80| [39m  [90m// Skip validation for $ref (would need schema resolution)[39m
    [90m 81| [39m  [35mif[39m ([32m"$ref"[39m [35min[39m schema [33m&&[39m schema[33m.[39m$ref) {
    [90m   | [39m      [31m^[39m
    [90m 82| [39m    [35mreturn[39m errors[33m;[39m
    [90m 83| [39m  }
[90m [2m❯[22m validateRequestBody apps/web/lib/body-validation.ts:[2m48:28[22m[39m
[90m [2m❯[22m tests/body-validation.test.ts:[2m291:22[22m[39m

[31m[2m⎯⎯⎯⎯⎯⎯⎯⎯⎯⎯⎯⎯⎯⎯⎯⎯⎯⎯⎯⎯⎯⎯[13/33]⎯[22m[39m

[41m[1m FAIL [22m[49m tests/body-validation.test.ts[2m > [22mvalidateRequestBody[2m > [22mObject validation[2m > [22mshould pass when all required properties are present
[31m[1mTypeError[22m: Cannot use 'in' operator to search for '$ref' in {"name": "John"}[39m
[36m [2m❯[22m validateValueAgainstSchema apps/web/lib/body-validation.ts:[2m81:7[22m[39m
    [90m 79| [39m
    [90m 80| [39m  [90m// Skip validation for $ref (would need schema resolution)[39m
    [90m 81| [39m  [35mif[39m ([32m"$ref"[39m [35min[39m schema [33m&&[39m schema[33m.[39m$ref) {
    [90m   | [39m      [31m^[39m
    [90m 82| [39m    [35mreturn[39m errors[33m;[39m
    [90m 83| [39m  }
[90m [2m❯[22m validateRequestBody apps/web/lib/body-validation.ts:[2m48:28[22m[39m
[90m [2m❯[22m tests/body-validation.test.ts:[2m317:22[22m[39m

[31m[2m⎯⎯⎯⎯⎯⎯⎯⎯⎯⎯⎯⎯⎯⎯⎯⎯⎯⎯⎯⎯⎯⎯[14/33]⎯[22m[39m

[41m[1m FAIL [22m[49m tests/body-validation.test.ts[2m > [22mvalidateRequestBody[2m > [22mArray validation[2m > [22mshould fail when array has too few items
[31m[1mTypeError[22m: Cannot use 'in' operator to search for '$ref' in ["one"][39m
[36m [2m❯[22m validateValueAgainstSchema apps/web/lib/body-validation.ts:[2m81:7[22m[39m
    [90m 79| [39m
    [90m 80| [39m  [90m// Skip validation for $ref (would need schema resolution)[39m
    [90m 81| [39m  [35mif[39m ([32m"$ref"[39m [35min[39m schema [33m&&[39m schema[33m.[39m$ref) {
    [90m   | [39m      [31m^[39m
    [90m 82| [39m    [35mreturn[39m errors[33m;[39m
    [90m 83| [39m  }
[90m [2m❯[22m validateRequestBody apps/web/lib/body-validation.ts:[2m48:28[22m[39m
[90m [2m❯[22m tests/body-validation.test.ts:[2m341:22[22m[39m

[31m[2m⎯⎯⎯⎯⎯⎯⎯⎯⎯⎯⎯⎯⎯⎯⎯⎯⎯⎯⎯⎯⎯⎯[15/33]⎯[22m[39m

[41m[1m FAIL [22m[49m tests/body-validation.test.ts[2m > [22mvalidateRequestBody[2m > [22mArray validation[2m > [22mshould fail when array has too many items
[31m[1mTypeError[22m: Cannot use 'in' operator to search for '$ref' in ["one", "two", "three"][39m
[36m [2m❯[22m validateValueAgainstSchema apps/web/lib/body-validation.ts:[2m81:7[22m[39m
    [90m 79| [39m
    [90m 80| [39m  [90m// Skip validation for $ref (would need schema resolution)[39m
    [90m 81| [39m  [35mif[39m ([32m"$ref"[39m [35min[39m schema [33m&&[39m schema[33m.[39m$ref) {
    [90m   | [39m      [31m^[39m
    [90m 82| [39m    [35mreturn[39m errors[33m;[39m
    [90m 83| [39m  }
[90m [2m❯[22m validateRequestBody apps/web/lib/body-validation.ts:[2m48:28[22m[39m
[90m [2m❯[22m tests/body-validation.test.ts:[2m364:22[22m[39m

[31m[2m⎯⎯⎯⎯⎯⎯⎯⎯⎯⎯⎯⎯⎯⎯⎯⎯⎯⎯⎯⎯⎯⎯[16/33]⎯[22m[39m

[41m[1m FAIL [22m[49m tests/body-validation.test.ts[2m > [22mvalidateRequestBody[2m > [22mArray validation[2m > [22mshould validate array items
[31m[1mTypeError[22m: Cannot use 'in' operator to search for '$ref' in [{"name": "test"}, {"id": 1}][39m
[36m [2m❯[22m validateValueAgainstSchema apps/web/lib/body-validation.ts:[2m81:7[22m[39m
    [90m 79| [39m
    [90m 80| [39m  [90m// Skip validation for $ref (would need schema resolution)[39m
    [90m 81| [39m  [35mif[39m ([32m"$ref"[39m [35min[39m schema [33m&&[39m schema[33m.[39m$ref) {
    [90m   | [39m      [31m^[39m
    [90m 82| [39m    [35mreturn[39m errors[33m;[39m
    [90m 83| [39m  }
[90m [2m❯[22m validateRequestBody apps/web/lib/body-validation.ts:[2m48:28[22m[39m
[90m [2m❯[22m tests/body-validation.test.ts:[2m392:22[22m[39m

[31m[2m⎯⎯⎯⎯⎯⎯⎯⎯⎯⎯⎯⎯⎯⎯⎯⎯⎯⎯⎯⎯⎯⎯[17/33]⎯[22m[39m

[41m[1m FAIL [22m[49m tests/body-validation.test.ts[2m > [22mvalidateRequestBody[2m > [22mArray validation[2m > [22mshould pass when array is valid
[31m[1mTypeError[22m: Cannot use 'in' operator to search for '$ref' in ["one", "two", "three"][39m
[36m [2m❯[22m validateValueAgainstSchema apps/web/lib/body-validation.ts:[2m81:7[22m[39m
    [90m 79| [39m
    [90m 80| [39m  [90m// Skip validation for $ref (would need schema resolution)[39m
    [90m 81| [39m  [35mif[39m ([32m"$ref"[39m [35min[39m schema [33m&&[39m schema[33m.[39m$ref) {
    [90m   | [39m      [31m^[39m
    [90m 82| [39m    [35mreturn[39m errors[33m;[39m
    [90m 83| [39m  }
[90m [2m❯[22m validateRequestBody apps/web/lib/body-validation.ts:[2m48:28[22m[39m
[90m [2m❯[22m tests/body-validation.test.ts:[2m414:22[22m[39m

[31m[2m⎯⎯⎯⎯⎯⎯⎯⎯⎯⎯⎯⎯⎯⎯⎯⎯⎯⎯⎯⎯⎯⎯[18/33]⎯[22m[39m

[41m[1m FAIL [22m[49m tests/body-validation.test.ts[2m > [22mvalidateRequestBody[2m > [22mForm data validation[2m > [22mshould validate form data object
[31m[1mAssertionError[22m: expected true to be false // Object.is equality[39m

[32m- Expected[39m
[31m+ Received[39m

[32m- false[39m
[31m+ true[39m

[36m [2m❯[22m tests/body-validation.test.ts:[2m446:30[22m[39m
    [90m444| [39m        [32m"application/x-www-form-urlencoded"[39m
    [90m445| [39m      )[33m;[39m
    [90m446| [39m      [34mexpect[39m(result[33m.[39misValid)[33m.[39m[34mtoBe[39m([35mfalse[39m)[33m;[39m
    [90m   | [39m                             [31m^[39m
    [90m447| [39m      [34mexpect[39m(result[33m.[39merrors[[34m0[39m][33m.[39mtype)[33m.[39m[34mtoBe[39m([32m"min"[39m)[33m;[39m
    [90m448| [39m    })[33m;[39m

[31m[2m⎯⎯⎯⎯⎯⎯⎯⎯⎯⎯⎯⎯⎯⎯⎯⎯⎯⎯⎯⎯⎯⎯[19/33]⎯[22m[39m

[41m[1m FAIL [22m[49m tests/mock-server-manager.test.ts[2m > [22mMockServerManager[2m > [22mState Management[2m > [22mshould track server state during lifecycle
[31m[1mTypeError[22m: spawn is not a function[39m
[36m [2m❯[22m packages/openapi/src/mock-manager.ts:[2m399:23[22m[39m
    [90m397| [39m    [35mreturn[39m [35mnew[39m [33mPromise[39m((resolve[33m,[39m reject) [33m=>[39m {
    [90m398| [39m      [90m// Spawn Prism CLI process[39m
    [90m399| [39m      [35mconst[39m process [33m=[39m [34mspawn[39m([32m"prism"[39m[33m,[39m [
    [90m   | [39m                      [31m^[39m
    [90m400| [39m        [32m"mock"[39m[33m,[39m
    [90m401| [39m        specPath[33m,[39m
[90m [2m❯[22m MockServerManager.spawnPrismProcess packages/openapi/src/mock-manager.ts:[2m397:12[22m[39m
[90m [2m❯[22m MockServerManager.startServer packages/openapi/src/mock-manager.ts:[2m127:38[22m[39m
[90m [2m❯[22m tests/mock-server-manager.test.ts:[2m195:26[22m[39m

[31m[2m⎯⎯⎯⎯⎯⎯⎯⎯⎯⎯⎯⎯⎯⎯⎯⎯⎯⎯⎯⎯⎯⎯[20/33]⎯[22m[39m

[41m[1m FAIL [22m[49m tests/mock-server-manager.test.ts[2m > [22mMockServerManager[2m > [22mState Management[2m > [22mshould return all servers
[31m[1mTypeError[22m: spawn is not a function[39m
[36m [2m❯[22m packages/openapi/src/mock-manager.ts:[2m399:23[22m[39m
    [90m397| [39m    [35mreturn[39m [35mnew[39m [33mPromise[39m((resolve[33m,[39m reject) [33m=>[39m {
    [90m398| [39m      [90m// Spawn Prism CLI process[39m
    [90m399| [39m      [35mconst[39m process [33m=[39m [34mspawn[39m([32m"prism"[39m[33m,[39m [
    [90m   | [39m                      [31m^[39m
    [90m400| [39m        [32m"mock"[39m[33m,[39m
    [90m401| [39m        specPath[33m,[39m
[90m [2m❯[22m MockServerManager.spawnPrismProcess packages/openapi/src/mock-manager.ts:[2m397:12[22m[39m
[90m [2m❯[22m MockServerManager.startServer packages/openapi/src/mock-manager.ts:[2m127:38[22m[39m
[90m [2m❯[22m tests/mock-server-manager.test.ts:[2m227:7[22m[39m

[31m[2m⎯⎯⎯⎯⎯⎯⎯⎯⎯⎯⎯⎯⎯⎯⎯⎯⎯⎯⎯⎯⎯⎯[21/33]⎯[22m[39m

[41m[1m FAIL [22m[49m tests/mock-server-manager.test.ts[2m > [22mMockServerManager[2m > [22mProcess Spawning[2m > [22mshould spawn Prism process with correct arguments
[31m[1mTypeError[22m: spawn is not a function[39m
[36m [2m❯[22m packages/openapi/src/mock-manager.ts:[2m399:23[22m[39m
    [90m397| [39m    [35mreturn[39m [35mnew[39m [33mPromise[39m((resolve[33m,[39m reject) [33m=>[39m {
    [90m398| [39m      [90m// Spawn Prism CLI process[39m
    [90m399| [39m      [35mconst[39m process [33m=[39m [34mspawn[39m([32m"prism"[39m[33m,[39m [
    [90m   | [39m                      [31m^[39m
    [90m400| [39m        [32m"mock"[39m[33m,[39m
    [90m401| [39m        specPath[33m,[39m
[90m [2m❯[22m MockServerManager.spawnPrismProcess packages/openapi/src/mock-manager.ts:[2m397:12[22m[39m
[90m [2m❯[22m MockServerManager.startServer packages/openapi/src/mock-manager.ts:[2m127:38[22m[39m
[90m [2m❯[22m tests/mock-server-manager.test.ts:[2m261:7[22m[39m

[31m[2m⎯⎯⎯⎯⎯⎯⎯⎯⎯⎯⎯⎯⎯⎯⎯⎯⎯⎯⎯⎯⎯⎯[22/33]⎯[22m[39m

[41m[1m FAIL [22m[49m tests/mock-server-manager.test.ts[2m > [22mMockServerManager[2m > [22mProcess Spawning[2m > [22mshould return existing server if already running
[31m[1mTypeError[22m: spawn is not a function[39m
[36m [2m❯[22m packages/openapi/src/mock-manager.ts:[2m399:23[22m[39m
    [90m397| [39m    [35mreturn[39m [35mnew[39m [33mPromise[39m((resolve[33m,[39m reject) [33m=>[39m {
    [90m398| [39m      [90m// Spawn Prism CLI process[39m
    [90m399| [39m      [35mconst[39m process [33m=[39m [34mspawn[39m([32m"prism"[39m[33m,[39m [
    [90m   | [39m                      [31m^[39m
    [90m400| [39m        [32m"mock"[39m[33m,[39m
    [90m401| [39m        specPath[33m,[39m
[90m [2m❯[22m MockServerManager.spawnPrismProcess packages/openapi/src/mock-manager.ts:[2m397:12[22m[39m
[90m [2m❯[22m MockServerManager.startServer packages/openapi/src/mock-manager.ts:[2m127:38[22m[39m
[90m [2m❯[22m tests/mock-server-manager.test.ts:[2m296:21[22m[39m

[31m[2m⎯⎯⎯⎯⎯⎯⎯⎯⎯⎯⎯⎯⎯⎯⎯⎯⎯⎯⎯⎯⎯⎯[23/33]⎯[22m[39m

[41m[1m FAIL [22m[49m tests/mock-server-manager.test.ts[2m > [22mMockServerManager[2m > [22mError Scenarios[2m > [22mshould handle process spawn errors
[31m[1mAssertionError[22m: expected [Function] to throw error including 'Failed to spawn Prism process' but got 'spawn is not a function'[39m

Expected: [32m"Failed to spawn Prism process"[39m
Received: [31m"spawn is not a function"[39m

[36m [2m❯[22m tests/mock-server-manager.test.ts:[2m348:7[22m[39m
    [90m346| [39m      }[33m,[39m [34m10[39m)[33m;[39m
    [90m347| [39m
    [90m348| [39m      [35mawait[39m [34mexpect[39m(startPromise)[33m.[39mrejects[33m.[39m[34mtoThrow[39m(
    [90m   | [39m      [31m^[39m
    [90m349| [39m        [32m"Failed to spawn Prism process"[39m
    [90m350| [39m      )[33m;[39m

[31m[2m⎯⎯⎯⎯⎯⎯⎯⎯⎯⎯⎯⎯⎯⎯⎯⎯⎯⎯⎯⎯⎯⎯[24/33]⎯[22m[39m

[41m[1m FAIL [22m[49m tests/mock-server-manager.test.ts[2m > [22mMockServerManager[2m > [22mError Scenarios[2m > [22mshould handle Prism startup errors
[31m[1mAssertionError[22m: expected [Function] to throw error including 'Prism startup failed' but got 'spawn is not a function'[39m

Expected: [32m"Prism startup failed"[39m
Received: [31m"spawn is not a function"[39m

[36m [2m❯[22m tests/mock-server-manager.test.ts:[2m375:7[22m[39m
    [90m373| [39m      }[33m,[39m [34m10[39m)[33m;[39m
    [90m374| [39m
    [90m375| [39m      await expect(startPromise).rejects.toThrow("Prism startup failed…
    [90m   | [39m      [31m^[39m
    [90m376| [39m    })[33m;[39m
    [90m377| [39m

[31m[2m⎯⎯⎯⎯⎯⎯⎯⎯⎯⎯⎯⎯⎯⎯⎯⎯⎯⎯⎯⎯⎯⎯[25/33]⎯[22m[39m

[41m[1m FAIL [22m[49m tests/mock-server-manager.test.ts[2m > [22mMockServerManager[2m > [22mError Scenarios[2m > [22mshould update state to error on startup failure
[31m[1mAssertionError[22m: expected 'spawn is not a function' to contain 'Failed to spawn Prism process'[39m

Expected: [32m"Failed to spawn Prism process"[39m
Received: [31m"spawn is not a function"[39m

[36m [2m❯[22m tests/mock-server-manager.test.ts:[2m412:33[22m[39m
    [90m410| [39m      [35mconst[39m serverInfo [33m=[39m manager[33m.[39m[34mgetServerInfo[39m([32m"test-spec"[39m)[33m;[39m
    [90m411| [39m      [34mexpect[39m(serverInfo[33m?.[39mstatus)[33m.[39m[34mtoBe[39m([32m"error"[39m)[33m;[39m
    [90m412| [39m      expect(serverInfo?.error).toContain("Failed to spawn Prism proce…
    [90m   | [39m                                [31m^[39m
    [90m413| [39m    })[33m;[39m
    [90m414| [39m

[31m[2m⎯⎯⎯⎯⎯⎯⎯⎯⎯⎯⎯⎯⎯⎯⎯⎯⎯⎯⎯⎯⎯⎯[26/33]⎯[22m[39m

[41m[1m FAIL [22m[49m tests/mock-server-manager.test.ts[2m > [22mMockServerManager[2m > [22mServer Lifecycle[2m > [22mshould stop running server
[31m[1mTypeError[22m: spawn is not a function[39m
[36m [2m❯[22m packages/openapi/src/mock-manager.ts:[2m399:23[22m[39m
    [90m397| [39m    [35mreturn[39m [35mnew[39m [33mPromise[39m((resolve[33m,[39m reject) [33m=>[39m {
    [90m398| [39m      [90m// Spawn Prism CLI process[39m
    [90m399| [39m      [35mconst[39m process [33m=[39m [34mspawn[39m([32m"prism"[39m[33m,[39m [
    [90m   | [39m                      [31m^[39m
    [90m400| [39m        [32m"mock"[39m[33m,[39m
    [90m401| [39m        specPath[33m,[39m
[90m [2m❯[22m MockServerManager.spawnPrismProcess packages/openapi/src/mock-manager.ts:[2m397:12[22m[39m
[90m [2m❯[22m MockServerManager.startServer packages/openapi/src/mock-manager.ts:[2m127:38[22m[39m
[90m [2m❯[22m tests/mock-server-manager.test.ts:[2m445:7[22m[39m

[31m[2m⎯⎯⎯⎯⎯⎯⎯⎯⎯⎯⎯⎯⎯⎯⎯⎯⎯⎯⎯⎯⎯⎯[27/33]⎯[22m[39m

[41m[1m FAIL [22m[49m tests/quick-demo.test.tsx[2m > [22mQuickDemo Component[2m > [22mstarts demo when Start Demo button is clicked
[31m[1mTestingLibraryElementError[22m[39m: Found multiple elements with the role "button" and name `/Exit Demo/i`

Here are the matching elements:

Ignored nodes: comments, script, style
[36m<button[39m
  [33maria-label[39m=[32m"Exit demo"[39m
  [33mclass[39m=[32m"inline-flex items-center justify-center gap-2 whitespace-nowrap rounded-md text-sm font-medium transition-colors focus-visible:outline-none focus-visible:ring-1 focus-visible:ring-ring disabled:pointer-events-none disabled:opacity-50 [&_svg]:pointer-events-none [&_svg]:size-4 [&_svg]:shrink-0 hover:bg-accent hover:text-accent-foreground h-9 w-9"[39m
[36m>[39m
  [36m<svg[39m
    [33maria-hidden[39m=[32m"true"[39m
    [33mclass[39m=[32m"lucide lucide-x w-4 h-4"[39m
    [33mfill[39m=[32m"none"[39m
    [33mheight[39m=[32m"24"[39m
    [33mstroke[39m=[32m"currentColor"[39m
    [33mstroke-linecap[39m=[32m"round"[39m
    [33mstroke-linejoin[39m=[32m"round"[39m
    [33mstroke-width[39m=[32m"2"[39m
    [33mviewBox[39m=[32m"0 0 24 24"[39m
    [33mwidth[39m=[32m"24"[39m
    [33mxmlns[39m=[32m"http://www.w3.org/2000/svg"[39m
  [36m>[39m
    [36m<path[39m
      [33md[39m=[32m"M18 6 6 18"[39m
    [36m/>[39m
    [36m<path[39m
      [33md[39m=[32m"m6 6 12 12"[39m
    [36m/>[39m
  [36m</svg>[39m
[36m</button>[39m

Ignored nodes: comments, script, style
[36m<button[39m
  [33mclass[39m=[32m"inline-flex items-center justify-center gap-2 whitespace-nowrap text-sm font-medium transition-colors focus-visible:outline-none focus-visible:ring-1 focus-visible:ring-ring disabled:pointer-events-none disabled:opacity-50 [&_svg]:pointer-events-none [&_svg]:size-4 [&_svg]:shrink-0 border border-input bg-background shadow-sm hover:bg-accent hover:text-accent-foreground h-10 rounded-md px-8 flex-1"[39m
[36m>[39m
  [36m<svg[39m
    [33maria-hidden[39m=[32m"true"[39m
    [33mclass[39m=[32m"lucide lucide-x w-4 h-4 mr-2"[39m
    [33mfill[39m=[32m"none"[39m
    [33mheight[39m=[32m"24"[39m
    [33mstroke[39m=[32m"currentColor"[39m
    [33mstroke-linecap[39m=[32m"round"[39m
    [33mstroke-linejoin[39m=[32m"round"[39m
    [33mstroke-width[39m=[32m"2"[39m
    [33mviewBox[39m=[32m"0 0 24 24"[39m
    [33mwidth[39m=[32m"24"[39m
    [33mxmlns[39m=[32m"http://www.w3.org/2000/svg"[39m
  [36m>[39m
    [36m<path[39m
      [33md[39m=[32m"M18 6 6 18"[39m
    [36m/>[39m
    [36m<path[39m
      [33md[39m=[32m"m6 6 12 12"[39m
    [36m/>[39m
  [36m</svg>[39m
  [0mExit Demo[0m
[36m</button>[39m

(If this is intentional, then use the `*AllBy*` variant of the query (like `queryAllByText`, `getAllByText`, or `findAllByText`)).

Ignored nodes: comments, script, style
[36m<body>[39m
  [36m<div>[39m
    [36m<div[39m
      [33mclass[39m=[32m"rounded-xl border bg-card text-card-foreground shadow w-full max-w-2xl mx-auto"[39m
    [36m>[39m
      [36m<div[39m
        [33mclass[39m=[32m"flex flex-col space-y-1.5 p-6"[39m
      [36m>[39m
        [36m<div[39m
          [33mclass[39m=[32m"flex items-start justify-between"[39m
        [36m>[39m
          [36m<div>[39m
            [36m<div[39m
              [33mclass[39m=[32m"font-semibold leading-none tracking-tight flex items-center gap-2"[39m
            [36m>[39m
              [36m<svg[39m
                [33maria-hidden[39m=[32m"true"[39m
                [33mclass[39m=[32m"lucide lucide-play w-5 h-5"[39m
                [33mfill[39m=[32m"none"[39m
                [33mheight[39m=[32m"24"[39m
                [33mstroke[39m=[32m"currentColor"[39m
                [33mstroke-linecap[39m=[32m"round"[39m
                [33mstroke-linejoin[39m=[32m"round"[39m
                [33mstroke-width[39m=[32m"2"[39m
                [33mviewBox[39m=[32m"0 0 24 24"[39m
                [33mwidth[39m=[32m"24"[39m
                [33mxmlns[39m=[32m"http://www.w3.org/2000/svg"[39m
              [36m>[39m
                [36m<path[39m
                  [33md[39m=[32m"M5 5a2 2 0 0 1 3.008-1.728l11.997 6.998a2 2 0 0 1 .003 3.458l-12 7A2 2 0 0 1 5 19z"[39m
                [36m/>[39m
              [36m</svg>[39m
              [0mQuick Demo[0m
            [36m</div>[39m
            [36m<div[39m
              [33mclass[39m=[32m"text-sm text-muted-foreground"[39m
            [36m>[39m
              [0mAutomated walkthrough of the complete workflow ([0m
              [0m20s[0m
              [0m)[0m
            [36m</div>[39m
          [36m</div>[39m
          [36m<button[39m
            [33maria-label[39m=[32m"Exit demo"[39m
            [33mclass[39m=[32m"inline-flex items-center justify-center gap-2 whitespace-nowrap rounded-md text-sm font-medium transition-colors focus-visible:outline-none focus-visible:ring-1 focus-visible:ring-ring disabled:pointer-events-none disabled:opacity-50 [&_svg]:pointer-events-none [&_svg]:size-4 [&_svg]:shrink-0 hover:bg-accent hover:text-accent-foreground h-9 w-9"[39m
          [36m>[39m
            [36m<svg[39m
              [33maria-hidden[39m=[32m"true"[39m
              [33mclass[39m=[32m"lucide lucide-x w-4 h-4"[39m
              [33mfill[39m=[32m"none"[39m
              [33mheight[39m=[32m"24"[39m
              [33mstroke[39m=[32m"currentColor"[39m
              [33mstroke-linecap[39m=[32m"round"[39m
              [33mstroke-linejoin[39m=[32m"round"[39m
              [33mstroke-width[39m=[32m"2"[39m
              [33mviewBox[39m=[32m"0 0 24 24"[39m
              [33mwidth[39m=[32m"24"[39m
              [33mxmlns[39m=[32m"http://www.w3.org/2000/svg"[39m
            [36m>[39m
              [36m<path[39m
                [33md[39m=[32m"M18 6 6 18"[39m
              [36m/>[39m
              [36m<path[39m
                [33md[39m=[32m"m6 6 12 12"[39m
              [36m/>[39m
            [36m</svg>[39m
          [36m</button>[39m
        [36m</div>[39m
      [36m</div>[39m
      [36m<div[39m
        [33mclass[39m=[32m"p-6 pt-0 space-y-6"[39m
      [36m>[39m
        [36m<div[39m
          [33mclass[39m=[32m"space-y-2"[39m
        [36m>[39m
          [36m<div[39m
            [33mclass[39m=[32m"flex items-center justify-between text-sm"[39m
          [36m>[39m
            [36m<span[39m
              [33mclass[39m=[32m"text-muted-foreground"[39m
            [36m>[39m
              [0mStep [0m
              [0m1[0m
              [0m of[0m
              [0m [0m
              [0m5[0m
            [36m</span>[39m
            [36m<span[39m
              [33mclass[39m=[32m"font-medium"[39m
            [36m>[39m
              [0m6[0m
              [0m%[0m
            [36m</span>[39m
          [36m</div>[39m
          [36m<div[39m
            [33maria-valuemax[39m=[32m"100"[39m
            [33maria-valuemin[39m=[32m"0"[39m
            [33mclass[39m=[32m"relative w-full overflow-hidden rounded-full bg-secondary h-2"[39m
            [33mdata-max[39m=[32m"100"[39m
            [33mdata-state[39m=[32m"indeterminate"[39m
            [33mrole[39m=[32m"progressbar"[39m
          [36m>[39m
            [36m<div[39m
              [33mclass[39m=[32m"h-full w-full flex-1 bg-primary transition-all"[39m
              [33mdata-max[39m=[32m"100"[39m
              [33mdata-state[39m=[32m"indeterminate"[39m
              [33mstyle[39m=[32m"transform: translateX(-93.60666666666667%);"[39m
            [36m/>[39m
          [36m</div>[39m
        [36m</div>[39m
        [36m<div[39m
          [33mclass[39m=[32m"space-y-3"[39m
        [36m>[39m
          [36m<div[39m
            [33mclass[39m=[32m"flex items-center gap-2"[39m
          [36m>[39m
            [36m<svg[39m
              [33maria-hidden[39m=[32m"true"[39m
              [33mclass[39m=[32m"lucide lucide-loader-circle w-4 h-4 animate-spin text-blue-500"[39m
              [33mfill[39m=[32m"none"[39m
              [33mheight[39m=[32m"24"[39m
              [33mstroke[39m=[32m"currentColor"[39m
              [33mstroke-linecap[39m=[32m"round"[39m
              [33mstroke-linejoin[39m=[32m"round"[39m
              [33mstroke-width[39m=[32m"2"[39m
              [33mviewBox[39m=[32m"0 0 24 24"[39m
              [33mwidth[39m=[32m"24"[39m
              [33mxmlns[39m=[32m"http://www.w3.org/2000/svg"[39m
            [36m>[39m
              [36m<path[39m
                [33md[39m=[32m"M21 12a9 9 0 1 1-6.219-8.56"[39m
              [36m/>[39m
            [36m</svg>[39m
            [36m<h3[39m
              [33mclass[39m=[32m"font-semibold"[39m
            [36m>[39m
              [0mLoading Petstore API[0m
            [36m</h3>[39m
          [36m</div>[39m
          [36m<p[39m
            [33mclass[39m=[32m"text-sm text-muted-foreground"[39m
          [36m>[39m
            [0mUploading sample OpenAPI specification...[0m
          [36m</p>[39m
        [36m</div>[39m
        [36m<div[39m
          [33mclass[39m=[32m"flex gap-3"[39m
        [36m>[39m
          [36m<button[39m
            [33mclass[39m=[32m"inline-flex items-center justify-center gap-2 whitespace-nowrap text-sm font-medium transition-colors focus-visible:outline-none focus-visible:ring-1 focus-visible:ring-ring disabled:pointer-events-none disabled:opacity-50 [&_svg]:pointer-events-none [&_svg]:size-4 [&_svg]:shrink-0 border border-input bg-background shadow-sm hover:bg-accent hover:text-accent-foreground h-10 rounded-md px-8 flex-1"[39m
          [36m>[39m
            [36m<svg[39m
              [33maria-hidden[39m=[32m"true"[39m
              [33mclass[39m=[32m"lucide lucide-x w-4 h-4 mr-2"[39m
              [33mfill[39m=[32m"none"[39m
              [33mheight[39m=[32m"24"[39m
              [33mstroke[39m=[32m"currentColor"[39m
              [33mstroke-linecap[39m=[32m"round"[39m
              [33mstroke-linejoin[39m=[32m"round"[39m
              [33mstroke-width[39m=[32m"2"[39m
              [33mviewBox[39m=[32m"0 0 24 24"[39m
              [33mwidth[39m=[32m"24"[39m
              [33mxmlns[39m=[32m"http://www.w3.org/2000/svg"[39m
            [36m>[39m
              [36m<path[39m
                [33md[39m=[32m"M18 6 6 18"[39m
              [36m/>[39m
              [36m<path[39m
                [33md[39m=[32m"m6 6 12 12"[39m
              [36m/>[39m
            [36m</svg>[39m
            [0mExit Demo[0m
          [36m</button>[39m
        [36m</div>[39m
      [36m</div>[39m
    [36m</div>[39m
  [36m</div>[39m
[36m</body>[39m

Ignored nodes: comments, script, style
[36m<html>[39m
  [36m<head />[39m
  [36m<body>[39m
    [36m<div>[39m
      [36m<div[39m
        [33mclass[39m=[32m"rounded-xl border bg-card text-card-foreground shadow w-full max-w-2xl mx-auto"[39m
      [36m>[39m
        [36m<div[39m
          [33mclass[39m=[32m"flex flex-col space-y-1.5 p-6"[39m
        [36m>[39m
          [36m<div[39m
            [33mclass[39m=[32m"flex items-start justify-between"[39m
          [36m>[39m
            [36m<div>[39m
              [36m<div[39m
                [33mclass[39m=[32m"font-semibold leading-none tracking-tight flex items-center gap-2"[39m
              [36m>[39m
                [36m<svg[39m
                  [33maria-hidden[39m=[32m"true"[39m
                  [33mclass[39m=[32m"lucide lucide-play w-5 h-5"[39m
                  [33mfill[39m=[32m"none"[39m
                  [33mheight[39m=[32m"24"[39m
                  [33mstroke[39m=[32m"currentColor"[39m
                  [33mstroke-linecap[39m=[32m"round"[39m
                  [33mstroke-linejoin[39m=[32m"round"[39m
                  [33mstroke-width[39m=[32m"2"[39m
                  [33mviewBox[39m=[32m"0 0 24 24"[39m
                  [33mwidth[39m=[32m"24"[39m
                  [33mxmlns[39m=[32m"http://www.w3.org/2000/svg"[39m
                [36m>[39m
                  [36m<path[39m
                    [33md[39m=[32m"M5 5a2 2 0 0 1 3.008-1.728l11.997 6.998a2 2 0 0 1 .003 3.458l-12 7A2 2 0 0 1 5 19z"[39m
                  [36m/>[39m
                [36m</svg>[39m
                [0mQuick Demo[0m
              [36m</div>[39m
              [36m<div[39m
                [33mclass[39m=[32m"text-sm text-muted-foreground"[39m
              [36m>[39m
                [0mAutomated walkthrough of the complete workflow ([0m
                [0m20s[0m
                [0m)[0m
              [36m</div>[39m
            [36m</div>[39m
            [36m<button[39m
              [33maria-label[39m=[32m"Exit demo"[39m
              [33mclass[39m=[32m"inline-flex items-center justify-center gap-2 whitespace-nowrap rounded-md text-sm font-medium transition-colors focus-visible:outline-none focus-visible:ring-1 focus-visible:ring-ring disabled:pointer-events-none disabled:opacity-50 [&_svg]:pointer-events-none [&_svg]:size-4 [&_svg]:shrink-0 hover:bg-accent hover:text-accent-foreground h-9 w-9"[39m
            [36m>[39m
              [36m<svg[39m
                [33maria-hidden[39m=[32m"true"[39m
                [33mclass[39m=[32m"lucide lucide-x w-4 h-4"[39m
                [33mfill[39m=[32m"none"[39m
                [33mheight[39m=[32m"24"[39m
                [33mstroke[39m=[32m"currentColor"[39m
                [33mstroke-linecap[39m=[32m"round"[39m
                [33mstroke-linejoin[39m=[32m"round"[39m
                [33mstroke-width[39m=[32m"2"[39m
                [33mviewBox[39m=[32m"0 0 24 24"[39m
                [33mwidth[39m=[32m"24"[39m
                [33mxmlns[39m=[32m"http://www.w3.org/2000/svg"[39m
              [36m>[39m
                [36m<path[39m
                  [33md[39m=[32m"M18 6 6 18"[39m
                [36m/>[39m
                [36m<path[39m
                  [33md[39m=[32m"m6 6 12 12"[39m
                [36m/>[39m
              [36m</svg>[39m
            [36m</button>[39m
          [36m</div>[39m
        [36m</div>[39m
        [36m<div[39m
          [33mclass[39m=[32m"p-6 pt-0 space-y-6"[39m
        [36m>[39m
          [36m<div[39m
            [33mclass[39m=[32m"space-y-2"[39m
          [36m>[39m
            [36m<div[39m
              [33mclass[39m=[32m"flex items-center justify-between text-sm"[39m
            [36m>[39m
              [36m<span[39m
                [33mclass[39m=[32m"text-muted-foreground"[39m
              [36m>[39m
                [0mStep [0m
                [0m1[0m
                [0m of[0m
                [0m [0m
                [0m5[0m
              [36m</span>[39m
              [36m<span[39m
                [33mclass[39m=[32m"font-medium"[39m
              [36m>[39m
                [0m6[0m
                [0m%[0m
              [36m</span>[39m
            [36m</div>[39m
            [36m<div[39m
              [33maria-valuemax[39m=[32m"100"[39m
              [33maria-valuemin[39m=[32m"0"[39m
              [33mclass[39m=[32m"relative w-full overflow-hidden rounded-full bg-secondary h-2"[39m
              [33mdata-max[39m=[32m"100"[39m
              [33mdata-state[39m=[32m"indeterminate"[39m
              [33mrole[39m=[32m"progressbar"[39m
            [36m>[39m
              [36m<div[39m
                [33mclass[39m=[32m"h-full w-full flex-1 bg-primary transition-all"[39m
                [33mdata-max[39m=[32m"100"[39m
                [33mdata-state[39m=[32m"indeterminate"[39m
                [33mstyle[39m=[32m"transform: translateX(-93.60666666666667%);"[39m
              [36m/>[39m
            [36m</div>[39m
          [36m</div>[39m
          [36m<div[39m
            [33mclass[39m=[32m"space-y-3"[39m
          [36m>[39m
            [36m<div[39m
              [33mclass[39m=[32m"flex items-center gap-2"[39m
            [36m>[39m
              [36m<svg[39m
                [33maria-hidden[39m=[32m"true"[39m
                [33mclass[39m=[32m"lucide lucide-loader-circle w-4 h-4 animate-spin text-blue-500"[39m
                [33mfill[39m=[32m"none"[39m
                [33mheight[39m=[32m"24"[39m
                [33mstroke[39m=[32m"currentColor"[39m
                [33mstroke-linecap[39m=[32m"round"[39m
                [33mstroke-linejoin[39m=[32m"round"[39m
                [33mstroke-width[39m=[32m"2"[39m
                [33mviewBox[39m=[32m"0 0 24 24"[39m
                [33mwidth[39m=[32m"24"[39m
                [33mxmlns[39m=[32m"http://www.w3.org/2000/svg"[39m
              [36m>[39m
                [36m<path[39m
                  [33md[39m=[32m"M21 12a9 9 0 1 1-6.219-8.56"[39m
                [36m/>[39m
              [36m</svg>[39m
              [36m<h3[39m
                [33mclass[39m=[32m"font-semibold"[39m
              [36m>[39m
                [0mLoading Petstore API[0m
              [36m</h3>[39m
            [36m</div>[39m
            [36m<p[39m
              [33mclass[39m=[32m"text-sm text-muted-foreground"[39m
            [36m>[39m
              [0mUploading sample OpenAPI specification...[0m
            [36m</p>[39m
          [36m</div>[39m
          [36m<div[39m
            [33mclass[39m=[32m"flex gap-3"[39m
          [36m>[39m
            [36m<button[39m
              [33mclass[39m=[32m"inline-flex items-center justify-center gap-2 whitespace-nowrap text-sm font-medium transition-colors focus-visible:outline-none focus-visible:ring-1 focus-visible:ring-ring disabled:pointer-events-none disabled:opacity-50 [&_svg]:pointer-events-none [&_svg]:size-4 [&_svg]:shrink-0 border border-input bg-background shadow-sm hover:bg-accent hover:text-accent-foreground h-10 rounded-md px-8 flex-1"[39m
            [36m>[39m
              [36m<svg[39m
                [33maria-hidden[39m=[32m"true"[39m
                [33mclass[39m=[32m"lucide lucide-x w-4 h-4 mr-2"[39m
                [33mfill[39m=[32m"none"[39m
                [33mheight[39m=[32m"24"[39m
                [33mstroke[39m=[32m"currentColor"[39m
                [33mstroke-linecap[39m=[32m"round"[39m
                [33mstroke-linejoin[39m=[32m"round"[39m
                [33mstroke-width[39m=[32m"2"[39m
                [33mviewBox[39m=[32m"0 0 24 24"[39m
                [33mwidth[39m=[32m"24"[39m
                [33mxmlns[39m=[32m"http://www.w3.org/2000/svg"[39m
              [36m>[39m
                [36m<path[39m
                  [33md[39m=[32m"M18 6 6 18"[39m
                [36m/>[39m
                [36m<path[39m
                  [33md[39m=[32m"m6 6 12 12"[39m
                [36m/>[39m
              [36m</svg>[39m
              [0mExit Demo[0m
            [36m</button>[39m
          [36m</div>[39m
        [36m</div>[39m
      [36m</div>[39m
    [36m</div>[39m
  [36m</body>[39m
[36m</html>[39m
[90m [2m❯[22m Proxy.waitForWrapper node_modules/.pnpm/@testing-library+dom@10.4.1/node_modules/@testing-library/dom/dist/wait-for.js:[2m163:27[22m[39m
[36m [2m❯[22m tests/quick-demo.test.tsx:[2m93:11[22m[39m
    [90m 91| [39m
    [90m 92| [39m    [90m// Should show exit button when running[39m
    [90m 93| [39m    [35mawait[39m [34mwaitFor[39m(() [33m=>[39m {
    [90m   | [39m          [31m^[39m
    [90m 94| [39m      [34mexpect[39m(
    [90m 95| [39m        screen[33m.[39m[34mgetByRole[39m([32m"button"[39m[33m,[39m { name[33m:[39m [36m/Exit Demo/i[39m })

[31m[2m⎯⎯⎯⎯⎯⎯⎯⎯⎯⎯⎯⎯⎯⎯⎯⎯⎯⎯⎯⎯⎯⎯[28/33]⎯[22m[39m

[41m[1m FAIL [22m[49m tests/quick-demo.test.tsx[2m > [22mQuickDemo Component[2m > [22mcalls onExit when exit button is clicked
[31m[1mTestingLibraryElementError[22m[39m: Found multiple elements with the role "button" and name `/Exit Demo/i`

Here are the matching elements:

Ignored nodes: comments, script, style
[36m<button[39m
  [33maria-label[39m=[32m"Exit demo"[39m
  [33mclass[39m=[32m"inline-flex items-center justify-center gap-2 whitespace-nowrap rounded-md text-sm font-medium transition-colors focus-visible:outline-none focus-visible:ring-1 focus-visible:ring-ring disabled:pointer-events-none disabled:opacity-50 [&_svg]:pointer-events-none [&_svg]:size-4 [&_svg]:shrink-0 hover:bg-accent hover:text-accent-foreground h-9 w-9"[39m
[36m>[39m
  [36m<svg[39m
    [33maria-hidden[39m=[32m"true"[39m
    [33mclass[39m=[32m"lucide lucide-x w-4 h-4"[39m
    [33mfill[39m=[32m"none"[39m
    [33mheight[39m=[32m"24"[39m
    [33mstroke[39m=[32m"currentColor"[39m
    [33mstroke-linecap[39m=[32m"round"[39m
    [33mstroke-linejoin[39m=[32m"round"[39m
    [33mstroke-width[39m=[32m"2"[39m
    [33mviewBox[39m=[32m"0 0 24 24"[39m
    [33mwidth[39m=[32m"24"[39m
    [33mxmlns[39m=[32m"http://www.w3.org/2000/svg"[39m
  [36m>[39m
    [36m<path[39m
      [33md[39m=[32m"M18 6 6 18"[39m
    [36m/>[39m
    [36m<path[39m
      [33md[39m=[32m"m6 6 12 12"[39m
    [36m/>[39m
  [36m</svg>[39m
[36m</button>[39m

Ignored nodes: comments, script, style
[36m<button[39m
  [33mclass[39m=[32m"inline-flex items-center justify-center gap-2 whitespace-nowrap text-sm font-medium transition-colors focus-visible:outline-none focus-visible:ring-1 focus-visible:ring-ring disabled:pointer-events-none disabled:opacity-50 [&_svg]:pointer-events-none [&_svg]:size-4 [&_svg]:shrink-0 border border-input bg-background shadow-sm hover:bg-accent hover:text-accent-foreground h-10 rounded-md px-8 flex-1"[39m
[36m>[39m
  [36m<svg[39m
    [33maria-hidden[39m=[32m"true"[39m
    [33mclass[39m=[32m"lucide lucide-x w-4 h-4 mr-2"[39m
    [33mfill[39m=[32m"none"[39m
    [33mheight[39m=[32m"24"[39m
    [33mstroke[39m=[32m"currentColor"[39m
    [33mstroke-linecap[39m=[32m"round"[39m
    [33mstroke-linejoin[39m=[32m"round"[39m
    [33mstroke-width[39m=[32m"2"[39m
    [33mviewBox[39m=[32m"0 0 24 24"[39m
    [33mwidth[39m=[32m"24"[39m
    [33mxmlns[39m=[32m"http://www.w3.org/2000/svg"[39m
  [36m>[39m
    [36m<path[39m
      [33md[39m=[32m"M18 6 6 18"[39m
    [36m/>[39m
    [36m<path[39m
      [33md[39m=[32m"m6 6 12 12"[39m
    [36m/>[39m
  [36m</svg>[39m
  [0mExit Demo[0m
[36m</button>[39m

(If this is intentional, then use the `*AllBy*` variant of the query (like `queryAllByText`, `getAllByText`, or `findAllByText`)).

Ignored nodes: comments, script, style
[36m<body>[39m
  [36m<div>[39m
    [36m<div[39m
      [33mclass[39m=[32m"rounded-xl border bg-card text-card-foreground shadow w-full max-w-2xl mx-auto"[39m
    [36m>[39m
      [36m<div[39m
        [33mclass[39m=[32m"flex flex-col space-y-1.5 p-6"[39m
      [36m>[39m
        [36m<div[39m
          [33mclass[39m=[32m"flex items-start justify-between"[39m
        [36m>[39m
          [36m<div>[39m
            [36m<div[39m
              [33mclass[39m=[32m"font-semibold leading-none tracking-tight flex items-center gap-2"[39m
            [36m>[39m
              [36m<svg[39m
                [33maria-hidden[39m=[32m"true"[39m
                [33mclass[39m=[32m"lucide lucide-play w-5 h-5"[39m
                [33mfill[39m=[32m"none"[39m
                [33mheight[39m=[32m"24"[39m
                [33mstroke[39m=[32m"currentColor"[39m
                [33mstroke-linecap[39m=[32m"round"[39m
                [33mstroke-linejoin[39m=[32m"round"[39m
                [33mstroke-width[39m=[32m"2"[39m
                [33mviewBox[39m=[32m"0 0 24 24"[39m
                [33mwidth[39m=[32m"24"[39m
                [33mxmlns[39m=[32m"http://www.w3.org/2000/svg"[39m
              [36m>[39m
                [36m<path[39m
                  [33md[39m=[32m"M5 5a2 2 0 0 1 3.008-1.728l11.997 6.998a2 2 0 0 1 .003 3.458l-12 7A2 2 0 0 1 5 19z"[39m
                [36m/>[39m
              [36m</svg>[39m
              [0mQuick Demo[0m
            [36m</div>[39m
            [36m<div[39m
              [33mclass[39m=[32m"text-sm text-muted-foreground"[39m
            [36m>[39m
              [0mAutomated walkthrough of the complete workflow ([0m
              [0m20s[0m
              [0m)[0m
            [36m</div>[39m
          [36m</div>[39m
          [36m<button[39m
            [33maria-label[39m=[32m"Exit demo"[39m
            [33mclass[39m=[32m"inline-flex items-center justify-center gap-2 whitespace-nowrap rounded-md text-sm font-medium transition-colors focus-visible:outline-none focus-visible:ring-1 focus-visible:ring-ring disabled:pointer-events-none disabled:opacity-50 [&_svg]:pointer-events-none [&_svg]:size-4 [&_svg]:shrink-0 hover:bg-accent hover:text-accent-foreground h-9 w-9"[39m
          [36m>[39m
            [36m<svg[39m
              [33maria-hidden[39m=[32m"true"[39m
              [33mclass[39m=[32m"lucide lucide-x w-4 h-4"[39m
              [33mfill[39m=[32m"none"[39m
              [33mheight[39m=[32m"24"[39m
              [33mstroke[39m=[32m"currentColor"[39m
              [33mstroke-linecap[39m=[32m"round"[39m
              [33mstroke-linejoin[39m=[32m"round"[39m
              [33mstroke-width[39m=[32m"2"[39m
              [33mviewBox[39m=[32m"0 0 24 24"[39m
              [33mwidth[39m=[32m"24"[39m
              [33mxmlns[39m=[32m"http://www.w3.org/2000/svg"[39m
            [36m>[39m
              [36m<path[39m
                [33md[39m=[32m"M18 6 6 18"[39m
              [36m/>[39m
              [36m<path[39m
                [33md[39m=[32m"m6 6 12 12"[39m
              [36m/>[39m
            [36m</svg>[39m
          [36m</button>[39m
        [36m</div>[39m
      [36m</div>[39m
      [36m<div[39m
        [33mclass[39m=[32m"p-6 pt-0 space-y-6"[39m
      [36m>[39m
        [36m<div[39m
          [33mclass[39m=[32m"space-y-2"[39m
        [36m>[39m
          [36m<div[39m
            [33mclass[39m=[32m"flex items-center justify-between text-sm"[39m
          [36m>[39m
            [36m<span[39m
              [33mclass[39m=[32m"text-muted-foreground"[39m
            [36m>[39m
              [0mStep [0m
              [0m1[0m
              [0m of[0m
              [0m [0m
              [0m5[0m
            [36m</span>[39m
            [36m<span[39m
              [33mclass[39m=[32m"font-medium"[39m
            [36m>[39m
              [0m6[0m
              [0m%[0m
            [36m</span>[39m
          [36m</div>[39m
          [36m<div[39m
            [33maria-valuemax[39m=[32m"100"[39m
            [33maria-valuemin[39m=[32m"0"[39m
            [33mclass[39m=[32m"relative w-full overflow-hidden rounded-full bg-secondary h-2"[39m
            [33mdata-max[39m=[32m"100"[39m
            [33mdata-state[39m=[32m"indeterminate"[39m
            [33mrole[39m=[32m"progressbar"[39m
          [36m>[39m
            [36m<div[39m
              [33mclass[39m=[32m"h-full w-full flex-1 bg-primary transition-all"[39m
              [33mdata-max[39m=[32m"100"[39m
              [33mdata-state[39m=[32m"indeterminate"[39m
              [33mstyle[39m=[32m"transform: translateX(-93.9%);"[39m
            [36m/>[39m
          [36m</div>[39m
        [36m</div>[39m
        [36m<div[39m
          [33mclass[39m=[32m"space-y-3"[39m
        [36m>[39m
          [36m<div[39m
            [33mclass[39m=[32m"flex items-center gap-2"[39m
          [36m>[39m
            [36m<svg[39m
              [33maria-hidden[39m=[32m"true"[39m
              [33mclass[39m=[32m"lucide lucide-loader-circle w-4 h-4 animate-spin text-blue-500"[39m
              [33mfill[39m=[32m"none"[39m
              [33mheight[39m=[32m"24"[39m
              [33mstroke[39m=[32m"currentColor"[39m
              [33mstroke-linecap[39m=[32m"round"[39m
              [33mstroke-linejoin[39m=[32m"round"[39m
              [33mstroke-width[39m=[32m"2"[39m
              [33mviewBox[39m=[32m"0 0 24 24"[39m
              [33mwidth[39m=[32m"24"[39m
              [33mxmlns[39m=[32m"http://www.w3.org/2000/svg"[39m
            [36m>[39m
              [36m<path[39m
                [33md[39m=[32m"M21 12a9 9 0 1 1-6.219-8.56"[39m
              [36m/>[39m
            [36m</svg>[39m
            [36m<h3[39m
              [33mclass[39m=[32m"font-semibold"[39m
            [36m>[39m
              [0mLoading Petstore API[0m
            [36m</h3>[39m
          [36m</div>[39m
          [36m<p[39m
            [33mclass[39m=[32m"text-sm text-muted-foreground"[39m
          [36m>[39m
            [0mUploading sample OpenAPI specification...[0m
          [36m</p>[39m
        [36m</div>[39m
        [36m<div[39m
          [33mclass[39m=[32m"flex gap-3"[39m
        [36m>[39m
          [36m<button[39m
            [33mclass[39m=[32m"inline-flex items-center justify-center gap-2 whitespace-nowrap text-sm font-medium transition-colors focus-visible:outline-none focus-visible:ring-1 focus-visible:ring-ring disabled:pointer-events-none disabled:opacity-50 [&_svg]:pointer-events-none [&_svg]:size-4 [&_svg]:shrink-0 border border-input bg-background shadow-sm hover:bg-accent hover:text-accent-foreground h-10 rounded-md px-8 flex-1"[39m
          [36m>[39m
            [36m<svg[39m
              [33maria-hidden[39m=[32m"true"[39m
              [33mclass[39m=[32m"lucide lucide-x w-4 h-4 mr-2"[39m
              [33mfill[39m=[32m"none"[39m
              [33mheight[39m=[32m"24"[39m
              [33mstroke[39m=[32m"currentColor"[39m
              [33mstroke-linecap[39m=[32m"round"[39m
              [33mstroke-linejoin[39m=[32m"round"[39m
              [33mstroke-width[39m=[32m"2"[39m
              [33mviewBox[39m=[32m"0 0 24 24"[39m
              [33mwidth[39m=[32m"24"[39m
              [33mxmlns[39m=[32m"http://www.w3.org/2000/svg"[39m
            [36m>[39m
              [36m<path[39m
                [33md[39m=[32m"M18 6 6 18"[39m
              [36m/>[39m
              [36m<path[39m
                [33md[39m=[32m"m6 6 12 12"[39m
              [36m/>[39m
            [36m</svg>[39m
            [0mExit Demo[0m
          [36m</button>[39m
        [36m</div>[39m
      [36m</div>[39m
    [36m</div>[39m
  [36m</div>[39m
[36m</body>[39m

Ignored nodes: comments, script, style
[36m<html>[39m
  [36m<head />[39m
  [36m<body>[39m
    [36m<div>[39m
      [36m<div[39m
        [33mclass[39m=[32m"rounded-xl border bg-card text-card-foreground shadow w-full max-w-2xl mx-auto"[39m
      [36m>[39m
        [36m<div[39m
          [33mclass[39m=[32m"flex flex-col space-y-1.5 p-6"[39m
        [36m>[39m
          [36m<div[39m
            [33mclass[39m=[32m"flex items-start justify-between"[39m
          [36m>[39m
            [36m<div>[39m
              [36m<div[39m
                [33mclass[39m=[32m"font-semibold leading-none tracking-tight flex items-center gap-2"[39m
              [36m>[39m
                [36m<svg[39m
                  [33maria-hidden[39m=[32m"true"[39m
                  [33mclass[39m=[32m"lucide lucide-play w-5 h-5"[39m
                  [33mfill[39m=[32m"none"[39m
                  [33mheight[39m=[32m"24"[39m
                  [33mstroke[39m=[32m"currentColor"[39m
                  [33mstroke-linecap[39m=[32m"round"[39m
                  [33mstroke-linejoin[39m=[32m"round"[39m
                  [33mstroke-width[39m=[32m"2"[39m
                  [33mviewBox[39m=[32m"0 0 24 24"[39m
                  [33mwidth[39m=[32m"24"[39m
                  [33mxmlns[39m=[32m"http://www.w3.org/2000/svg"[39m
                [36m>[39m
                  [36m<path[39m
                    [33md[39m=[32m"M5 5a2 2 0 0 1 3.008-1.728l11.997 6.998a2 2 0 0 1 .003 3.458l-12 7A2 2 0 0 1 5 19z"[39m
                  [36m/>[39m
                [36m</svg>[39m
                [0mQuick Demo[0m
              [36m</div>[39m
              [36m<div[39m
                [33mclass[39m=[32m"text-sm text-muted-foreground"[39m
              [36m>[39m
                [0mAutomated walkthrough of the complete workflow ([0m
                [0m20s[0m
                [0m)[0m
              [36m</div>[39m
            [36m</div>[39m
            [36m<button[39m
              [33maria-label[39m=[32m"Exit demo"[39m
              [33mclass[39m=[32m"inline-flex items-center justify-center gap-2 whitespace-nowrap rounded-md text-sm font-medium transition-colors focus-visible:outline-none focus-visible:ring-1 focus-visible:ring-ring disabled:pointer-events-none disabled:opacity-50 [&_svg]:pointer-events-none [&_svg]:size-4 [&_svg]:shrink-0 hover:bg-accent hover:text-accent-foreground h-9 w-9"[39m
            [36m>[39m
              [36m<svg[39m
                [33maria-hidden[39m=[32m"true"[39m
                [33mclass[39m=[32m"lucide lucide-x w-4 h-4"[39m
                [33mfill[39m=[32m"none"[39m
                [33mheight[39m=[32m"24"[39m
                [33mstroke[39m=[32m"currentColor"[39m
                [33mstroke-linecap[39m=[32m"round"[39m
                [33mstroke-linejoin[39m=[32m"round"[39m
                [33mstroke-width[39m=[32m"2"[39m
                [33mviewBox[39m=[32m"0 0 24 24"[39m
                [33mwidth[39m=[32m"24"[39m
                [33mxmlns[39m=[32m"http://www.w3.org/2000/svg"[39m
              [36m>[39m
                [36m<path[39m
                  [33md[39m=[32m"M18 6 6 18"[39m
                [36m/>[39m
                [36m<path[39m
                  [33md[39m=[32m"m6 6 12 12"[39m
                [36m/>[39m
              [36m</svg>[39m
            [36m</button>[39m
          [36m</div>[39m
        [36m</div>[39m
        [36m<div[39m
          [33mclass[39m=[32m"p-6 pt-0 space-y-6"[39m
        [36m>[39m
          [36m<div[39m
            [33mclass[39m=[32m"space-y-2"[39m
          [36m>[39m
            [36m<div[39m
              [33mclass[39m=[32m"flex items-center justify-between text-sm"[39m
            [36m>[39m
              [36m<span[39m
                [33mclass[39m=[32m"text-muted-foreground"[39m
              [36m>[39m
                [0mStep [0m
                [0m1[0m
                [0m of[0m
                [0m [0m
                [0m5[0m
              [36m</span>[39m
              [36m<span[39m
                [33mclass[39m=[32m"font-medium"[39m
              [36m>[39m
                [0m7[0m
                [0m%[0m
              [36m</span>[39m
            [36m</div>[39m
            [36m<div[39m
              [33maria-valuemax[39m=[32m"100"[39m
              [33maria-valuemin[39m=[32m"0"[39m
              [33mclass[39m=[32m"relative w-full overflow-hidden rounded-full bg-secondary h-2"[39m
              [33mdata-max[39m=[32m"100"[39m
              [33mdata-state[39m=[32m"indeterminate"[39m
              [33mrole[39m=[32m"progressbar"[39m
            [36m>[39m
              [36m<div[39m
                [33mclass[39m=[32m"h-full w-full flex-1 bg-primary transition-all"[39m
                [33mdata-max[39m=[32m"100"[39m
                [33mdata-state[39m=[32m"indeterminate"[39m
                [33mstyle[39m=[32m"transform: translateX(-93.19333333333333%);"[39m
              [36m/>[39m
            [36m</div>[39m
          [36m</div>[39m
          [36m<div[39m
            [33mclass[39m=[32m"space-y-3"[39m
          [36m>[39m
            [36m<div[39m
              [33mclass[39m=[32m"flex items-center gap-2"[39m
            [36m>[39m
              [36m<svg[39m
                [33maria-hidden[39m=[32m"true"[39m
                [33mclass[39m=[32m"lucide lucide-loader-circle w-4 h-4 animate-spin text-blue-500"[39m
                [33mfill[39m=[32m"none"[39m
                [33mheight[39m=[32m"24"[39m
                [33mstroke[39m=[32m"currentColor"[39m
                [33mstroke-linecap[39m=[32m"round"[39m
                [33mstroke-linejoin[39m=[32m"round"[39m
                [33mstroke-width[39m=[32m"2"[39m
                [33mviewBox[39m=[32m"0 0 24 24"[39m
                [33mwidth[39m=[32m"24"[39m
                [33mxmlns[39m=[32m"http://www.w3.org/2000/svg"[39m
              [36m>[39m
                [36m<path[39m
                  [33md[39m=[32m"M21 12a9 9 0 1 1-6.219-8.56"[39m
                [36m/>[39m
              [36m</svg>[39m
              [36m<h3[39m
                [33mclass[39m=[32m"font-semibold"[39m
              [36m>[39m
                [0mLoading Petstore API[0m
              [36m</h3>[39m
            [36m</div>[39m
            [36m<p[39m
              [33mclass[39m=[32m"text-sm text-muted-foreground"[39m
            [36m>[39m
              [0mUploading sample OpenAPI specification...[0m
            [36m</p>[39m
          [36m</div>[39m
          [36m<div[39m
            [33mclass[39m=[32m"flex gap-3"[39m
          [36m>[39m
            [36m<button[39m
              [33mclass[39m=[32m"inline-flex items-center justify-center gap-2 whitespace-nowrap text-sm font-medium transition-colors focus-visible:outline-none focus-visible:ring-1 focus-visible:ring-ring disabled:pointer-events-none disabled:opacity-50 [&_svg]:pointer-events-none [&_svg]:size-4 [&_svg]:shrink-0 border border-input bg-background shadow-sm hover:bg-accent hover:text-accent-foreground h-10 rounded-md px-8 flex-1"[39m
            [36m>[39m
              [36m<svg[39m
                [33maria-hidden[39m=[32m"true"[39m
                [33mclass[39m=[32m"lucide lucide-x w-4 h-4 mr-2"[39m
                [33mfill[39m=[32m"none"[39m
                [33mheight[39m=[32m"24"[39m
                [33mstroke[39m=[32m"currentColor"[39m
                [33mstroke-linecap[39m=[32m"round"[39m
                [33mstroke-linejoin[39m=[32m"round"[39m
                [33mstroke-width[39m=[32m"2"[39m
                [33mviewBox[39m=[32m"0 0 24 24"[39m
                [33mwidth[39m=[32m"24"[39m
                [33mxmlns[39m=[32m"http://www.w3.org/2000/svg"[39m
              [36m>[39m
                [36m<path[39m
                  [33md[39m=[32m"M18 6 6 18"[39m
                [36m/>[39m
                [36m<path[39m
                  [33md[39m=[32m"m6 6 12 12"[39m
                [36m/>[39m
              [36m</svg>[39m
              [0mExit Demo[0m
            [36m</button>[39m
          [36m</div>[39m
        [36m</div>[39m
      [36m</div>[39m
    [36m</div>[39m
  [36m</body>[39m
[36m</html>[39m
[90m [2m❯[22m Proxy.waitForWrapper node_modules/.pnpm/@testing-library+dom@10.4.1/node_modules/@testing-library/dom/dist/wait-for.js:[2m163:27[22m[39m
[36m [2m❯[22m tests/quick-demo.test.tsx:[2m123:11[22m[39m
    [90m121| [39m
    [90m122| [39m    [90m// Wait for exit button to appear[39m
    [90m123| [39m    [35mawait[39m [34mwaitFor[39m(() [33m=>[39m {
    [90m   | [39m          [31m^[39m
    [90m124| [39m      [34mexpect[39m(
    [90m125| [39m        screen[33m.[39m[34mgetByRole[39m([32m"button"[39m[33m,[39m { name[33m:[39m [36m/Exit Demo/i[39m })

[31m[2m⎯⎯⎯⎯⎯⎯⎯⎯⎯⎯⎯⎯⎯⎯⎯⎯⎯⎯⎯⎯⎯⎯[29/33]⎯[22m[39m

[41m[1m FAIL [22m[49m tests/sdk-config-form.test.tsx[2m > [22mSdkConfigForm[2m > [22mValidation Logic[2m > [22mshould enforce 500 character limit on description - Requirements: 1.4
[31m[1mError[22m: Test timed out in 5000ms.
If this is a long-running test, pass a timeout value as the last argument or configure it globally with "testTimeout".[39m
[36m [2m❯[22m tests/sdk-config-form.test.tsx:[2m238:5[22m[39m
    [90m236| [39m    })[33m;[39m
    [90m237| [39m
    [90m238| [39m    test("should enforce 500 character limit on description - Requirem…
    [90m   | [39m    [31m^[39m
    [90m239| [39m      [35mconst[39m user [33m=[39m userEvent[33m.[39m[34msetup[39m()[33m;[39m
    [90m240| [39m      [34mrender[39m([33m<[39m[33mSdkConfigForm[39m [33monSubmit[39m[33m=[39m[33m{[39mmockOnSubmit[33m}[39m [33m/[39m[33m>[39m)[33m;[39m

[31m[2m⎯⎯⎯⎯⎯⎯⎯⎯⎯⎯⎯⎯⎯⎯⎯⎯⎯⎯⎯⎯⎯⎯[30/33]⎯[22m[39m

[41m[1m FAIL [22m[49m tests/sdk-config-form.test.tsx[2m > [22mSdkConfigForm[2m > [22mValidation Logic[2m > [22mshould display character count for description - Requirements: 1.4
[31m[1mTestingLibraryElementError[22m[39m: Unable to find an element with the text: /16\/500/. This could be because the text is broken up by multiple elements. In this case, you can provide a function for your text matcher to make your matcher more flexible.

Ignored nodes: comments, script, style
[36m<body>[39m
  [36m<div>[39m
    [36m<div[39m
      [33mclass[39m=[32m"rounded-xl border bg-card text-card-foreground shadow"[39m
    [36m>[39m
      [36m<div[39m
        [33mclass[39m=[32m"flex flex-col space-y-1.5 p-6"[39m
      [36m>[39m
        [36m<div[39m
          [33mclass[39m=[32m"font-semibold tracking-tight text-xl sm:text-2xl"[39m
        [36m>[39m
          [0mSDK Configuration[0m
        [36m</div>[39m
      [36m</div>[39m
      [36m<div[39m
        [33mclass[39m=[32m"p-6 pt-0"[39m
      [36m>[39m
        [36m<form[39m
          [33mclass[39m=[32m"space-y-4 sm:space-y-6"[39m
        [36m>[39m
          [36m<div[39m
            [33mclass[39m=[32m"space-y-2"[39m
          [36m>[39m
            [36m<label[39m
              [33mclass[39m=[32m"text-sm font-medium leading-none peer-disabled:cursor-not-allowed peer-disabled:opacity-70"[39m
              [33mfor[39m=[32m"language"[39m
            [36m>[39m
              [0mTarget Language[0m
            [36m</label>[39m
            [36m<button[39m
              [33maria-autocomplete[39m=[32m"none"[39m
              [33maria-controls[39m=[32m"radix-_r_47_"[39m
              [33maria-expanded[39m=[32m"false"[39m
              [33mclass[39m=[32m"flex h-10 w-full items-center justify-between rounded-md border border-input bg-background px-3 py-2 text-sm ring-offset-background placeholder:text-muted-foreground focus:outline-none focus:ring-2 focus:ring-ring focus:ring-offset-2 disabled:cursor-not-allowed disabled:opacity-50 [&>span]:line-clamp-1"[39m
              [33mdata-state[39m=[32m"closed"[39m
              [33mdir[39m=[32m"ltr"[39m
              [33mid[39m=[32m"language"[39m
              [33mrole[39m=[32m"combobox"[39m
              [33mtype[39m=[32m"button"[39m
            [36m>[39m
              [36m<span[39m
                [33mstyle[39m=[32m"pointer-events: none;"[39m
              [36m>[39m
                [0mTypeScript[0m
              [36m</span>[39m
              [36m<svg[39m
                [33maria-hidden[39m=[32m"true"[39m
                [33mclass[39m=[32m"lucide lucide-chevron-down h-4 w-4 opacity-50"[39m
                [33mfill[39m=[32m"none"[39m
                [33mheight[39m=[32m"24"[39m
                [33mstroke[39m=[32m"currentColor"[39m
                [33mstroke-linecap[39m=[32m"round"[39m
                [33mstroke-linejoin[39m=[32m"round"[39m
                [33mstroke-width[39m=[32m"2"[39m
                [33mviewBox[39m=[32m"0 0 24 24"[39m
                [33mwidth[39m=[32m"24"[39m
                [33mxmlns[39m=[32m"http://www.w3.org/2000/svg"[39m
              [36m>[39m
                [36m<path[39m
                  [33md[39m=[32m"m6 9 6 6 6-6"[39m
                [36m/>[39m
              [36m</svg>[39m
            [36m</button>[39m
            [36m<select[39m
              [33maria-hidden[39m=[32m"true"[39m
              [33mstyle[39m=[32m"position: absolute; border: 0px; width: 1px; height: 1px; padding: 0px; margin: -1px; overflow: hidden; clip: rect(0, 0, 0, 0); white-space: nowrap; word-wrap: normal;"[39m
              [33mtabindex[39m=[32m"-1"[39m
            [36m>[39m
              [36m<option[39m
                [33mvalue[39m=[32m"typescript"[39m
              [36m>[39m
                [0mTypeScript[0m
              [36m</option>[39m
              [36m<option[39m
                [33mdisabled[39m=[32m""[39m
                [33mvalue[39m=[32m"python"[39m
              [36m>[39m
                [0mPython (Coming soon)[0m
              [36m</option>[39m
              [36m<option[39m
                [33mdisabled[39m=[32m""[39m
                [33mvalue[39m=[32m"go"[39m
              [36m>[39m
                [0mGo (Coming soon)[0m
              [36m</option>[39m
              [36m<option[39m
                [33mdisabled[39m=[32m""[39m
                [33mvalue[39m=[32m"java"[39m
              [36m>[39m
                [0mJava (Coming soon)[0m
              [36m</option>[39m
            [36m</select>[39m
            [36m<p[39m
              [33mclass[39m=[32m"text-xs text-muted-foreground"[39m
            [36m>[39m
              [0mAdditional languages will be available soon[0m
            [36m</p>[39m
          [36m</div>[39m
          [36m<div[39m
            [33mclass[39m=[32m"space-y-2"[39m
          [36m>[39m
            [36m<div[39m
              [33mclass[39m=[32m"flex items-center gap-2"[39m
            [36m>[39m
              [36m<label[39m
                [33mclass[39m=[32m"text-sm font-medium leading-none peer-disabled:cursor-not-allowed peer-disabled:opacity-70"[39m
                [33mfor[39m=[32m"packageName"[39m
              [36m>[39m
                [0mPackage Name [0m
                [36m<span[39m
                  [33mclass[39m=[32m"text-destructive"[39m
                [36m>[39m
                  [0m*[0m
                [36m</span>[39m
              [36m</label>[39m
              [36m<button[39m
                [33mclass[39m=[32m"inline-flex"[39m
                [33mdata-state[39m=[32m"closed"[39m
                [33mtype[39m=[32m"button"[39m
              [36m>[39m
                [36m<svg[39m
                  [33maria-hidden[39m=[32m"true"[39m
                  [33maria-label[39m=[32m"Package name information"[39m
                  [33mclass[39m=[32m"iconify iconify--lucide w-4 h-4 text-muted-foreground hover:text-foreground transition-colors"[39m
                  [33mheight[39m=[32m"1em"[39m
                  [33mrole[39m=[32m"img"[39m
                  [33mviewBox[39m=[32m"0 0 24 24"[39m
                  [33mwidth[39m=[32m"1em"[39m
                  [33mxmlns[39m=[32m"http://www.w3.org/2000/svg"[39m
                  [33mxmlns:xlink[39m=[32m"http://www.w3.org/1999/xlink"[39m
                [36m>[39m
                  [36m<g[39m
                    [33mfill[39m=[32m"none"[39m
                    [33mstroke[39m=[32m"currentColor"[39m
                    [33mstroke-linecap[39m=[32m"round"[39m
                    [33mstroke-linejoin[39m=[32m"round"[39m
                    [33mstroke-width[39m=[32m"2"[39m
                  [36m>[39m
                    [36m<circle[39m
                      [33mcx[39m=[32m"12"[39m
                      [33mcy[39m=[32m"12"[39m
                      [33mr[39m=[32m"10"[39m
                    [36m/>[39m
                    [36m<path[39m
                      [33md[39m=[32m"M12 16v-4m0-4h.01"[39m
                    [36m/>[39m
                  [36m</g>[39m
                [36m</svg>[39m
              [36m</button>[39m
            [36m</div>[39m
            [36m<input[39m
              [33maria-des...
[90m [2m❯[22m Object.getElementError node_modules/.pnpm/@testing-library+dom@10.4.1/node_modules/@testing-library/dom/dist/config.js:[2m37:19[22m[39m
[90m [2m❯[22m node_modules/.pnpm/@testing-library+dom@10.4.1/node_modules/@testing-library/dom/dist/query-helpers.js:[2m76:38[22m[39m
[90m [2m❯[22m node_modules/.pnpm/@testing-library+dom@10.4.1/node_modules/@testing-library/dom/dist/query-helpers.js:[2m52:17[22m[39m
[90m [2m❯[22m node_modules/.pnpm/@testing-library+dom@10.4.1/node_modules/@testing-library/dom/dist/query-helpers.js:[2m95:19[22m[39m
[36m [2m❯[22m tests/sdk-config-form.test.tsx:[2m263:21[22m[39m
    [90m261| [39m      [35mawait[39m user[33m.[39m[34mtype[39m(descriptionInput[33m,[39m [32m"Test description"[39m)[33m;[39m
    [90m262| [39m
    [90m263| [39m      [34mexpect[39m(screen[33m.[39m[34mgetByText[39m([36m/16\/500/[39m))[33m.[39m[34mtoBeInTheDocument[39m()[33m;[39m
    [90m   | [39m                    [31m^[39m
    [90m264| [39m    })[33m;[39m
    [90m265| [39m  })[33m;[39m

[31m[2m⎯⎯⎯⎯⎯⎯⎯⎯⎯⎯⎯⎯⎯⎯⎯⎯⎯⎯⎯⎯⎯⎯[31/33]⎯[22m[39m

[41m[1m FAIL [22m[49m tests/sdk-config-form.test.tsx[2m > [22mSdkConfigForm[2m > [22mForm Submission[2m > [22mshould call onSubmit with valid config - Requirements: 1.5
[31m[1mAssertionError[22m[39m: expected "vi.fn()" to be called with arguments: [ { language: 'typescript', …(4) } ][90m

Number of calls: [1m0[22m
[39m

Ignored nodes: comments, script, style
[36m<html>[39m
  [36m<head />[39m
  [36m<body>[39m
    [36m<div>[39m
      [36m<div[39m
        [33mclass[39m=[32m"rounded-xl border bg-card text-card-foreground shadow"[39m
      [36m>[39m
        [36m<div[39m
          [33mclass[39m=[32m"flex flex-col space-y-1.5 p-6"[39m
        [36m>[39m
          [36m<div[39m
            [33mclass[39m=[32m"font-semibold tracking-tight text-xl sm:text-2xl"[39m
          [36m>[39m
            [0mSDK Configuration[0m
          [36m</div>[39m
        [36m</div>[39m
        [36m<div[39m
          [33mclass[39m=[32m"p-6 pt-0"[39m
        [36m>[39m
          [36m<form[39m
            [33mclass[39m=[32m"space-y-4 sm:space-y-6"[39m
          [36m>[39m
            [36m<div[39m
              [33mclass[39m=[32m"space-y-2"[39m
            [36m>[39m
              [36m<label[39m
                [33mclass[39m=[32m"text-sm font-medium leading-none peer-disabled:cursor-not-allowed peer-disabled:opacity-70"[39m
                [33mfor[39m=[32m"language"[39m
              [36m>[39m
                [0mTarget Language[0m
              [36m</label>[39m
              [36m<button[39m
                [33maria-autocomplete[39m=[32m"none"[39m
                [33maria-controls[39m=[32m"radix-_r_52_"[39m
                [33maria-expanded[39m=[32m"false"[39m
                [33mclass[39m=[32m"flex h-10 w-full items-center justify-between rounded-md border border-input bg-background px-3 py-2 text-sm ring-offset-background placeholder:text-muted-foreground focus:outline-none focus:ring-2 focus:ring-ring focus:ring-offset-2 disabled:cursor-not-allowed disabled:opacity-50 [&>span]:line-clamp-1"[39m
                [33mdata-state[39m=[32m"closed"[39m
                [33mdir[39m=[32m"ltr"[39m
                [33mid[39m=[32m"language"[39m
                [33mrole[39m=[32m"combobox"[39m
                [33mtype[39m=[32m"button"[39m
              [36m>[39m
                [36m<span[39m
                  [33mstyle[39m=[32m"pointer-events: none;"[39m
                [36m>[39m
                  [0mTypeScript[0m
                [36m</span>[39m
                [36m<svg[39m
                  [33maria-hidden[39m=[32m"true"[39m
                  [33mclass[39m=[32m"lucide lucide-chevron-down h-4 w-4 opacity-50"[39m
                  [33mfill[39m=[32m"none"[39m
                  [33mheight[39m=[32m"24"[39m
                  [33mstroke[39m=[32m"currentColor"[39m
                  [33mstroke-linecap[39m=[32m"round"[39m
                  [33mstroke-linejoin[39m=[32m"round"[39m
                  [33mstroke-width[39m=[32m"2"[39m
                  [33mviewBox[39m=[32m"0 0 24 24"[39m
                  [33mwidth[39m=[32m"24"[39m
                  [33mxmlns[39m=[32m"http://www.w3.org/2000/svg"[39m
                [36m>[39m
                  [36m<path[39m
                    [33md[39m=[32m"m6 9 6 6 6-6"[39m
                  [36m/>[39m
                [36m</svg>[39m
              [36m</button>[39m
              [36m<select[39m
                [33maria-hidden[39m=[32m"true"[39m
                [33mstyle[39m=[32m"position: absolute; border: 0px; width: 1px; height: 1px; padding: 0px; margin: -1px; overflow: hidden; clip: rect(0, 0, 0, 0); white-space: nowrap; word-wrap: normal;"[39m
                [33mtabindex[39m=[32m"-1"[39m
              [36m>[39m
                [36m<option[39m
                  [33mvalue[39m=[32m"typescript"[39m
                [36m>[39m
                  [0mTypeScript[0m
                [36m</option>[39m
                [36m<option[39m
                  [33mdisabled[39m=[32m""[39m
                  [33mvalue[39m=[32m"python"[39m
                [36m>[39m
                  [0mPython (Coming soon)[0m
                [36m</option>[39m
                [36m<option[39m
                  [33mdisabled[39m=[32m""[39m
                  [33mvalue[39m=[32m"go"[39m
                [36m>[39m
                  [0mGo (Coming soon)[0m
                [36m</option>[39m
                [36m<option[39m
                  [33mdisabled[39m=[32m""[39m
                  [33mvalue[39m=[32m"java"[39m
                [36m>[39m
                  [0mJava (Coming soon)[0m
                [36m</option>[39m
              [36m</select>[39m
              [36m<p[39m
                [33mclass[39m=[32m"text-xs text-muted-foreground"[39m
              [36m>[39m
                [0mAdditional languages will be available soon[0m
              [36m</p>[39m
            [36m</div>[39m
            [36m<div[39m
              [33mclass[39m=[32m"space-y-2"[39m
            [36m>[39m
              [36m<div[39m
                [33mclass[39m=[32m"flex items-center gap-2"[39m
              [36m>[39m
                [36m<label[39m
                  [33mclass[39m=[32m"text-sm font-medium leading-none peer-disabled:cursor-not-allowed peer-disabled:opacity-70"[39m
                  [33mfor[39m=[32m"packageName"[39m
                [36m>[39m
                  [0mPackage Name [0m
                  [36m<span[39m
                    [33mclass[39m=[32m"text-destructive"[39m
                  [36m>[39m
                    [0m*[0m
                  [36m</span>[39m
                [36m</label>[39m
                [36m<button[39m
                  [33mclass[39m=[32m"inline-flex"[39m
                  [33mdata-state[39m=[32m"closed"[39m
                  [33mtype[39m=[32m"button"[39m
                [36m>[39m
                  [36m<svg[39m
                    [33maria-hidden[39m=[32m"true"[39m
                    [33maria-label[39m=[32m"Package name information"[39m
                    [33mclass[39m=[32m"iconify iconify--lucide w-4 h-4 text-muted-foreground hover:text-foreground transition-colors"[39m
                    [33mheight[39m=[32m"1em"[39m
                    [33mrole[39m=[32m"img"[39m
                    [33mviewBox[39m=[32m"0 0 24 24"[39m
                    [33mwidth[39m=[32m"1em"[39m
                    [33mxmlns[39m=[32m"http://www.w3.org/2000/svg"[39m
                    [33mxmlns:xlink[39m=[32m"http://www.w3.org/1999/xlink"[39m
                  [36m>[39m
                    [36m<g[39m
                      [33mfill[39m=[32m"none"[39m
                      [33mstroke[39m=[32m"currentColor"[39m
                      [33mstroke-linecap[39m=[32m"round"[39m
                      [33mstroke-linejoin[39m=[32m"round"[39m
                      [33mstroke-width[39m=[32m"2"[39m
                    [36m>[39m
                      [36m<circle[39m
                        [33mcx[39m=[32m"12"[39m
                        [33mcy[39m=[32m"12"[39m
                        [33mr[39m=[32m"10"[39m
                      [36m/>...
[36m [2m❯[22m tests/sdk-config-form.test.tsx:[2m323:30[22m[39m
    [90m321| [39m
    [90m322| [39m      [35mawait[39m [34mwaitFor[39m(() [33m=>[39m {
    [90m323| [39m        [34mexpect[39m(mockOnSubmit)[33m.[39m[34mtoHaveBeenCalledWith[39m({
    [90m   | [39m                             [31m^[39m
    [90m324| [39m          language[33m:[39m [32m"typescript"[39m[33m,[39m
    [90m325| [39m          packageName[33m:[39m [32m"my-api-client"[39m[33m,[39m
[90m [2m❯[22m runWithExpensiveErrorDiagnosticsDisabled node_modules/.pnpm/@testing-library+dom@10.4.1/node_modules/@testing-library/dom/dist/config.js:[2m47:12[22m[39m
[90m [2m❯[22m checkCallback node_modules/.pnpm/@testing-library+dom@10.4.1/node_modules/@testing-library/dom/dist/wait-for.js:[2m124:77[22m[39m
[90m [2m❯[22m Timeout.checkRealTimersCallback node_modules/.pnpm/@testing-library+dom@10.4.1/node_modules/@testing-library/dom/dist/wait-for.js:[2m118:16[22m[39m

[31m[2m⎯⎯⎯⎯⎯⎯⎯⎯⎯⎯⎯⎯⎯⎯⎯⎯⎯⎯⎯⎯⎯⎯[32/33]⎯[22m[39m

[41m[1m FAIL [22m[49m tests/spec-selector.test.tsx[2m > [22mSpecSelector[2m > [22mdisplays 'No spec selected' when no current spec
[31m[1mTestingLibraryElementError[22m: Unable to find an element with the text: No spec selected. This could be because the text is broken up by multiple elements. In this case, you can provide a function for your text matcher to make your matcher more flexible.

Ignored nodes: comments, script, style
[36m<body>[31m
  [36m<div>[31m
    [36m<div[31m
      [33mclass[31m=[32m"w-full sm:min-w-[180px] sm:max-w-[300px]"[31m
    [36m>[31m
      [36m<button[31m
        [33maria-autocomplete[31m=[32m"none"[31m
        [33maria-controls[31m=[32m"radix-_r_4_"[31m
        [33maria-expanded[31m=[32m"false"[31m
        [33maria-label[31m=[32m"Select OpenAPI specification"[31m
        [33mclass[31m=[32m"flex w-full items-center justify-between rounded-md border px-3 py-2 ring-offset-background placeholder:text-muted-foreground focus:outline-none focus:ring-2 focus:ring-ring focus:ring-offset-2 disabled:cursor-not-allowed disabled:opacity-50 [&>span]:line-clamp-1 bg-background/50 border-border text-xs sm:text-sm h-8 sm:h-10"[31m
        [33mdata-state[31m=[32m"closed"[31m
        [33mdir[31m=[32m"ltr"[31m
        [33mrole[31m=[32m"combobox"[31m
        [33mtype[31m=[32m"button"[31m
      [36m>[31m
        [36m<span[31m
          [33mstyle[31m=[32m"pointer-events: none;"[31m
        [36m>[31m
          [36m<span[31m
            [33mclass[31m=[32m"text-muted-foreground"[31m
          [36m>[31m
            [0mNo spec[0m
          [36m</span>[31m
        [36m</span>[31m
        [36m<svg[31m
          [33maria-hidden[31m=[32m"true"[31m
          [33mclass[31m=[32m"lucide lucide-chevron-down h-4 w-4 opacity-50"[31m
          [33mfill[31m=[32m"none"[31m
          [33mheight[31m=[32m"24"[31m
          [33mstroke[31m=[32m"currentColor"[31m
          [33mstroke-linecap[31m=[32m"round"[31m
          [33mstroke-linejoin[31m=[32m"round"[31m
          [33mstroke-width[31m=[32m"2"[31m
          [33mviewBox[31m=[32m"0 0 24 24"[31m
          [33mwidth[31m=[32m"24"[31m
          [33mxmlns[31m=[32m"http://www.w3.org/2000/svg"[31m
        [36m>[31m
          [36m<path[31m
            [33md[31m=[32m"m6 9 6 6 6-6"[31m
          [36m/>[31m
        [36m</svg>[31m
      [36m</button>[31m
    [36m</div>[31m
  [36m</div>[31m
[36m</body>[31m[39m
[90m [2m❯[22m Object.getElementError node_modules/.pnpm/@testing-library+dom@10.4.1/node_modules/@testing-library/dom/dist/config.js:[2m37:19[22m[39m
[90m [2m❯[22m node_modules/.pnpm/@testing-library+dom@10.4.1/node_modules/@testing-library/dom/dist/query-helpers.js:[2m76:38[22m[39m
[90m [2m❯[22m node_modules/.pnpm/@testing-library+dom@10.4.1/node_modules/@testing-library/dom/dist/query-helpers.js:[2m52:17[22m[39m
[90m [2m❯[22m node_modules/.pnpm/@testing-library+dom@10.4.1/node_modules/@testing-library/dom/dist/query-helpers.js:[2m95:19[22m[39m
[36m [2m❯[22m tests/spec-selector.test.tsx:[2m57:19[22m[39m
    [90m 55| [39m
    [90m 56| [39m    [90m// Check that placeholder is shown[39m
    [90m 57| [39m    [34mexpect[39m(screen[33m.[39m[34mgetByText[39m([32m"No spec selected"[39m))[33m.[39m[34mtoBeDefined[39m()[33m;[39m
    [90m   | [39m                  [31m^[39m
    [90m 58| [39m  })[33m;[39m
    [90m 59| [39m})[33m;[39m

[31m[2m⎯⎯⎯⎯⎯⎯⎯⎯⎯⎯⎯⎯⎯⎯⎯⎯⎯⎯⎯⎯⎯⎯[33/33]⎯[22m[39m

[31m⎯⎯⎯⎯⎯⎯[39m[1m[41m Unhandled Errors [49m[22m[31m⎯⎯⎯⎯⎯⎯[39m
[31m[1m
Vitest caught 6 unhandled errors during the test run.
This might cause false positive tests. Resolve unhandled errors to make sure your tests are not affected.[22m[39m

[31m⎯⎯⎯⎯[39m[1m[41m Unhandled Rejection [49m[22m[31m⎯⎯⎯⎯⎯[39m
{
  NONE: 0,
  CAPTURING_PHASE: 1,
  AT_TARGET: 2,
  BUBBLING_PHASE: 3,
  constructor: 'Function<Event>',
  composed: false,
  bubbles: false,
  cancelable: false,
  defaultPrevented: false,
  eventPhase: 0,
  timeStamp: 1312.365625,
  type: 'Unhandled Rejection',
  target: 'SCRIPT',
  currentTarget: null,
  cancelBubble: false,
  composedPath: 'Function<composedPath>',
  initEvent: 'Function<initEvent>',
  preventDefault: 'Function<preventDefault>',
  stopImmediatePropagation: 'Function<stopImmediatePropagation>',
  stopPropagation: 'Function<stopPropagation>',
  VITEST_TEST_NAME: 'should display string response body',
  VITEST_TEST_PATH: '/Users/darhlilove/Documents/Production Apps/Others/splice/tests/response-viewer.test.tsx',
  stacks: []
}
[31m[2m⎯⎯⎯⎯⎯⎯⎯⎯⎯⎯⎯⎯⎯⎯⎯⎯⎯⎯⎯⎯⎯⎯⎯⎯⎯⎯⎯⎯⎯⎯[22m[39m
[31m[1mSerialized Error:[22m[39m [90m{ NONE: +0, CAPTURING_PHASE: 1, AT_TARGET: 2, BUBBLING_PHASE: 3, composed: false, bubbles: false, cancelable: false, defaultPrevented: false, eventPhase: +0, timeStamp: 1312.365625, target: 'SCRIPT', currentTarget: null, cancelBubble: false, composedPath: 'Function<composedPath>', initEvent: 'Function<initEvent>', preventDefault: 'Function<preventDefault>', stopImmediatePropagation: 'Function<stopImmediatePropagation>', stopPropagation: 'Function<stopPropagation>' }[39m
[31mThis error originated in "[1mtests/response-viewer.test.tsx[22m" test file. It doesn't mean the error was thrown inside the file itself, but while it was running.[39m
[31mThe latest test that might've caused the error is "[1mshould display string response body[22m". It might mean one of the following:
- The error was thrown, while Vitest was running this test.
- If the error occurred after the test had been completed, this was the last documented test before it was thrown.[39m

[31m⎯⎯⎯⎯[39m[1m[41m Unhandled Rejection [49m[22m[31m⎯⎯⎯⎯⎯[39m
{
  NONE: 0,
  CAPTURING_PHASE: 1,
  AT_TARGET: 2,
  BUBBLING_PHASE: 3,
  constructor: 'Function<Event>',
  composed: false,
  bubbles: false,
  cancelable: false,
  defaultPrevented: false,
  eventPhase: 0,
  timeStamp: 1312.365625,
  type: 'Unhandled Rejection',
  target: 'SCRIPT',
  currentTarget: null,
  cancelBubble: false,
  composedPath: 'Function<composedPath>',
  initEvent: 'Function<initEvent>',
  preventDefault: 'Function<preventDefault>',
  stopImmediatePropagation: 'Function<stopImmediatePropagation>',
  stopPropagation: 'Function<stopPropagation>',
  VITEST_TEST_NAME: 'should show response body section even when body is empty',
  VITEST_TEST_PATH: '/Users/darhlilove/Documents/Production Apps/Others/splice/tests/response-viewer.test.tsx',
  stacks: []
}
[31m[2m⎯⎯⎯⎯⎯⎯⎯⎯⎯⎯⎯⎯⎯⎯⎯⎯⎯⎯⎯⎯⎯⎯⎯⎯⎯⎯⎯⎯⎯⎯[22m[39m
[31m[1mSerialized Error:[22m[39m [90m{ NONE: +0, CAPTURING_PHASE: 1, AT_TARGET: 2, BUBBLING_PHASE: 3, composed: false, bubbles: false, cancelable: false, defaultPrevented: false, eventPhase: +0, timeStamp: 1312.365625, target: 'SCRIPT', currentTarget: null, cancelBubble: false, composedPath: 'Function<composedPath>', initEvent: 'Function<initEvent>', preventDefault: 'Function<preventDefault>', stopImmediatePropagation: 'Function<stopImmediatePropagation>', stopPropagation: 'Function<stopPropagation>' }[39m
[31mThis error originated in "[1mtests/response-viewer.test.tsx[22m" test file. It doesn't mean the error was thrown inside the file itself, but while it was running.[39m
[31mThe latest test that might've caused the error is "[1mshould show response body section even when body is empty[22m". It might mean one of the following:
- The error was thrown, while Vitest was running this test.
- If the error occurred after the test had been completed, this was the last documented test before it was thrown.[39m

[31m⎯⎯⎯⎯[39m[1m[41m Unhandled Rejection [49m[22m[31m⎯⎯⎯⎯⎯[39m
{
  NONE: 0,
  CAPTURING_PHASE: 1,
  AT_TARGET: 2,
  BUBBLING_PHASE: 3,
  constructor: 'Function<Event>',
  composed: false,
  bubbles: false,
  cancelable: false,
  defaultPrevented: false,
  eventPhase: 0,
  timeStamp: 1312.365625,
  type: 'Unhandled Rejection',
  target: 'SCRIPT',
  currentTarget: null,
  cancelBubble: false,
  composedPath: 'Function<composedPath>',
  initEvent: 'Function<initEvent>',
  preventDefault: 'Function<preventDefault>',
  stopImmediatePropagation: 'Function<stopImmediatePropagation>',
  stopPropagation: 'Function<stopPropagation>',
  VITEST_TEST_NAME: 'should render pretty/minify toggle for JSON responses',
  VITEST_TEST_PATH: '/Users/darhlilove/Documents/Production Apps/Others/splice/tests/response-viewer.test.tsx',
  stacks: []
}
[31m[2m⎯⎯⎯⎯⎯⎯⎯⎯⎯⎯⎯⎯⎯⎯⎯⎯⎯⎯⎯⎯⎯⎯⎯⎯⎯⎯⎯⎯⎯⎯[22m[39m
[31m[1mSerialized Error:[22m[39m [90m{ NONE: +0, CAPTURING_PHASE: 1, AT_TARGET: 2, BUBBLING_PHASE: 3, composed: false, bubbles: false, cancelable: false, defaultPrevented: false, eventPhase: +0, timeStamp: 1312.365625, target: 'SCRIPT', currentTarget: null, cancelBubble: false, composedPath: 'Function<composedPath>', initEvent: 'Function<initEvent>', preventDefault: 'Function<preventDefault>', stopImmediatePropagation: 'Function<stopImmediatePropagation>', stopPropagation: 'Function<stopPropagation>' }[39m
[31mThis error originated in "[1mtests/response-viewer.test.tsx[22m" test file. It doesn't mean the error was thrown inside the file itself, but while it was running.[39m
[31mThe latest test that might've caused the error is "[1mshould render pretty/minify toggle for JSON responses[22m". It might mean one of the following:
- The error was thrown, while Vitest was running this test.
- If the error occurred after the test had been completed, this was the last documented test before it was thrown.[39m

[31m⎯⎯⎯⎯[39m[1m[41m Unhandled Rejection [49m[22m[31m⎯⎯⎯⎯⎯[39m
{
  NONE: 0,
  CAPTURING_PHASE: 1,
  AT_TARGET: 2,
  BUBBLING_PHASE: 3,
  constructor: 'Function<Event>',
  composed: false,
  bubbles: false,
  cancelable: false,
  defaultPrevented: false,
  eventPhase: 0,
  timeStamp: 1312.365625,
  type: 'Unhandled Rejection',
  target: 'SCRIPT',
  currentTarget: null,
  cancelBubble: false,
  composedPath: 'Function<composedPath>',
  initEvent: 'Function<initEvent>',
  preventDefault: 'Function<preventDefault>',
  stopImmediatePropagation: 'Function<stopImmediatePropagation>',
  stopPropagation: 'Function<stopPropagation>',
  VITEST_TEST_NAME: undefined,
  VITEST_TEST_PATH: '/Users/darhlilove/Documents/Production Apps/Others/splice/tests/response-viewer.test.tsx',
  stacks: []
}
[31m[2m⎯⎯⎯⎯⎯⎯⎯⎯⎯⎯⎯⎯⎯⎯⎯⎯⎯⎯⎯⎯⎯⎯⎯⎯⎯⎯⎯⎯⎯⎯[22m[39m
[31m[1mSerialized Error:[22m[39m [90m{ NONE: +0, CAPTURING_PHASE: 1, AT_TARGET: 2, BUBBLING_PHASE: 3, composed: false, bubbles: false, cancelable: false, defaultPrevented: false, eventPhase: +0, timeStamp: 1312.365625, target: 'SCRIPT', currentTarget: null, cancelBubble: false, composedPath: 'Function<composedPath>', initEvent: 'Function<initEvent>', preventDefault: 'Function<preventDefault>', stopImmediatePropagation: 'Function<stopImmediatePropagation>', stopPropagation: 'Function<stopPropagation>' }[39m
[31mThis error originated in "[1mtests/response-viewer.test.tsx[22m" test file. It doesn't mean the error was thrown inside the file itself, but while it was running.[39m

[31m⎯⎯⎯⎯⎯[39m[1m[41m Uncaught Exception [49m[22m[31m⎯⎯⎯⎯⎯[39m
[31m[1mAssertionError[22m: expected [ { id: 'spec-2', …(4) }, …(1) ] to have a length of 1 but got 2[39m
[90m [2m❯[22m Proxy.<anonymous> ../../../Production%20Apps/Others/splice/node_modules/.pnpm/@vitest+expect@4.0.9/node_modules/@vitest/expect/dist/index.js:[2m1322:20[22m[39m
[90m [2m❯[22m Proxy.<anonymous> ../../../Production%20Apps/Others/splice/node_modules/.pnpm/@vitest+expect@4.0.9/node_modules/@vitest/expect/dist/index.js:[2m1090:14[22m[39m
[90m [2m❯[22m Proxy.methodWrapper ../../../Production%20Apps/Others/splice/node_modules/.pnpm/chai@6.2.1/node_modules/chai/index.js:[2m1700:25[22m[39m
[36m [2m❯[22m Timeout._onTimeout tests/recent-specs-storage.test.ts:[2m105:34[22m[39m
    [90m103| [39m        [35mconst[39m secondAccess [33m=[39m [34mgetRecentSpecs[39m()[[34m0[39m][33m.[39mlastAccessedAt[33m;[39m
    [90m104| [39m
    [90m105| [39m        [34mexpect[39m([34mgetRecentSpecs[39m())[33m.[39m[34mtoHaveLength[39m([34m1[39m)[33m;[39m
    [90m   | [39m                                 [31m^[39m
    [90m106| [39m        expect(secondAccess!.getTime()).toBeGreaterThan(firstAccess!.g…
    [90m107| [39m      }[33m,[39m [34m10[39m)[33m;[39m
[90m [2m❯[22m listOnTimeout node:internal/timers:[2m588:17[22m[39m
[90m [2m❯[22m processTimers node:internal/timers:[2m523:7[22m[39m

[31mThis error originated in "[1mtests/recent-specs-storage.test.ts[22m" test file. It doesn't mean the error was thrown inside the file itself, but while it was running.[39m

[31m⎯⎯⎯⎯⎯[39m[1m[41m Uncaught Exception [49m[22m[31m⎯⎯⎯⎯⎯[39m
[31m[1mAssertionError[22m: expected 2025-11-25T23:32:16.441Z not to be 2025-11-25T23:32:16.441Z // Object.is equality[39m
[36m [2m❯[22m Timeout._onTimeout tests/workflow-context.test.tsx:[2m428:72[22m[39m
    [90m426| [39m
    [90m427| [39m        [34mexpect[39m(result[33m.[39mcurrent[33m.[39mstate[33m.[39mrecentSpecs)[33m.[39m[34mtoHaveLength[39m([34m1[39m)[33m;[39m
    [90m428| [39m        expect(result.current.state.recentSpecs[0].lastAccessedAt).not…
    [90m   | [39m                                                                       [31m^[39m
    [90m429| [39m          firstAccessTime
    [90m430| [39m        )[33m;[39m
[90m [2m❯[22m listOnTimeout node:internal/timers:[2m588:17[22m[39m
[90m [2m❯[22m processTimers node:internal/timers:[2m523:7[22m[39m

[31mThis error originated in "[1mtests/workflow-context.test.tsx[22m" test file. It doesn't mean the error was thrown inside the file itself, but while it was running.[39m
[31m⎯⎯⎯⎯⎯⎯⎯⎯⎯⎯⎯⎯⎯⎯⎯⎯⎯⎯⎯⎯⎯⎯⎯⎯⎯⎯⎯⎯⎯⎯[39m


[2m Test Files [22m [1m[31m5 failed[39m[22m[2m | [22m[1m[32m28 passed[39m[22m[2m | [22m[33m1 skipped[39m[90m (34)[39m
[2m      Tests [22m [1m[31m33 failed[39m[22m[2m | [22m[1m[32m493 passed[39m[22m[2m | [22m[33m5 skipped[39m[90m (531)[39m
[2m     Errors [22m [1m[31m6 errors[39m[22m
[2m   Start at [22m 18:32:06
[2m   Duration [22m 34.69s[2m (transform 2.45s, setup 8.89s, collect 8.87s, tests 81.66s, environment 10.51s, prepare 433ms)[22m

 ELIFECYCLE  Test failed. See above for more details.
